<html>
<body>
<pre>
<h1>礦ision Build Log</h1>
<h2>Project:</h2>
D:\my favorite activities\比赛资料\自己的项目\UCOS\My UCOS\STM32+UCOS+多任务\USER\STM32-DEMO.uvproj
Project File Date:  11/14/2015

<h2>Output:</h2>
Build target 'LED-DEMO'
linking...
Program Size: Code=20784 RO-data=2684 RW-data=104 ZI-data=9024  
FromELF: creating hex file...
"..\Output\STM32-DEMO.axf" - 0 Error(s), 0 Warning(s).
Load "..\\Output\\STM32-DEMO.AXF" 
* JLink Info: Device "STM32F103VE" selected (512 KB flash, 64 KB RAM).
Set JLink Project File to "D:\my favorite activities\比赛资料\自己的项目\UCOS\My UCOS\STM32+UCOS+多任务\USER\JLinkSettings.ini"
 
JLink info:
------------
DLL: V4.40c, compiled Jan 24 2012 09:30:33
Firmware: J-Link ARM V8 compiled Nov 25 2013 19:20:08
Hardware: V8.00
S/N : 799713843 
Feature(s) : RDI,FlashDL,FlashBP,JFlash,GDBFULL 
 
* JLink Info: TotalIRLen = 9, IRPrint = 0x0011
* JLink Info: Found Cortex-M3 r1p1, Little endian.
* JLink Info: TPIU fitted.
* JLink Info: ETM fitted.
* JLink Info:   FPUnit: 6 code (BP) slots and 2 literal slots
ROMTableAddr = 0xE00FF003
* JLink Info: TotalIRLen = 9, IRPrint = 0x0011
* JLink Info: Found Cortex-M3 r1p1, Little endian.
* JLink Info: TPIU fitted.
* JLink Info: ETM fitted.
* JLink Info:   FPUnit: 6 code (BP) slots and 2 literal slots
* JLink Info: Found Cortex-M3 r1p1, Little endian.
* JLink Info: TPIU fitted.
* JLink Info: ETM fitted.
* JLink Info:   FPUnit: 6 code (BP) slots and 2 literal slots
 
Target info:
------------
Device: STM32F103VE
VTarget = 3.300V
State of Pins: 
TCK: 1, TDI: 0, TDO: 1, TMS: 0, TRES: 1, TRST: 1
Hardware-Breakpoints: 6
Software-Breakpoints: 8192
Watchpoints:          4
JTAG speed: 2000 kHz
 
Full Chip Erase Done.
Programming Done.
Verify OK.
* JLink Info: TotalIRLen = 9, IRPrint = 0x0011
* JLink Info: Found Cortex-M3 r1p1, Little endian.
* JLink Info: TPIU fitted.
* JLink Info: ETM fitted.
* JLink Info:   FPUnit: 6 code (BP) slots and 2 literal slots
* JLink Info: Found Cortex-M3 r1p1, Little endian.
* JLink Info: TPIU fitted.
* JLink Info: ETM fitted.
* JLink Info:   FPUnit: 6 code (BP) slots and 2 literal slots
Application running ...
