Component: ARM Compiler 5.06 update 3 (build 300) Tool: armlink [4d35c9]

==============================================================================

Section Cross References

    main.o(.text) refers to init.o(.text) for All_Init
    main.o(.text) refers to scheduler.o(.text) for Duty_Loop
    main.o(.text) refers to main.o(.data) for Init_Finish
    stm32f4xx_it.o(.text) refers to time.o(.text) for sys_time
    stm32f4xx_it.o(.text) refers to pwm_in.o(.text) for _TIM3_IRQHandler
    stm32f4xx_it.o(.text) refers to usart.o(.text) for Usart2_IRQ
    stm32f4xx_it.o(.text) refers to time.o(.data) for sysTickUptime
    scheduler.o(.text) refers to time.o(.text) for Get_Cycle_T
    scheduler.o(.text) refers to led.o(.text) for LED_Display
    scheduler.o(.text) refers to data_transfer.o(.text) for ANO_DT_Data_Exchange
    scheduler.o(.text) refers to mpu6050.o(.text) for MPU6050_Read
    scheduler.o(.text) refers to ctrl.o(.text) for CTRL_1
    scheduler.o(.text) refers to rc.o(.text) for RC_Duty
    scheduler.o(.text) refers to imu.o(.text) for IMUupdate
    scheduler.o(.text) refers to adc.o(.text) for Get_Adc
    scheduler.o(.text) refers to filter.o(.text) for Moving_Median
    scheduler.o(.text) refers to ms5611.o(.text) for MS5611_Update
    scheduler.o(.text) refers to ak8975.o(.text) for ANO_AK8975_Read
    scheduler.o(.text) refers to parameter.o(.text) for Parameter_Save
    scheduler.o(.text) refers to ultrasonic.o(.text) for Ultra_Duty
    scheduler.o(.text) refers to dht11.o(.text) for DHT11_Rst2
    scheduler.o(.text) refers to scheduler.o(.bss) for loop
    scheduler.o(.text) refers to led.o(.data) for LED_Brightness
    scheduler.o(.text) refers to pwm_in.o(.bss) for Rc_Pwm_In
    scheduler.o(.text) refers to mpu6050.o(.bss) for mpu6050
    scheduler.o(.text) refers to imu.o(.data) for Yaw
    scheduler.o(.text) refers to adc.o(.data) for deepth_adc
    scheduler.o(.text) refers to data_transfer.o(.data) for deepth_send
    scheduler.o(.text) refers to height_ctrl.o(.data) for baro_ctrl_start
    scheduler.o(.text) refers to dht11.o(.data) for humidity
    scheduler.o(.text) refers to time.o(.data) for time_1ms
    scheduler.o(.text) refers to scheduler.o(.data) for loop_cnt
    init.o(.text) refers to misc.o(.text) for NVIC_PriorityGroupConfig
    init.o(.text) refers to time.o(.text) for SysTick_Configuration
    init.o(.text) refers to i2c_soft.o(.text) for I2c_Soft_Init
    init.o(.text) refers to pwm_in.o(.text) for PWM_IN_Init
    init.o(.text) refers to pwm_out.o(.text) for PWM_Out_Init
    init.o(.text) refers to usbd_user_hid.o(.text) for Usb_Hid_Init
    init.o(.text) refers to ms5611.o(.text) for MS5611_Init
    init.o(.text) refers to mpu6050.o(.text) for MPU6050_Init
    init.o(.text) refers to led.o(.text) for LED_Init
    init.o(.text) refers to usart.o(.text) for Usart2_Init
    init.o(.text) refers to dht11.o(.text) for DHT11_Init
    init.o(.text) refers to adc.o(.text) for Adc_Init
    init.o(.text) refers to parameter.o(.text) for Para_Init
    init.o(.text) refers to ultrasonic.o(.text) for Ultrasonic_Init
    init.o(.text) refers to ak8975.o(.text) for ANO_AK8975_Run
    init.o(.text) refers to ak8975.o(.data) for ak8975_ok
    init.o(.text) refers to mpu6050.o(.data) for mpu6050_ok
    init.o(.text) refers to ms5611.o(.data) for ms5611_ok
    parameter.o(.text) refers to ff.o(.text) for f_mount
    parameter.o(.text) refers to ctrl.o(.text) for Ctrl_Para_Init
    parameter.o(.text) refers to height_ctrl.o(.text) for WZ_Speed_PID_Init
    parameter.o(.text) refers to parameter.o(.bss) for fs
    parameter.o(.text) refers to mpu6050.o(.bss) for mpu6050
    parameter.o(.text) refers to ak8975.o(.data) for ak8975
    parameter.o(.text) refers to ctrl.o(.bss) for ctrl_1
    parameter.o(.text) refers to parameter.o(.data) for flash_init_error
    parameter.o(.text) refers to data_transfer.o(.data) for flash_save_en_cnt
    parameter.o(.text) refers to rc.o(.data) for fly_ready
    ctrl.o(.text) refers to mymath.o(.text) for my_deathzoom
    ctrl.o(.text) refers to f2d.o(.text) for __aeabi_f2d
    ctrl.o(.text) refers to dmul.o(.text) for __aeabi_dmul
    ctrl.o(.text) refers to dadd.o(.text) for __aeabi_dadd
    ctrl.o(.text) refers to d2f.o(.text) for __aeabi_d2f
    ctrl.o(.text) refers to ctrl.o(.bss) for ctrl_1
    ctrl.o(.text) refers to data_transfer.o(.bss) for RX_CH
    ctrl.o(.text) refers to ctrl.o(.data) for Thr_Low
    ctrl.o(.text) refers to imu.o(.data) for Yaw
    ctrl.o(.text) refers to data_transfer.o(.data) for d3
    ctrl.o(.text) refers to rc.o(.data) for fly_ready
    ctrl.o(.text) refers to light.o(.data) for light
    ctrl.o(.text) refers to pwm_out.o(.text) for SetPwm
    ctrl.o(.text) refers to height_ctrl.o(.text) for Height_Ctrl
    ctrl.o(.text) refers to height_ctrl.o(.data) for height_ctrl_out
    ctrl.o(.text) refers to mpu6050.o(.bss) for mpu6050
    imu.o(.text) refers to mymath.o(.text) for my_sqrt
[...]
    MS5611_Get_BaroAlt                       0x08018d79   Thumb Code     6  ms5611.o(.text)
    Usart1_Init                              0x08018de5   Thumb Code   164  usart.o(.text)
    Usart2_Init                              0x08018e89   Thumb Code   230  usart.o(.text)
    Usart2_IRQ                               0x08018f6f   Thumb Code   120  usart.o(.text)
    Usart1_IRQ                               0x08018fe7   Thumb Code    54  usart.o(.text)
    Usart1_Send                              0x0801901d   Thumb Code    38  usart.o(.text)
    Usart2_Send                              0x08019043   Thumb Code    62  usart.o(.text)
    Uart5_Init                               0x08019081   Thumb Code   206  usart.o(.text)
    Uart5_IRQ                                0x0801914f   Thumb Code    94  usart.o(.text)
    Uart5_Send                               0x080191ad   Thumb Code    60  usart.o(.text)
    usbd_stm32_delay                         0x08019219   Thumb Code    40  usbd_stm32f4xx_fs.o(.text)
    USBD_IntrEna                             0x08019241   Thumb Code    26  usbd_stm32f4xx_fs.o(.text)
    USBD_Init                                0x0801925b   Thumb Code   462  usbd_stm32f4xx_fs.o(.text)
    USBD_Connect                             0x08019429   Thumb Code    62  usbd_stm32f4xx_fs.o(.text)
    USBD_SetAddress                          0x08019467   Thumb Code    24  usbd_stm32f4xx_fs.o(.text)
    USBD_Reset                               0x0801947f   Thumb Code   192  usbd_stm32f4xx_fs.o(.text)
    USBD_Suspend                             0x0801953f   Thumb Code     2  usbd_stm32f4xx_fs.o(.text)
    USBD_Resume                              0x08019541   Thumb Code     2  usbd_stm32f4xx_fs.o(.text)
    USBD_WakeUp                              0x08019543   Thumb Code    34  usbd_stm32f4xx_fs.o(.text)
    USBD_WakeUpCfg                           0x08019565   Thumb Code     2  usbd_stm32f4xx_fs.o(.text)
    USBD_Configure                           0x080195a3   Thumb Code    14  usbd_stm32f4xx_fs.o(.text)
    USBD_ConfigEP                            0x080195b1   Thumb Code   250  usbd_stm32f4xx_fs.o(.text)
    USBD_DirCtrlEP                           0x080196ab   Thumb Code     2  usbd_stm32f4xx_fs.o(.text)
    USBD_EnableEP                            0x080196ad   Thumb Code   200  usbd_stm32f4xx_fs.o(.text)
    USBD_DisableEP                           0x08019775   Thumb Code   418  usbd_stm32f4xx_fs.o(.text)
    USBD_GetFrame                            0x08019917   Thumb Code    12  usbd_stm32f4xx_fs.o(.text)
    USBD_ResetEP                             0x08019923   Thumb Code   206  usbd_stm32f4xx_fs.o(.text)
    USBD_SetStallEP                          0x080199f1   Thumb Code   268  usbd_stm32f4xx_fs.o(.text)
    USBD_ClrStallEP                          0x08019afd   Thumb Code   186  usbd_stm32f4xx_fs.o(.text)
    USBD_ClearEPBuf                          0x08019bb7   Thumb Code    70  usbd_stm32f4xx_fs.o(.text)
    USBD_ReadEP                              0x08019bfd   Thumb Code   200  usbd_stm32f4xx_fs.o(.text)
    USBD_WriteEP                             0x08019cc5   Thumb Code   368  usbd_stm32f4xx_fs.o(.text)
    OTG_FS_IRQHandler                        0x08019e35   Thumb Code  1660  usbd_stm32f4xx_fs.o(.text)
    Flash_Init                               0x0801a59d   Thumb Code   370  drv_w25qxx.o(.text)
    Flash_SectorErase                        0x0801a77d   Thumb Code    66  drv_w25qxx.o(.text)
    Flash_PageWrite                          0x0801a7bf   Thumb Code    84  drv_w25qxx.o(.text)
    Flash_PageRead                           0x0801a813   Thumb Code    78  drv_w25qxx.o(.text)
    Flash_SectorsRead                        0x0801a861   Thumb Code    52  drv_w25qxx.o(.text)
    Flash_SectorsWrite                       0x0801a895   Thumb Code   118  drv_w25qxx.o(.text)
    Flash_GetInfo                            0x0801a90b   Thumb Code     4  drv_w25qxx.o(.text)
    Ultrasonic_Init                          0x0801a915   Thumb Code    12  ultrasonic.o(.text)
    Ultra_Duty                               0x0801a921   Thumb Code    56  ultrasonic.o(.text)
    Ultra_Get                                0x0801a959   Thumb Code    78  ultrasonic.o(.text)
    DHT11_Rst                                0x0801a9c5   Thumb Code    52  dht11.o(.text)
    DHT11_Rst2                               0x0801a9f9   Thumb Code    66  dht11.o(.text)
    DHT11_Check                              0x0801aa3b   Thumb Code    92  dht11.o(.text)
    DHT11_Read_Bit                           0x0801aa97   Thumb Code    76  dht11.o(.text)
    DHT11_Read_Bit2                          0x0801aae3   Thumb Code   102  dht11.o(.text)
    DHT11_Read_Byte                          0x0801ab49   Thumb Code    30  dht11.o(.text)
    DHT11_Read_Data                          0x0801ab67   Thumb Code   102  dht11.o(.text)
    DHT11_Init                               0x0801abcd   Thumb Code    58  dht11.o(.text)
    Adc_Init                                 0x0801ac21   Thumb Code    94  adc.o(.text)
    Get_Adc                                  0x0801ac7f   Thumb Code    44  adc.o(.text)
    Get_Adc_Average                          0x0801acab   Thumb Code    46  adc.o(.text)
    NVIC_PriorityGroupConfig                 0x0801ace1   Thumb Code    54  misc.o(.text)
    NVIC_Init                                0x0801ad17   Thumb Code   164  misc.o(.text)
    NVIC_SetVectorTable                      0x0801adbb   Thumb Code    60  misc.o(.text)
    NVIC_SystemLPConfig                      0x0801adf7   Thumb Code    78  misc.o(.text)
    SysTick_CLKSourceConfig                  0x0801ae45   Thumb Code    62  misc.o(.text)
    ADC_DeInit                               0x0801aecd   Thumb Code    22  stm32f4xx_adc.o(.text)
    ADC_Init                                 0x0801aee3   Thumb Code   402  stm32f4xx_adc.o(.text)
    ADC_StructInit                           0x0801b075   Thumb Code    20  stm32f4xx_adc.o(.text)
    ADC_CommonInit                           0x0801b089   Thumb Code   342  stm32f4xx_adc.o(.text)
    ADC_CommonStructInit                     0x0801b1df   Thumb Code    12  stm32f4xx_adc.o(.text)
    ADC_Cmd                                  0x0801b1eb   Thumb Code    76  stm32f4xx_adc.o(.text)
    ADC_AnalogWatchdogCmd                    0x0801b237   Thumb Code   102  stm32f4xx_adc.o(.text)
    ADC_AnalogWatchdogThresholdsConfig       0x0801b29d   Thumb Code   186  stm32f4xx_adc.o(.text)
    ADC_AnalogWatchdogSingleChannelConfig    0x0801b357   Thumb Code   140  stm32f4xx_adc.o(.text)
    ADC_TempSensorVrefintCmd                 0x0801b3e3   Thumb Code    58  stm32f4xx_adc.o(.text)
    ADC_VBATCmd                              0x0801b41d   Thumb Code    58  stm32f4xx_adc.o(.text)
    ADC_RegularChannelConfig                 0x0801b457   Thumb Code   416  stm32f4xx_adc.o(.text)
    ADC_SoftwareStartConv                    0x0801b5f7   Thumb Code    46  stm32f4xx_adc.o(.text)
    ADC_GetSoftwareStartConvStatus           0x0801b625   Thumb Code    56  stm32f4xx_adc.o(.text)
    ADC_EOCOnEachRegularChannelCmd           0x0801b65d   Thumb Code    80  stm32f4xx_adc.o(.text)
    ADC_ContinuousModeCmd                    0x0801b6ad   Thumb Code    80  stm32f4xx_adc.o(.text)
    ADC_DiscModeChannelCountConfig           0x0801b6fd   Thumb Code   100  stm32f4xx_adc.o(.text)
    ADC_DiscModeCmd                          0x0801b761   Thumb Code    80  stm32f4xx_adc.o(.text)
    ADC_GetConversionValue                   0x0801b7b1   Thumb Code    42  stm32f4xx_adc.o(.text)
    ADC_GetMultiModeConversionValue          0x0801b7db   Thumb Code     6  stm32f4xx_adc.o(.text)
    ADC_DMACmd                               0x0801b7e1   Thumb Code    80  stm32f4xx_adc.o(.text)
    ADC_DMARequestAfterLastTransferCmd       0x0801b831   Thumb Code    80  stm32f4xx_adc.o(.text)
    ADC_MultiModeDMARequestAfterLastTransferCmd 0x0801b881   Thumb Code    62  stm32f4xx_adc.o(.text)
    ADC_InjectedChannelConfig                0x0801b8bf   Thumb Code   340  stm32f4xx_adc.o(.text)
    ADC_InjectedSequencerLengthConfig        0x0801ba13   Thumb Code    84  stm32f4xx_adc.o(.text)
    ADC_SetInjectedOffset                    0x0801ba67   Thumb Code   108  stm32f4xx_adc.o(.text)
    ADC_ExternalTrigInjectedConvConfig       0x0801bad3   Thumb Code   174  stm32f4xx_adc.o(.text)
    ADC_ExternalTrigInjectedConvEdgeConfig   0x0801bb81   Thumb Code    86  stm32f4xx_adc.o(.text)
    ADC_SoftwareStartInjectedConv            0x0801bbd7   Thumb Code    46  stm32f4xx_adc.o(.text)
    ADC_GetSoftwareStartInjectedConvCmdStatus 0x0801bc05   Thumb Code    56  stm32f4xx_adc.o(.text)
    ADC_AutoInjectedConvCmd                  0x0801bc3d   Thumb Code    80  stm32f4xx_adc.o(.text)
    ADC_InjectedDiscModeCmd                  0x0801bc8d   Thumb Code    80  stm32f4xx_adc.o(.text)
    ADC_GetInjectedConversionValue           0x0801bcdd   Thumb Code    92  stm32f4xx_adc.o(.text)
    ADC_ITConfig                             0x0801bd39   Thumb Code   136  stm32f4xx_adc.o(.text)
    ADC_GetFlagStatus                        0x0801bdc1   Thumb Code    94  stm32f4xx_adc.o(.text)
    ADC_ClearFlag                            0x0801be1f   Thumb Code    66  stm32f4xx_adc.o(.text)
    ADC_GetITStatus                          0x0801be61   Thumb Code   126  stm32f4xx_adc.o(.text)
    ADC_ClearITPendingBit                    0x0801bedf   Thumb Code    92  stm32f4xx_adc.o(.text)
    GPIO_DeInit                              0x0801bf49   Thumb Code   284  stm32f4xx_gpio.o(.text)
    GPIO_Init                                0x0801c065   Thumb Code   342  stm32f4xx_gpio.o(.text)
    GPIO_StructInit                          0x0801c1bb   Thumb Code    18  stm32f4xx_gpio.o(.text)
    GPIO_PinLockConfig                       0x0801c1cd   Thumb Code   122  stm32f4xx_gpio.o(.text)
    GPIO_ReadInputDataBit                    0x0801c247   Thumb Code   182  stm32f4xx_gpio.o(.text)
    GPIO_ReadInputData                       0x0801c2fd   Thumb Code   174  stm32f4xx_gpio.o(.text)
    GPIO_ReadOutputDataBit                   0x0801c3ab   Thumb Code   186  stm32f4xx_gpio.o(.text)
    GPIO_ReadOutputData                      0x0801c465   Thumb Code    78  stm32f4xx_gpio.o(.text)
    GPIO_SetBits                             0x0801c4b3   Thumb Code    98  stm32f4xx_gpio.o(.text)
    GPIO_ResetBits                           0x0801c515   Thumb Code    98  stm32f4xx_gpio.o(.text)
    GPIO_WriteBit                            0x0801c577   Thumb Code   200  stm32f4xx_gpio.o(.text)
    GPIO_Write                               0x0801c63f   Thumb Code    78  stm32f4xx_gpio.o(.text)
    GPIO_ToggleBits                          0x0801c68d   Thumb Code    82  stm32f4xx_gpio.o(.text)
    GPIO_PinAFConfig                         0x0801c6df   Thumb Code   384  stm32f4xx_gpio.o(.text)
    RCC_DeInit                               0x0801c861   Thumb Code    60  stm32f4xx_rcc.o(.text)
    RCC_HSEConfig                            0x0801c89d   Thumb Code    38  stm32f4xx_rcc.o(.text)
    RCC_GetFlagStatus                        0x0801c8c3   Thumb Code   130  stm32f4xx_rcc.o(.text)
    RCC_WaitForHSEStartUp                    0x0801c945   Thumb Code    56  stm32f4xx_rcc.o(.text)
    RCC_AdjustHSICalibrationValue            0x0801c97d   Thumb Code    38  stm32f4xx_rcc.o(.text)
    RCC_HSICmd                               0x0801c9a3   Thumb Code    28  stm32f4xx_rcc.o(.text)
    RCC_LSEConfig                            0x0801c9bf   Thumb Code    72  stm32f4xx_rcc.o(.text)
    RCC_LSICmd                               0x0801ca07   Thumb Code    28  stm32f4xx_rcc.o(.text)
    RCC_PLLConfig                            0x0801ca23   Thumb Code   156  stm32f4xx_rcc.o(.text)
    RCC_PLLCmd                               0x0801cabf   Thumb Code    28  stm32f4xx_rcc.o(.text)
    RCC_PLLI2SConfig                         0x0801cadb   Thumb Code    62  stm32f4xx_rcc.o(.text)
    RCC_PLLI2SCmd                            0x0801cb19   Thumb Code    28  stm32f4xx_rcc.o(.text)
    RCC_ClockSecuritySystemCmd               0x0801cb35   Thumb Code    28  stm32f4xx_rcc.o(.text)
    RCC_MCO1Config                           0x0801cb51   Thumb Code   102  stm32f4xx_rcc.o(.text)
    RCC_MCO2Config                           0x0801cbb7   Thumb Code   102  stm32f4xx_rcc.o(.text)
    RCC_SYSCLKConfig                         0x0801cc1d   Thumb Code   124  stm32f4xx_rcc.o(.text)
    RCC_GetSYSCLKSource                      0x0801cc99   Thumb Code    10  stm32f4xx_rcc.o(.text)
    RCC_HCLKConfig                           0x0801cca3   Thumb Code    68  stm32f4xx_rcc.o(.text)
    RCC_PCLK1Config                          0x0801cce7   Thumb Code    60  stm32f4xx_rcc.o(.text)
    RCC_PCLK2Config                          0x0801cd23   Thumb Code    62  stm32f4xx_rcc.o(.text)
    RCC_GetClocksFreq                        0x0801cd61   Thumb Code   214  stm32f4xx_rcc.o(.text)
    RCC_RTCCLKConfig                         0x0801ce37   Thumb Code   262  stm32f4xx_rcc.o(.text)
    RCC_RTCCLKCmd                            0x0801cf3d   Thumb Code    30  stm32f4xx_rcc.o(.text)
    RCC_BackupResetCmd                       0x0801cf5b   Thumb Code    32  stm32f4xx_rcc.o(.text)
    RCC_I2SCLKConfig                         0x0801cf7b   Thumb Code    30  stm32f4xx_rcc.o(.text)
    RCC_AHB1PeriphClockCmd                   0x0801cf99   Thumb Code    82  stm32f4xx_rcc.o(.text)
    RCC_AHB2PeriphClockCmd                   0x0801cfeb   Thumb Code    82  stm32f4xx_rcc.o(.text)
    RCC_AHB3PeriphClockCmd                   0x0801d03d   Thumb Code   232  stm32f4xx_rcc.o(.text)
    RCC_APB1PeriphClockCmd                   0x0801d125   Thumb Code    82  stm32f4xx_rcc.o(.text)
    RCC_APB2PeriphClockCmd                   0x0801d177   Thumb Code    82  stm32f4xx_rcc.o(.text)
    RCC_AHB1PeriphResetCmd                   0x0801d1c9   Thumb Code    82  stm32f4xx_rcc.o(.text)
    RCC_AHB2PeriphResetCmd                   0x0801d21b   Thumb Code    82  stm32f4xx_rcc.o(.text)
    RCC_AHB3PeriphResetCmd                   0x0801d26d   Thumb Code    82  stm32f4xx_rcc.o(.text)
    RCC_APB1PeriphResetCmd                   0x0801d2bf   Thumb Code    82  stm32f4xx_rcc.o(.text)
    RCC_APB2PeriphResetCmd                   0x0801d311   Thumb Code    82  stm32f4xx_rcc.o(.text)
    RCC_AHB1PeriphClockLPModeCmd             0x0801d363   Thumb Code    82  stm32f4xx_rcc.o(.text)
    RCC_AHB2PeriphClockLPModeCmd             0x0801d3b5   Thumb Code    82  stm32f4xx_rcc.o(.text)
    RCC_AHB3PeriphClockLPModeCmd             0x0801d407   Thumb Code    82  stm32f4xx_rcc.o(.text)
    RCC_APB1PeriphClockLPModeCmd             0x0801d459   Thumb Code    82  stm32f4xx_rcc.o(.text)
    RCC_APB2PeriphClockLPModeCmd             0x0801d4ab   Thumb Code   106  stm32f4xx_rcc.o(.text)
    RCC_ITConfig                             0x0801d515   Thumb Code    74  stm32f4xx_rcc.o(.text)
    RCC_ClearFlag                            0x0801d55f   Thumb Code    18  stm32f4xx_rcc.o(.text)
    RCC_GetITStatus                          0x0801d571   Thumb Code    68  stm32f4xx_rcc.o(.text)
    RCC_ClearITPendingBit                    0x0801d5b5   Thumb Code    34  stm32f4xx_rcc.o(.text)
    SPI_I2S_DeInit                           0x0801d5dd   Thumb Code   104  stm32f4xx_spi.o(.text)
    SPI_Init                                 0x0801d645   Thumb Code   348  stm32f4xx_spi.o(.text)
    I2S_Init                                 0x0801d7a1   Thumb Code   508  stm32f4xx_spi.o(.text)
    SPI_StructInit                           0x0801d99d   Thumb Code    24  stm32f4xx_spi.o(.text)
    I2S_StructInit                           0x0801d9b5   Thumb Code   104  stm32f4xx_spi.o(.text)
    SPI_Cmd                                  0x0801da1d   Thumb Code    82  stm32f4xx_spi.o(.text)
    I2S_Cmd                                  0x0801da6f   Thumb Code    88  stm32f4xx_spi.o(.text)
    SPI_DataSizeConfig                       0x0801dac7   Thumb Code    78  stm32f4xx_spi.o(.text)
    SPI_BiDirectionalLineConfig              0x0801db15   Thumb Code    94  stm32f4xx_spi.o(.text)
    SPI_NSSInternalSoftwareConfig            0x0801db73   Thumb Code    96  stm32f4xx_spi.o(.text)
    SPI_SSOutputCmd                          0x0801dbd3   Thumb Code    82  stm32f4xx_spi.o(.text)
    SPI_TIModeCmd                            0x0801dc25   Thumb Code    82  stm32f4xx_spi.o(.text)
    I2S_FullDuplexConfig                     0x0801dc77   Thumb Code   258  stm32f4xx_spi.o(.text)
    SPI_I2S_ReceiveData                      0x0801dd79   Thumb Code    52  stm32f4xx_spi.o(.text)
    SPI_I2S_SendData                         0x0801ddad   Thumb Code    54  stm32f4xx_spi.o(.text)
    SPI_CalculateCRC                         0x0801dde3   Thumb Code    98  stm32f4xx_spi.o(.text)
    SPI_TransmitCRC                          0x0801de45   Thumb Code    46  stm32f4xx_spi.o(.text)
    SPI_GetCRC                               0x0801de73   Thumb Code    74  stm32f4xx_spi.o(.text)
    SPI_GetCRCPolynomial                     0x0801debd   Thumb Code    40  stm32f4xx_spi.o(.text)
    SPI_I2S_DMACmd                           0x0801dee5   Thumb Code   114  stm32f4xx_spi.o(.text)
    SPI_I2S_ITConfig                         0x0801df57   Thumb Code   138  stm32f4xx_spi.o(.text)
    SPI_I2S_GetFlagStatus                    0x0801dfe1   Thumb Code   120  stm32f4xx_spi.o(.text)
    SPI_I2S_ClearFlag                        0x0801e059   Thumb Code    74  stm32f4xx_spi.o(.text)
    SPI_I2S_GetITStatus                      0x0801e0a3   Thumb Code   154  stm32f4xx_spi.o(.text)
    SPI_I2S_ClearITPendingBit                0x0801e13d   Thumb Code    86  stm32f4xx_spi.o(.text)
    TIM_DeInit                               0x0801e1a5   Thumb Code   440  stm32f4xx_tim.o(.text)
    TIM_TimeBaseInit                         0x0801e35d   Thumb Code   278  stm32f4xx_tim.o(.text)
    TIM_TimeBaseStructInit                   0x0801e473   Thumb Code    18  stm32f4xx_tim.o(.text)
    TIM_PrescalerConfig                      0x0801e485   Thumb Code   128  stm32f4xx_tim.o(.text)
    TIM_CounterModeConfig                    0x0801e505   Thumb Code   100  stm32f4xx_tim.o(.text)
    TIM_SetCounter                           0x0801e569   Thumb Code   222  stm32f4xx_tim.o(.text)
    TIM_SetAutoreload                        0x0801e647   Thumb Code   108  stm32f4xx_tim.o(.text)
    TIM_GetCounter                           0x0801e6b3   Thumb Code   106  stm32f4xx_tim.o(.text)
    TIM_GetPrescaler                         0x0801e71d   Thumb Code   106  stm32f4xx_tim.o(.text)
    TIM_UpdateDisableConfig                  0x0801e787   Thumb Code   148  stm32f4xx_tim.o(.text)
    TIM_UpdateRequestConfig                  0x0801e81b   Thumb Code   148  stm32f4xx_tim.o(.text)
    TIM_ARRPreloadConfig                     0x0801e8af   Thumb Code   148  stm32f4xx_tim.o(.text)
    TIM_SelectOnePulseMode                   0x0801e943   Thumb Code   142  stm32f4xx_tim.o(.text)
    TIM_SetClockDivision                     0x0801e9d1   Thumb Code   192  stm32f4xx_tim.o(.text)
    TIM_Cmd                                  0x0801ea91   Thumb Code   148  stm32f4xx_tim.o(.text)
    TIM_OC1Init                              0x0801eb25   Thumb Code   416  stm32f4xx_tim.o(.text)
    TIM_OC2Init                              0x0801ecc5   Thumb Code   486  stm32f4xx_tim.o(.text)
    TIM_OC3Init                              0x0801eeab   Thumb Code   416  stm32f4xx_tim.o(.text)
    TIM_OC4Init                              0x0801f04b   Thumb Code   300  stm32f4xx_tim.o(.text)
    TIM_OCStructInit                         0x0801f177   Thumb Code    20  stm32f4xx_tim.o(.text)
    TIM_SelectOCxM                           0x0801f18b   Thumb Code   256  stm32f4xx_tim.o(.text)
    TIM_SetCompare1                          0x0801f28b   Thumb Code   142  stm32f4xx_tim.o(.text)
    TIM_SetCompare2                          0x0801f319   Thumb Code    72  stm32f4xx_tim.o(.text)
    TIM_SetCompare3                          0x0801f361   Thumb Code    60  stm32f4xx_tim.o(.text)
    TIM_SetCompare4                          0x0801f39d   Thumb Code    60  stm32f4xx_tim.o(.text)
    TIM_ForcedOC1Config                      0x0801f3d9   Thumb Code   130  stm32f4xx_tim.o(.text)
    TIM_ForcedOC2Config                      0x0801f45b   Thumb Code   114  stm32f4xx_tim.o(.text)
    TIM_ForcedOC3Config                      0x0801f4cd   Thumb Code    94  stm32f4xx_tim.o(.text)
    TIM_ForcedOC4Config                      0x0801f52b   Thumb Code   102  stm32f4xx_tim.o(.text)
    TIM_OC1PreloadConfig                     0x0801f591   Thumb Code   124  stm32f4xx_tim.o(.text)
    TIM_OC2PreloadConfig                     0x0801f60d   Thumb Code   108  stm32f4xx_tim.o(.text)
    TIM_OC3PreloadConfig                     0x0801f679   Thumb Code   136  stm32f4xx_tim.o(.text)
    TIM_OC4PreloadConfig                     0x0801f701   Thumb Code    96  stm32f4xx_tim.o(.text)
    TIM_OC1FastConfig                        0x0801f761   Thumb Code   124  stm32f4xx_tim.o(.text)
    TIM_OC2FastConfig                        0x0801f7dd   Thumb Code   108  stm32f4xx_tim.o(.text)
    TIM_OC3FastConfig                        0x0801f849   Thumb Code    88  stm32f4xx_tim.o(.text)
    TIM_OC4FastConfig                        0x0801f8a1   Thumb Code    96  stm32f4xx_tim.o(.text)
    TIM_ClearOC1Ref                          0x0801f901   Thumb Code   124  stm32f4xx_tim.o(.text)
    TIM_ClearOC2Ref                          0x0801f97d   Thumb Code   106  stm32f4xx_tim.o(.text)
    TIM_ClearOC3Ref                          0x0801f9e7   Thumb Code    88  stm32f4xx_tim.o(.text)
    TIM_ClearOC4Ref                          0x0801fa3f   Thumb Code    94  stm32f4xx_tim.o(.text)
    TIM_OC1PolarityConfig                    0x0801fa9d   Thumb Code   174  stm32f4xx_tim.o(.text)
    TIM_OC1NPolarityConfig                   0x0801fb4b   Thumb Code    64  stm32f4xx_tim.o(.text)
    TIM_OC2PolarityConfig                    0x0801fb8b   Thumb Code   108  stm32f4xx_tim.o(.text)
    TIM_OC2NPolarityConfig                   0x0801fbf7   Thumb Code    72  stm32f4xx_tim.o(.text)
    TIM_OC3PolarityConfig                    0x0801fc3f   Thumb Code    96  stm32f4xx_tim.o(.text)
    TIM_OC3NPolarityConfig                   0x0801fc9f   Thumb Code    72  stm32f4xx_tim.o(.text)
    TIM_OC4PolarityConfig                    0x0801fce7   Thumb Code    96  stm32f4xx_tim.o(.text)
    TIM_CCxCmd                               0x0801fd47   Thumb Code   168  stm32f4xx_tim.o(.text)
    TIM_CCxNCmd                              0x0801fdef   Thumb Code   104  stm32f4xx_tim.o(.text)
    TIM_SetIC4Prescaler                      0x0801fe57   Thumb Code   106  stm32f4xx_tim.o(.text)
    TIM_SetIC3Prescaler                      0x0801ff41   Thumb Code    98  stm32f4xx_tim.o(.text)
    TIM_SetIC2Prescaler                      0x0801ffeb   Thumb Code   118  stm32f4xx_tim.o(.text)
    TIM_SetIC1Prescaler                      0x080200b1   Thumb Code   134  stm32f4xx_tim.o(.text)
    TIM_ICInit                               0x08020171   Thumb Code   508  stm32f4xx_tim.o(.text)
    TIM_ICStructInit                         0x0802036d   Thumb Code    18  stm32f4xx_tim.o(.text)
    TIM_PWMIConfig                           0x0802037f   Thumb Code   184  stm32f4xx_tim.o(.text)
    TIM_GetCapture1                          0x08020437   Thumb Code    92  stm32f4xx_tim.o(.text)
    TIM_GetCapture2                          0x08020493   Thumb Code    68  stm32f4xx_tim.o(.text)
    TIM_GetCapture3                          0x080204d7   Thumb Code    56  stm32f4xx_tim.o(.text)
    TIM_GetCapture4                          0x0802050f   Thumb Code    56  stm32f4xx_tim.o(.text)
    TIM_BDTRConfig                           0x08020547   Thumb Code   222  stm32f4xx_tim.o(.text)
    TIM_BDTRStructInit                       0x08020625   Thumb Code    18  stm32f4xx_tim.o(.text)
    TIM_CtrlPWMOutputs                       0x08020637   Thumb Code    78  stm32f4xx_tim.o(.text)
    TIM_SelectCOM                            0x08020685   Thumb Code    72  stm32f4xx_tim.o(.text)
    TIM_CCPreloadControl                     0x080206cd   Thumb Code    72  stm32f4xx_tim.o(.text)
    TIM_ITConfig                             0x08020715   Thumb Code   218  stm32f4xx_tim.o(.text)
    TIM_GenerateEvent                        0x080207ef   Thumb Code   126  stm32f4xx_tim.o(.text)
    TIM_GetFlagStatus                        0x0802086d   Thumb Code   188  stm32f4xx_tim.o(.text)
    TIM_ClearFlag                            0x08020929   Thumb Code   108  stm32f4xx_tim.o(.text)
    TIM_GetITStatus                          0x08020995   Thumb Code   186  stm32f4xx_tim.o(.text)
    TIM_ClearITPendingBit                    0x08020a4f   Thumb Code   108  stm32f4xx_tim.o(.text)
    TIM_DMAConfig                            0x08020abb   Thumb Code   334  stm32f4xx_tim.o(.text)
    TIM_DMACmd                               0x08020c09   Thumb Code   126  stm32f4xx_tim.o(.text)
    TIM_SelectCCDMA                          0x08020c87   Thumb Code    96  stm32f4xx_tim.o(.text)
    TIM_InternalClockConfig                  0x08020ce7   Thumb Code    76  stm32f4xx_tim.o(.text)
    TIM_SelectInputTrigger                   0x08020d33   Thumb Code   148  stm32f4xx_tim.o(.text)
    TIM_ITRxExternalClockConfig              0x08020dc7   Thumb Code   110  stm32f4xx_tim.o(.text)
    TIM_TIxExternalClockConfig               0x08020e35   Thumb Code   184  stm32f4xx_tim.o(.text)
    TIM_ETRConfig                            0x08020eed   Thumb Code   164  stm32f4xx_tim.o(.text)
    TIM_ETRClockMode1Config                  0x08020f91   Thumb Code   228  stm32f4xx_tim.o(.text)
    TIM_ETRClockMode2Config                  0x08021075   Thumb Code   152  stm32f4xx_tim.o(.text)
    TIM_SelectOutputTrigger                  0x0802110d   Thumb Code   126  stm32f4xx_tim.o(.text)
    TIM_SelectSlaveMode                      0x0802118b   Thumb Code   112  stm32f4xx_tim.o(.text)
    TIM_SelectMasterSlaveMode                0x080211fb   Thumb Code   102  stm32f4xx_tim.o(.text)
    TIM_EncoderInterfaceConfig               0x08021261   Thumb Code   226  stm32f4xx_tim.o(.text)
    TIM_SelectHallSensor                     0x08021343   Thumb Code   108  stm32f4xx_tim.o(.text)
    TIM_RemapConfig                          0x080213af   Thumb Code   138  stm32f4xx_tim.o(.text)
    USART_DeInit                             0x08021439   Thumb Code   202  stm32f4xx_usart.o(.text)
    USART_Init                               0x08021503   Thumb Code   456  stm32f4xx_usart.o(.text)
    USART_StructInit                         0x080216cb   Thumb Code    24  stm32f4xx_usart.o(.text)
    USART_ClockInit                          0x080216e3   Thumb Code   166  stm32f4xx_usart.o(.text)
    USART_ClockStructInit                    0x08021789   Thumb Code    12  stm32f4xx_usart.o(.text)
    USART_Cmd                                0x08021795   Thumb Code    96  stm32f4xx_usart.o(.text)
    USART_SetPrescaler                       0x080217f5   Thumb Code   160  stm32f4xx_usart.o(.text)
    USART_OverSampling8Cmd                   0x08021895   Thumb Code    98  stm32f4xx_usart.o(.text)
    USART_OneBitMethodCmd                    0x080218f7   Thumb Code   100  stm32f4xx_usart.o(.text)
    USART_SendData                           0x0802195b   Thumb Code    84  stm32f4xx_usart.o(.text)
    USART_ReceiveData                        0x080219af   Thumb Code    62  stm32f4xx_usart.o(.text)
    USART_SetAddress                         0x080219ed   Thumb Code    92  stm32f4xx_usart.o(.text)
    USART_ReceiverWakeUpCmd                  0x08021a49   Thumb Code   100  stm32f4xx_usart.o(.text)
    USART_WakeUpConfig                       0x08021aad   Thumb Code    96  stm32f4xx_usart.o(.text)
    USART_LINBreakDetectLengthConfig         0x08021b0d   Thumb Code    94  stm32f4xx_usart.o(.text)
    USART_LINCmd                             0x08021b6b   Thumb Code   100  stm32f4xx_usart.o(.text)
    USART_SendBreak                          0x08021bcf   Thumb Code    64  stm32f4xx_usart.o(.text)
    USART_HalfDuplexCmd                      0x08021c0f   Thumb Code   100  stm32f4xx_usart.o(.text)
    USART_SetGuardTime                       0x08021c73   Thumb Code    86  stm32f4xx_usart.o(.text)
    USART_SmartCardCmd                       0x08021cc9   Thumb Code    88  stm32f4xx_usart.o(.text)
    USART_SmartCardNACKCmd                   0x08021d21   Thumb Code    88  stm32f4xx_usart.o(.text)
    USART_IrDAConfig                         0x08021d79   Thumb Code    94  stm32f4xx_usart.o(.text)
    USART_IrDACmd                            0x08021dd7   Thumb Code   100  stm32f4xx_usart.o(.text)
    USART_DMACmd                             0x08021e3b   Thumb Code   120  stm32f4xx_usart.o(.text)
    USART_ITConfig                           0x08021eb3   Thumb Code   268  stm32f4xx_usart.o(.text)
    USART_GetFlagStatus                      0x08021fbf   Thumb Code   176  stm32f4xx_usart.o(.text)
    USART_ClearFlag                          0x0802206f   Thumb Code   160  stm32f4xx_usart.o(.text)
    USART_GetITStatus                        0x0802210f   Thumb Code   284  stm32f4xx_usart.o(.text)
    USART_ClearITPendingBit                  0x0802222b   Thumb Code   170  stm32f4xx_usart.o(.text)
    SystemInit                               0x080223c9   Thumb Code    88  system_stm32f4xx.o(.text)
    SystemCoreClockUpdate                    0x08022421   Thumb Code   174  system_stm32f4xx.o(.text)
    Reset_Handler                            0x080224fd   Thumb Code     8  startup_stm32f4xx.o(.text)
    HardFault_Handler                        0x08022507   Thumb Code     2  startup_stm32f4xx.o(.text)
    PendSV_Handler                           0x08022513   Thumb Code     2  startup_stm32f4xx.o(.text)
    ADC_IRQHandler                           0x08022517   Thumb Code     0  startup_stm32f4xx.o(.text)
    CAN1_RX0_IRQHandler                      0x08022517   Thumb Code     0  startup_stm32f4xx.o(.text)
    CAN1_RX1_IRQHandler                      0x08022517   Thumb Code     0  startup_stm32f4xx.o(.text)
    CAN1_SCE_IRQHandler                      0x08022517   Thumb Code     0  startup_stm32f4xx.o(.text)
    CAN1_TX_IRQHandler                       0x08022517   Thumb Code     0  startup_stm32f4xx.o(.text)
    CAN2_RX0_IRQHandler                      0x08022517   Thumb Code     0  startup_stm32f4xx.o(.text)
    CAN2_RX1_IRQHandler                      0x08022517   Thumb Code     0  startup_stm32f4xx.o(.text)
    CAN2_SCE_IRQHandler                      0x08022517   Thumb Code     0  startup_stm32f4xx.o(.text)
    CAN2_TX_IRQHandler                       0x08022517   Thumb Code     0  startup_stm32f4xx.o(.text)
    CRYP_IRQHandler                          0x08022517   Thumb Code     0  startup_stm32f4xx.o(.text)
    DCMI_IRQHandler                          0x08022517   Thumb Code     0  startup_stm32f4xx.o(.text)
    DMA1_Stream0_IRQHandler                  0x08022517   Thumb Code     0  startup_stm32f4xx.o(.text)
    DMA1_Stream1_IRQHandler                  0x08022517   Thumb Code     0  startup_stm32f4xx.o(.text)
    DMA1_Stream2_IRQHandler                  0x08022517   Thumb Code     0  startup_stm32f4xx.o(.text)
    DMA1_Stream3_IRQHandler                  0x08022517   Thumb Code     0  startup_stm32f4xx.o(.text)
    DMA1_Stream4_IRQHandler                  0x08022517   Thumb Code     0  startup_stm32f4xx.o(.text)
    DMA1_Stream5_IRQHandler                  0x08022517   Thumb Code     0  startup_stm32f4xx.o(.text)
    DMA1_Stream6_IRQHandler                  0x08022517   Thumb Code     0  startup_stm32f4xx.o(.text)
    DMA1_Stream7_IRQHandler                  0x08022517   Thumb Code     0  startup_stm32f4xx.o(.text)
    DMA2_Stream0_IRQHandler                  0x08022517   Thumb Code     0  startup_stm32f4xx.o(.text)
    DMA2_Stream1_IRQHandler                  0x08022517   Thumb Code     0  startup_stm32f4xx.o(.text)
    DMA2_Stream2_IRQHandler                  0x08022517   Thumb Code     0  startup_stm32f4xx.o(.text)
    DMA2_Stream3_IRQHandler                  0x08022517   Thumb Code     0  startup_stm32f4xx.o(.text)
    DMA2_Stream4_IRQHandler                  0x08022517   Thumb Code     0  startup_stm32f4xx.o(.text)
    DMA2_Stream5_IRQHandler                  0x08022517   Thumb Code     0  startup_stm32f4xx.o(.text)
    DMA2_Stream6_IRQHandler                  0x08022517   Thumb Code     0  startup_stm32f4xx.o(.text)
    DMA2_Stream7_IRQHandler                  0x08022517   Thumb Code     0  startup_stm32f4xx.o(.text)
    ETH_IRQHandler                           0x08022517   Thumb Code     0  startup_stm32f4xx.o(.text)
    ETH_WKUP_IRQHandler                      0x08022517   Thumb Code     0  startup_stm32f4xx.o(.text)
    EXTI0_IRQHandler                         0x08022517   Thumb Code     0  startup_stm32f4xx.o(.text)
    EXTI15_10_IRQHandler                     0x08022517   Thumb Code     0  startup_stm32f4xx.o(.text)
    EXTI1_IRQHandler                         0x08022517   Thumb Code     0  startup_stm32f4xx.o(.text)
    EXTI2_IRQHandler                         0x08022517   Thumb Code     0  startup_stm32f4xx.o(.text)
    EXTI3_IRQHandler                         0x08022517   Thumb Code     0  startup_stm32f4xx.o(.text)
    EXTI4_IRQHandler                         0x08022517   Thumb Code     0  startup_stm32f4xx.o(.text)
    EXTI9_5_IRQHandler                       0x08022517   Thumb Code     0  startup_stm32f4xx.o(.text)
    FLASH_IRQHandler                         0x08022517   Thumb Code     0  startup_stm32f4xx.o(.text)
    FPU_IRQHandler                           0x08022517   Thumb Code     0  startup_stm32f4xx.o(.text)
    FSMC_IRQHandler                          0x08022517   Thumb Code     0  startup_stm32f4xx.o(.text)
    HASH_RNG_IRQHandler                      0x08022517   Thumb Code     0  startup_stm32f4xx.o(.text)
    I2C1_ER_IRQHandler                       0x08022517   Thumb Code     0  startup_stm32f4xx.o(.text)
    I2C1_EV_IRQHandler                       0x08022517   Thumb Code     0  startup_stm32f4xx.o(.text)
    I2C2_ER_IRQHandler                       0x08022517   Thumb Code     0  startup_stm32f4xx.o(.text)
    I2C2_EV_IRQHandler                       0x08022517   Thumb Code     0  startup_stm32f4xx.o(.text)
    I2C3_ER_IRQHandler                       0x08022517   Thumb Code     0  startup_stm32f4xx.o(.text)
    I2C3_EV_IRQHandler                       0x08022517   Thumb Code     0  startup_stm32f4xx.o(.text)
    OTG_FS_WKUP_IRQHandler                   0x08022517   Thumb Code     0  startup_stm32f4xx.o(.text)
    OTG_HS_EP1_IN_IRQHandler                 0x08022517   Thumb Code     0  startup_stm32f4xx.o(.text)
    OTG_HS_EP1_OUT_IRQHandler                0x08022517   Thumb Code     0  startup_stm32f4xx.o(.text)
    OTG_HS_IRQHandler                        0x08022517   Thumb Code     0  startup_stm32f4xx.o(.text)
    OTG_HS_WKUP_IRQHandler                   0x08022517   Thumb Code     0  startup_stm32f4xx.o(.text)
    PVD_IRQHandler                           0x08022517   Thumb Code     0  startup_stm32f4xx.o(.text)
    RCC_IRQHandler                           0x08022517   Thumb Code     0  startup_stm32f4xx.o(.text)
    RTC_Alarm_IRQHandler                     0x08022517   Thumb Code     0  startup_stm32f4xx.o(.text)
    RTC_WKUP_IRQHandler                      0x08022517   Thumb Code     0  startup_stm32f4xx.o(.text)
    SDIO_IRQHandler                          0x08022517   Thumb Code     0  startup_stm32f4xx.o(.text)
    SPI1_IRQHandler                          0x08022517   Thumb Code     0  startup_stm32f4xx.o(.text)
    SPI2_IRQHandler                          0x08022517   Thumb Code     0  startup_stm32f4xx.o(.text)
    SPI3_IRQHandler                          0x08022517   Thumb Code     0  startup_stm32f4xx.o(.text)
    TAMP_STAMP_IRQHandler                    0x08022517   Thumb Code     0  startup_stm32f4xx.o(.text)
    TIM1_BRK_TIM9_IRQHandler                 0x08022517   Thumb Code     0  startup_stm32f4xx.o(.text)
    TIM1_CC_IRQHandler                       0x08022517   Thumb Code     0  startup_stm32f4xx.o(.text)
    TIM1_TRG_COM_TIM11_IRQHandler            0x08022517   Thumb Code     0  startup_stm32f4xx.o(.text)
    TIM1_UP_TIM10_IRQHandler                 0x08022517   Thumb Code     0  startup_stm32f4xx.o(.text)
    TIM2_IRQHandler                          0x08022517   Thumb Code     0  startup_stm32f4xx.o(.text)
    TIM5_IRQHandler                          0x08022517   Thumb Code     0  startup_stm32f4xx.o(.text)
    TIM6_DAC_IRQHandler                      0x08022517   Thumb Code     0  startup_stm32f4xx.o(.text)
    TIM7_IRQHandler                          0x08022517   Thumb Code     0  startup_stm32f4xx.o(.text)
    TIM8_BRK_TIM12_IRQHandler                0x08022517   Thumb Code     0  startup_stm32f4xx.o(.text)
    TIM8_CC_IRQHandler                       0x08022517   Thumb Code     0  startup_stm32f4xx.o(.text)
    TIM8_TRG_COM_TIM14_IRQHandler            0x08022517   Thumb Code     0  startup_stm32f4xx.o(.text)
    TIM8_UP_TIM13_IRQHandler                 0x08022517   Thumb Code     0  startup_stm32f4xx.o(.text)
    UART4_IRQHandler                         0x08022517   Thumb Code     0  startup_stm32f4xx.o(.text)
    USART1_IRQHandler                        0x08022517   Thumb Code     0  startup_stm32f4xx.o(.text)
    USART3_IRQHandler                        0x08022517   Thumb Code     0  startup_stm32f4xx.o(.text)
    USART6_IRQHandler                        0x08022517   Thumb Code     0  startup_stm32f4xx.o(.text)
    WWDG_IRQHandler                          0x08022517   Thumb Code     0  startup_stm32f4xx.o(.text)
    usbd_init                                0x08022521   Thumb Code    22  usbd_core.o(.text)
    usbd_connect                             0x08022537   Thumb Code    12  usbd_core.o(.text)
    usbd_reset_core                          0x08022543   Thumb Code    38  usbd_core.o(.text)
    usbd_configured                          0x08022569   Thumb Code    14  usbd_core.o(.text)
    USBD_SetupStage                          0x08022577   Thumb Code    12  usbd_core.o(.text)
    USBD_DataInStage                         0x08022583   Thumb Code    66  usbd_core.o(.text)
    USBD_DataOutStage                        0x080225c5   Thumb Code    34  usbd_core.o(.text)
    USBD_StatusInStage                       0x080225e7   Thumb Code    14  usbd_core.o(.text)
    USBD_StatusOutStage                      0x080225f5   Thumb Code    12  usbd_core.o(.text)
    USBD_ReqGetStatus                        0x08022601   Thumb Code   160  usbd_core.o(.text)
    USBD_ReqSetClrFeature                    0x080226a1   Thumb Code   216  usbd_core.o(.text)
    USBD_ReqGetDescriptor                    0x08022779   Thumb Code   496  usbd_core.o(.text)
    USBD_ReqGetConfiguration                 0x08022969   Thumb Code    28  usbd_core.o(.text)
    USBD_ReqSetConfiguration                 0x08022985   Thumb Code   432  usbd_core.o(.text)
    USBD_ReqGetInterface                     0x08022b35   Thumb Code    60  usbd_core.o(.text)
    USBD_ReqSetInterface                     0x08022b71   Thumb Code   308  usbd_core.o(.text)
    USBD_EndPoint0                           0x08022ca5   Thumb Code   682  usbd_core.o(.text)
    USBD_ReqGetDescriptor_HID                0x08022f69   Thumb Code   132  usbd_core_hid.o(.text)
    USBD_EndPoint0_Setup_HID_ReqToIF         0x08022fed   Thumb Code   200  usbd_core_hid.o(.text)
    USBD_EndPoint0_Out_HID_ReqToIF           0x080230b5   Thumb Code    44  usbd_core_hid.o(.text)
    usbd_hid_init                            0x08023119   Thumb Code     2  usbd_hid.o(.text)
    usbd_hid_get_protocol                    0x08023129   Thumb Code     4  usbd_hid.o(.text)
    usbd_hid_set_protocol                    0x0802312d   Thumb Code     2  usbd_hid.o(.text)
    USBD_HID_GetReport                       0x0802312f   Thumb Code    54  usbd_hid.o(.text)
    USBD_HID_SetReport                       0x08023165   Thumb Code    58  usbd_hid.o(.text)
    USBD_HID_GetIdle                         0x0802319f   Thumb Code    16  usbd_hid.o(.text)
    USBD_HID_SetIdle                         0x080231af   Thumb Code    48  usbd_hid.o(.text)
    USBD_HID_GetProtocol                     0x080231df   Thumb Code    14  usbd_hid.o(.text)
    USBD_HID_SetProtocol                     0x080231ed   Thumb Code    14  usbd_hid.o(.text)
    USBD_HID_EP_INTIN_Event                  0x080231fb   Thumb Code   422  usbd_hid.o(.text)
    USBD_HID_EP_INTOUT_Event                 0x080233a1   Thumb Code   148  usbd_hid.o(.text)
    USBD_HID_Configure_Event                 0x08023435   Thumb Code    48  usbd_hid.o(.text)
    USBD_HID_EP_INT_Event                    0x08023465   Thumb Code    30  usbd_hid.o(.text)
    USBD_HID_SOF_Event                       0x08023483   Thumb Code   460  usbd_hid.o(.text)
    usbd_hid_get_report_trigger              0x0802364f   Thumb Code   148  usbd_hid.o(.text)
    disk_status                              0x0802371d   Thumb Code    24  diskio.o(.text)
    disk_initialize                          0x08023735   Thumb Code    34  diskio.o(.text)
    disk_read                                0x08023757   Thumb Code    56  diskio.o(.text)
    disk_write                               0x0802378f   Thumb Code    56  diskio.o(.text)
    disk_ioctl                               0x080237c7   Thumb Code    60  diskio.o(.text)
    get_fattime                              0x08023803   Thumb Code     4  diskio.o(.text)
    clust2sect                               0x080239c3   Thumb Code    26  ff.o(.text)
    get_fat                                  0x080239dd   Thumb Code   318  ff.o(.text)
    put_fat                                  0x08023b1b   Thumb Code   392  ff.o(.text)
    f_mount                                  0x08024921   Thumb Code    86  ff.o(.text)
    f_open                                   0x08024977   Thumb Code   356  ff.o(.text)
    f_read                                   0x08024adb   Thumb Code   498  ff.o(.text)
    f_write                                  0x08024ccd   Thumb Code   540  ff.o(.text)
    f_sync                                   0x08024ee9   Thumb Code   176  ff.o(.text)
    f_close                                  0x08024f99   Thumb Code    32  ff.o(.text)
    f_lseek                                  0x08024fb9   Thumb Code   726  ff.o(.text)
    f_opendir                                0x0802528f   Thumb Code   110  ff.o(.text)
    f_closedir                               0x080252fd   Thumb Code    22  ff.o(.text)
    f_readdir                                0x08025313   Thumb Code    88  ff.o(.text)
    f_stat                                   0x0802536b   Thumb Code    60  ff.o(.text)
    f_getfree                                0x080253a7   Thumb Code   258  ff.o(.text)
    f_truncate                               0x080254a9   Thumb Code   184  ff.o(.text)
    f_unlink                                 0x08025561   Thumb Code   166  ff.o(.text)
    f_mkdir                                  0x08025607   Thumb Code   352  ff.o(.text)
    f_chmod                                  0x08025767   Thumb Code    84  ff.o(.text)
    f_rename                                 0x080257bb   Thumb Code   258  ff.o(.text)
    f_utime                                  0x080258bd   Thumb Code    86  ff.o(.text)
    f_mkfs                                   0x08025913   Thumb Code  1624  ff.o(.text)
    __aeabi_memcpy                           0x08025f99   Thumb Code    36  memcpya.o(.text)
    __aeabi_memcpy4                          0x08025f99   Thumb Code     0  memcpya.o(.text)
    __aeabi_memcpy8                          0x08025f99   Thumb Code     0  memcpya.o(.text)
    __aeabi_memset                           0x08025fbd   Thumb Code    14  memseta.o(.text)
    __aeabi_memset4                          0x08025fbd   Thumb Code     0  memseta.o(.text)
    __aeabi_memset8                          0x08025fbd   Thumb Code     0  memseta.o(.text)
    __aeabi_memclr                           0x08025fcb   Thumb Code     4  memseta.o(.text)
    __aeabi_memclr4                          0x08025fcb   Thumb Code     0  memseta.o(.text)
    __aeabi_memclr8                          0x08025fcb   Thumb Code     0  memseta.o(.text)
    _memset$wrapper                          0x08025fcf   Thumb Code    18  memseta.o(.text)
    strlen                                   0x08025fe1   Thumb Code    14  strlen.o(.text)
    __aeabi_dadd                             0x08025fef   Thumb Code   322  dadd.o(.text)
    __aeabi_dsub                             0x08026131   Thumb Code     6  dadd.o(.text)
    __aeabi_drsub                            0x08026137   Thumb Code     6  dadd.o(.text)
    __aeabi_dmul                             0x0802613d   Thumb Code   228  dmul.o(.text)
    __aeabi_i2d                              0x08026221   Thumb Code    34  dflti.o(.text)
    __aeabi_f2d                              0x08026243   Thumb Code    38  f2d.o(.text)
    __aeabi_cdcmpeq                          0x08026269   Thumb Code     0  cdcmple.o(.text)
    __aeabi_cdcmple                          0x08026269   Thumb Code    48  cdcmple.o(.text)
    __aeabi_cdrcmple                         0x08026299   Thumb Code    48  cdrcmple.o(.text)
    __aeabi_d2f                              0x080262c9   Thumb Code    56  d2f.o(.text)
    __aeabi_llsl                             0x08026301   Thumb Code    30  llshl.o(.text)
    _ll_shift_l                              0x08026301   Thumb Code     0  llshl.o(.text)
    __aeabi_lasr                             0x0802631f   Thumb Code    36  llsshr.o(.text)
    _ll_sshift_r                             0x0802631f   Thumb Code     0  llsshr.o(.text)
    __I$use$fp                               0x08026343   Thumb Code     0  iusefp.o(.text)
    _float_round                             0x08026343   Thumb Code    18  fepilogue.o(.text)
    _float_epilogue                          0x08026355   Thumb Code    92  fepilogue.o(.text)
    _double_round                            0x080263b1   Thumb Code    30  depilogue.o(.text)
    _double_epilogue                         0x080263cf   Thumb Code   156  depilogue.o(.text)
    __aeabi_ddiv                             0x0802646b   Thumb Code   222  ddiv.o(.text)
    __scatterload                            0x08026549   Thumb Code    28  init.o(.text)
    __scatterload_rt2                        0x08026549   Thumb Code     0  init.o(.text)
    __aeabi_llsr                             0x0802656d   Thumb Code    32  llushr.o(.text)
    _ll_ushift_r                             0x0802656d   Thumb Code     0  llushr.o(.text)
    _dsqrt                                   0x0802658d   Thumb Code   162  dsqrt.o(.text)
    __decompress                             0x0802662f   Thumb Code     0  __dczerorl2.o(.text)
    __decompress1                            0x0802662f   Thumb Code    86  __dczerorl2.o(.text)
    __ARM_fpclassify                         0x08026685   Thumb Code    48  fpclassify.o(i.__ARM_fpclassify)
    __hardfp_asin                            0x080266b9   Thumb Code   770  asin.o(i.__hardfp_asin)
    __kernel_poly                            0x08026a19   Thumb Code   248  poly.o(i.__kernel_poly)
    __mathlib_dbl_infnan                     0x08026b11   Thumb Code    20  dunder.o(i.__mathlib_dbl_infnan)
    __mathlib_dbl_invalid                    0x08026b29   Thumb Code    24  dunder.o(i.__mathlib_dbl_invalid)
    __mathlib_dbl_underflow                  0x08026b49   Thumb Code    24  dunder.o(i.__mathlib_dbl_underflow)
    __scatterload_copy                       0x08026b69   Thumb Code    14  handlers.o(i.__scatterload_copy)
    __scatterload_null                       0x08026b77   Thumb Code     2  handlers.o(i.__scatterload_null)
    __scatterload_zeroinit                   0x08026b79   Thumb Code    14  handlers.o(i.__scatterload_zeroinit)
    __set_errno                              0x08026b89   Thumb Code     6  errno.o(i.__set_errno)
    fabs                                     0x08026b95   Thumb Code    24  fabs.o(i.fabs)
    sqrt                                     0x08026bad   Thumb Code   110  sqrt.o(i.sqrt)
    usbd_power                               0x08026c1c   Data           1  usb_config.o(.constdata)
    usbd_hs_enable                           0x08026c1d   Data           1  usb_config.o(.constdata)
    usbd_if_num                              0x08026c1e   Data           2  usb_config.o(.constdata)
    usbd_ep_num                              0x08026c20   Data           1  usb_config.o(.constdata)
    usbd_max_packet0                         0x08026c21   Data           1  usb_config.o(.constdata)
    usbd_hid_if_num                          0x08026c22   Data           1  usb_config.o(.constdata)
    usbd_hid_ep_intin                        0x08026c23   Data           1  usb_config.o(.constdata)
    usbd_hid_ep_intout                       0x08026c24   Data           1  usb_config.o(.constdata)
    usbd_hid_interval                        0x08026c26   Data           4  usb_config.o(.constdata)
    usbd_hid_maxpacketsize                   0x08026c2a   Data           4  usb_config.o(.constdata)
    usbd_hid_inreport_num                    0x08026c2e   Data           1  usb_config.o(.constdata)
    usbd_hid_outreport_num                   0x08026c2f   Data           1  usb_config.o(.constdata)
    usbd_hid_inreport_max_sz                 0x08026c30   Data           2  usb_config.o(.constdata)
    usbd_hid_outreport_max_sz                0x08026c32   Data           2  usb_config.o(.constdata)
    usbd_hid_featreport_max_sz               0x08026c34   Data           2  usb_config.o(.constdata)
    USBD_P_Power_Event                       0x08026c38   Data           4  usb_config.o(.constdata)
    USBD_P_Reset_Event                       0x08026c3c   Data           4  usb_config.o(.constdata)
    USBD_P_Suspend_Event                     0x08026c40   Data           4  usb_config.o(.constdata)
    USBD_P_Resume_Event                      0x08026c44   Data           4  usb_config.o(.constdata)
    USBD_P_WakeUp_Event                      0x08026c48   Data           4  usb_config.o(.constdata)
    USBD_P_SOF_Event                         0x08026c4c   Data           4  usb_config.o(.constdata)
    USBD_P_Error_Event                       0x08026c50   Data           4  usb_config.o(.constdata)
    USBD_P_EP                                0x08026c54   Data          64  usb_config.o(.constdata)
    USBD_P_Configure_Event                   0x08026c94   Data           4  usb_config.o(.constdata)
    USBD_P_Interface_Event                   0x08026c98   Data           4  usb_config.o(.constdata)
    USBD_P_Feature_Event                     0x08026c9c   Data           4  usb_config.o(.constdata)
    __rtx                                    0x08026ca0   Data           4  usb_config.o(.constdata)
    USBD_HID_ReportDescriptor                0x08026ca4   Data          33  usb_config.o(.constdata)
    USBD_HID_ReportDescriptorSize            0x08026cc6   Data           2  usb_config.o(.constdata)
    USBD_HID_DescriptorOffset                0x08026cc8   Data           2  usb_config.o(.constdata)
    USBD_DeviceDescriptor                    0x08026cca   Data          18  usb_config.o(.constdata)
    USBD_DeviceQualifier                     0x08026cdc   Data           1  usb_config.o(.constdata)
    USBD_DeviceQualifier_HS                  0x08026cdd   Data           1  usb_config.o(.constdata)
    USBD_ConfigDescriptor                    0x08026cde   Data          42  usb_config.o(.constdata)
    USBD_ConfigDescriptor_HS                 0x08026d08   Data           1  usb_config.o(.constdata)
    USBD_OtherSpeedConfigDescriptor          0x08026d09   Data           1  usb_config.o(.constdata)
    USBD_OtherSpeedConfigDescriptor_HS       0x08026d0a   Data           1  usb_config.o(.constdata)
    USBD_StringDescriptor                    0x08026d0c   Data         128  usb_config.o(.constdata)
    Region$$Table$$Base                      0x08026e08   Number         0  anon$$obj.o(Region$$Table)
    Region$$Table$$Limit                     0x08026e28   Number         0  anon$$obj.o(Region$$Table)
    Init_Finish                              0x20000000   Data           1  main.o(.data)
    loop_cnt                                 0x20000002   Data           2  scheduler.o(.data)
    flash_init_error                         0x20000004   Data           1  parameter.o(.data)
    thr_value                                0x20000008   Data           4  ctrl.o(.data)
    Thr_Low                                  0x2000000c   Data           1  ctrl.o(.data)
    Thr_Weight                               0x20000010   Data           4  ctrl.o(.data)
    Roll                                     0x2000001c   Data           4  imu.o(.data)
    Pitch                                    0x20000020   Data           4  imu.o(.data)
    Yaw                                      0x20000024   Data           4  imu.o(.data)
    ref_q                                    0x20000028   Data          16  imu.o(.data)
    norm_acc                                 0x20000038   Data           4  imu.o(.data)
    norm_q                                   0x2000003c   Data           4  imu.o(.data)
    norm_acc_lpf                             0x20000040   Data           4  imu.o(.data)
    mag_norm                                 0x20000044   Data           4  imu.o(.data)
    mag_norm_xyz                             0x20000048   Data           4  imu.o(.data)
    fast_atan_table                          0x20000054   Data        1028  mymath.o(.data)
    d0                                       0x20000458   Data           2  data_transfer.o(.data)
    d1                                       0x2000045a   Data           2  data_transfer.o(.data)
    d2                                       0x2000045c   Data           2  data_transfer.o(.data)
    d3                                       0x2000045e   Data           2  data_transfer.o(.data)
    d4                                       0x20000460   Data           2  data_transfer.o(.data)
    d5                                       0x20000462   Data           2  data_transfer.o(.data)
    d6                                       0x20000464   Data           2  data_transfer.o(.data)
    d7                                       0x20000466   Data           2  data_transfer.o(.data)
    d8                                       0x20000468   Data           2  data_transfer.o(.data)
    d9                                       0x2000046a   Data           2  data_transfer.o(.data)
    d10                                      0x2000046c   Data           2  data_transfer.o(.data)
    d11                                      0x2000046e   Data           2  data_transfer.o(.data)
    d12                                      0x20000470   Data           2  data_transfer.o(.data)
    d13                                      0x20000472   Data           2  data_transfer.o(.data)
    d14                                      0x20000474   Data           2  data_transfer.o(.data)
    d15                                      0x20000476   Data           2  data_transfer.o(.data)
    d16                                      0x20000478   Data           2  data_transfer.o(.data)
    d17                                      0x2000047a   Data           2  data_transfer.o(.data)
    d18                                      0x2000047c   Data           2  data_transfer.o(.data)
    d19                                      0x2000047e   Data           2  data_transfer.o(.data)
    deepth_send                              0x20000480   Data           4  data_transfer.o(.data)
    temperature_send                         0x20000484   Data           2  data_transfer.o(.data)
    humidity_send                            0x20000486   Data           2  data_transfer.o(.data)
    flash_save_en_cnt                        0x20000488   Data           2  data_transfer.o(.data)
    CH_in_Mapping                            0x20000498   Data           8  rc.o(.data)
    NS                                       0x200004a0   Data           1  rc.o(.data)
    CH_Error                                 0x200004a1   Data           8  rc.o(.data)
    NS_cnt                                   0x200004aa   Data           2  rc.o(.data)
    MAX_CH                                   0x200004ac   Data          16  rc.o(.data)
    MIN_CH                                   0x200004bc   Data          16  rc.o(.data)
    CH_DIR                                   0x200004cc   Data           8  rc.o(.data)
    filter_A                                 0x200004d4   Data           4  rc.o(.data)
    fly_ready                                0x200004d8   Data           1  rc.o(.data)
    ready_cnt                                0x200004da   Data           2  rc.o(.data)
    height_ctrl_mode                         0x200004dc   Data           1  rc.o(.data)
    USBD_AltSetting                          0x200004de   Data           1  usb_config.o(.data)
    USBD_HID_PollingCnt                      0x200004e0   Data           2  usb_config.o(.data)
    USBD_HID_IdleCnt                         0x200004e2   Data           1  usb_config.o(.data)
    USBD_HID_IdleReload                      0x200004e3   Data           1  usb_config.o(.data)
    USBD_HID_IdleSet                         0x200004e4   Data           1  usb_config.o(.data)
    USBD_HID_FeatReport                      0x200004e5   Data           2  usb_config.o(.data)
    HID_SEND_TIMEOUT                         0x200004e7   Data           1  usbd_user_hid.o(.data)
    hid_datatemp_begin                       0x200004e8   Data           1  usbd_user_hid.o(.data)
    hid_datatemp_end                         0x200004e9   Data           1  usbd_user_hid.o(.data)
    med_fil_cnt                              0x200004ec   Data           5  filter.o(.data)
    baro_speed                               0x200004fc   Data           4  height_ctrl.o(.data)
    height_ctrl_out                          0x20000500   Data           4  height_ctrl.o(.data)
    wz_acc                                   0x20000504   Data           4  height_ctrl.o(.data)
    baro_cnt                                 0x20000508   Data           4  height_ctrl.o(.data)
    wz_speed                                 0x2000050c   Data           4  height_ctrl.o(.data)
    wz_speed_old                             0x20000510   Data           4  height_ctrl.o(.data)
    wz_acc_mms2                              0x20000514   Data           4  height_ctrl.o(.data)
    baro_ctrl_start                          0x20000518   Data           1  height_ctrl.o(.data)
    baro_height                              0x2000051c   Data           4  height_ctrl.o(.data)
    baro_height_old                          0x20000520   Data           4  height_ctrl.o(.data)
    baro_measure                             0x20000524   Data           4  height_ctrl.o(.data)
    exp_height_speed                         0x20000528   Data           4  height_ctrl.o(.data)
    exp_height                               0x2000052c   Data           4  height_ctrl.o(.data)
    ultra_speed                              0x20000530   Data           4  height_ctrl.o(.data)
    ultra_dis_lpf                            0x20000534   Data           4  height_ctrl.o(.data)
    ultra_ctrl_out                           0x20000538   Data           4  height_ctrl.o(.data)
    sysTickUptime                            0x2000055c   Data           4  time.o(.data)
    time_1h                                  0x20000560   Data           4  time.o(.data)
    time_1m                                  0x20000564   Data           4  time.o(.data)
    time_1s                                  0x20000568   Data           4  time.o(.data)
    time_1ms                                 0x2000056c   Data           4  time.o(.data)
    CH_out_Mapping                           0x20000590   Data           4  pwm_out.o(.data)
    I2C_FastMode                             0x20000594   Data           1  i2c_soft.o(.data)
    mpu6050_ok                               0x20000598   Data           1  mpu6050.o(.data)
    acc_sum_cnt                              0x2000059a   Data           2  mpu6050.o(.data)
    gyro_sum_cnt                             0x2000059c   Data           2  mpu6050.o(.data)
    filter_cnt                               0x2000059e   Data           1  mpu6050.o(.data)
    filter_cnt_old                           0x2000059f   Data           1  mpu6050.o(.data)
    test_ang                                 0x200005a0   Data           4  mpu6050.o(.data)
    test_ang_old                             0x200005a4   Data           4  mpu6050.o(.data)
    test_ang_d                               0x200005a8   Data           4  mpu6050.o(.data)
    test_fli_a                               0x200005ac   Data           4  mpu6050.o(.data)
    test_i                                   0x200005b0   Data           4  mpu6050.o(.data)
    ak8975                                   0x200005b4   Data          44  ak8975.o(.data)
    ak8975_ok                                0x200005e0   Data           1  ak8975.o(.data)
    Mag_CALIBRATED                           0x200005e1   Data           1  ak8975.o(.data)
    LED_Brightness                           0x200005fe   Data           4  led.o(.data)
    LED_status                               0x20000602   Data           2  led.o(.data)
    baroAlt                                  0x2000060c   Data           4  ms5611.o(.data)
    baroAltOld                               0x20000610   Data           4  ms5611.o(.data)
    baro_alt_speed                           0x20000614   Data           4  ms5611.o(.data)
    baro_Offset                              0x20000618   Data           4  ms5611.o(.data)
    ms5611_ut                                0x2000061c   Data           4  ms5611.o(.data)
    ms5611_up                                0x20000620   Data           4  ms5611.o(.data)
    t_rxbuf                                  0x20000624   Data           3  ms5611.o(.data)
    p_rxbuf                                  0x20000627   Data           3  ms5611.o(.data)
    ms5611_ok                                0x2000062a   Data           1  ms5611.o(.data)
    temperature_5611                         0x2000062c   Data           4  ms5611.o(.data)
    TxCounter                                0x20000636   Data           1  usart.o(.data)
    count                                    0x20000637   Data           1  usart.o(.data)
    Tx5Counter                               0x20000638   Data           1  usart.o(.data)
    count5                                   0x20000639   Data           1  usart.o(.data)
    OutMaxPacketSize                         0x2000063c   Data          16  usbd_stm32f4xx_fs.o(.data)
    InPacketDataPtr                          0x2000064c   Data          16  usbd_stm32f4xx_fs.o(.data)
    InPacketDataReady                        0x2000065c   Data           4  usbd_stm32f4xx_fs.o(.data)
    SyncWriteEP                              0x20000660   Data           4  usbd_stm32f4xx_fs.o(.data)
    IsoOutTokenRead                          0x20000664   Data           4  usbd_stm32f4xx_fs.o(.data)
    ultra_start_f                            0x2000066c   Data           1  ultrasonic.o(.data)
    ultra_time                               0x2000066d   Data           1  ultrasonic.o(.data)
    ultra_ok                                 0x2000066e   Data           1  ultrasonic.o(.data)
    ultra_distance                           0x20000670   Data           2  ultrasonic.o(.data)
    ultra_distance_old                       0x20000672   Data           2  ultrasonic.o(.data)
    ultra_delta                              0x20000674   Data           2  ultrasonic.o(.data)
    temperature                              0x20000677   Data           1  dht11.o(.data)
    humidity                                 0x20000678   Data           1  dht11.o(.data)
    delay_20ms_flag                          0x20000679   Data           1  dht11.o(.data)
    delay_1ms_flag                           0x2000067a   Data           1  dht11.o(.data)
    deepth_adc                               0x2000067c   Data           2  adc.o(.data)
    deepth                                   0x2000067e   Data           2  adc.o(.data)
    light                                    0x20000680   Data           1  light.o(.data)
    SystemCoreClock                          0x20000694   Data           4  system_stm32f4xx.o(.data)
    AHBPrescTable                            0x20000698   Data          16  system_stm32f4xx.o(.data)
    USBD_DeviceStatus                        0x200006a8   Data           2  usbd_core.o(.data)
    USBD_DeviceAddress                       0x200006aa   Data           1  usbd_core.o(.data)
    USBD_Configuration                       0x200006ab   Data           1  usbd_core.o(.data)
    USBD_EndPointMask                        0x200006ac   Data           4  usbd_core.o(.data)
    USBD_EndPointHalt                        0x200006b0   Data           4  usbd_core.o(.data)
    USBD_EndPointStall                       0x200006b4   Data           4  usbd_core.o(.data)
    USBD_NumInterfaces                       0x200006b8   Data           1  usbd_core.o(.data)
    USBD_HighSpeed                           0x200006b9   Data           1  usbd_core.o(.data)
    USBD_ZLP                                 0x200006ba   Data           1  usbd_core.o(.data)
    USBD_EP0Data                             0x200006bc   Data           8  usbd_core.o(.data)
    USBD_SetupPacket                         0x200006c4   Data           8  usbd_core.o(.data)
    USBD_HID_Protocol                        0x200006cc   Data           1  usbd_hid.o(.data)
    DataOutAsyncReq                          0x200006d0   Data           4  usbd_hid.o(.data)
    DataOutUpdateReqMask                     0x200006d4   Data           4  usbd_hid.o(.data)
    ptrDataOut                               0x200006d8   Data           4  usbd_hid.o(.data)
    DataOutToSendLen                         0x200006dc   Data           2  usbd_hid.o(.data)
    DataOutSentLen                           0x200006de   Data           2  usbd_hid.o(.data)
    DataOutEndWithShortPacket                0x200006e0   Data           4  usbd_hid.o(.data)
    ptrDataIn                                0x200006e4   Data           4  usbd_hid.o(.data)
    DataInReceLen                            0x200006e8   Data           2  usbd_hid.o(.data)
    ptrDataFeat                              0x200006ec   Data           4  usbd_hid.o(.data)
    DataFeatReceLen                          0x200006f0   Data           2  usbd_hid.o(.data)
    loop                                     0x20000708   Data          26  scheduler.o(.bss)
    test                                     0x20000724   Data          20  scheduler.o(.bss)
    sensor_setup                             0x20000738   Data          64  parameter.o(.bss)
    pid_setup                                0x20000778   Data         288  parameter.o(.bss)
    ctrl_1                                   0x2000290c   Data         196  ctrl.o(.bss)
    ctrl_2                                   0x200029d0   Data         196  ctrl.o(.bss)
    except_A                                 0x20002a94   Data          12  ctrl.o(.bss)
    ctrl_angle_offset                        0x20002aa0   Data          12  ctrl.o(.bss)
    compensation                             0x20002aac   Data          12  ctrl.o(.bss)
    except_AS                                0x20002ab8   Data          12  ctrl.o(.bss)
    g_old                                    0x20002ac4   Data          28  ctrl.o(.bss)
    motor                                    0x20002ae0   Data          16  ctrl.o(.bss)
    posture_value                            0x20002af0   Data          16  ctrl.o(.bss)
    curve                                    0x20002b00   Data          16  ctrl.o(.bss)
    reference_v                              0x20002b10   Data          12  imu.o(.bss)
    ref                                      0x20002b1c   Data          60  imu.o(.bss)
    mag_sim_3d                               0x20002b58   Data          12  imu.o(.bss)
    f                                        0x20002b70   Data          17  data_transfer.o(.bss)
    data_to_send                             0x20002b81   Data          50  data_transfer.o(.bss)
    RX_CH                                    0x20002bb4   Data          16  data_transfer.o(.bss)
    CH                                       0x20002bf8   Data          16  rc.o(.bss)
    CH_Old                                   0x20002c08   Data          32  rc.o(.bss)
    CH_filter                                0x20002c28   Data          32  rc.o(.bss)
    CH_filter_Old                            0x20002c48   Data          32  rc.o(.bss)
    CH_filter_D                              0x20002c68   Data          32  rc.o(.bss)
    CLR_CH_Error                             0x20002c88   Data          16  rc.o(.bss)
    USBD_EP0Buf                              0x20002ca8   Data          64  usb_config.o(.bss)
    USBD_HID_InReport                        0x20002ce8   Data          65  usb_config.o(.bss)
    USBD_HID_OutReport                       0x20002d29   Data          65  usb_config.o(.bss)
    stk_usb_msc_task                         0x20002d70   Data         600  usb_config.o(.bss)
    hid_datatemp                             0x20002fc8   Data         256  usbd_user_hid.o(.bss)
    hid_data2send                            0x200030c8   Data          64  usbd_user_hid.o(.bss)
    string_auth                              0x20003108   Data          29  version.o(.bss)
    string_auth_descriptor                   0x20003125   Data          52  version.o(.bss)
    med_filter_tmp                           0x2000315c   Data         220  filter.o(.bss)
    med_filter_out                           0x20003238   Data          20  filter.o(.bss)
    wz_speed_pid_v                           0x2000324c   Data          20  height_ctrl.o(.bss)
    wz_speed_pid                             0x20003260   Data          12  height_ctrl.o(.bss)
    baro_speed_arr                           0x2000326c   Data         404  height_ctrl.o(.bss)
    ultra_ctrl                               0x20003400   Data          20  height_ctrl.o(.bss)
    ultra_pid                                0x20003414   Data          12  height_ctrl.o(.bss)
    Cycle_T                                  0x20003420   Data          60  time.o(.bss)
    Rc_Pwm_In                                0x2000345c   Data          16  pwm_in.o(.bss)
    mpu6050                                  0x2000346c   Data         128  mpu6050.o(.bss)
    mpu6050_buffer                           0x200034ec   Data          14  mpu6050.o(.bss)
    sum_temp                                 0x200034fc   Data          28  mpu6050.o(.bss)
    FILT_BUF                                 0x20003518   Data         154  mpu6050.o(.bss)
    mpu6050_tmp                              0x200035b4   Data          28  mpu6050.o(.bss)
    mpu_fil_tmp                              0x200035d0   Data          28  mpu6050.o(.bss)
    ms5611_prom                              0x200035f8   Data          16  ms5611.o(.bss)
    TxBuffer                                 0x20003608   Data         256  usart.o(.bss)
    Rx_Buf                                   0x20003708   Data         256  usart.o(.bss)
    Tx5Buffer                                0x20003808   Data         256  usart.o(.bss)
    HID_IntInPacketData                      0x20003908   Data          64  usbd_stm32f4xx_fs.o(.bss)
    IsoOutPacketDataPtr                      0x20003948   Data          16  usbd_stm32f4xx_fs.o(.bss)
    InPacketDataCnt                          0x20003958   Data          16  usbd_stm32f4xx_fs.o(.bss)
    IsoOutPacketDataCnt                      0x20003968   Data          16  usbd_stm32f4xx_fs.o(.bss)
    __initial_sp                             0x20004188   Data           0  startup_stm32f4xx.o(STACK)



==============================================================================

Memory Map of the image

  Image Entry point : 0x08010189

  Load Region LR_IROM1 (Base: 0x08010000, Size: 0x00017530, Max: 0x000f0000, ABSOLUTE, COMPRESSED[0x00017298])

    Execution Region ER_IROM1 (Base: 0x08010000, Size: 0x00016e28, Max: 0x000f0000, ABSOLUTE)

    Base Addr    Size         Type   Attr      Idx    E Section Name        Object

    0x08010000   0x00000188   Data   RO         1589    RESET               startup_stm32f4xx.o
    0x08010188   0x00000000   Code   RO         1728  * .ARM.Collect$$$$00000000  mc_w.l(entry.o)
    0x08010188   0x00000004   Code   RO         1789    .ARM.Collect$$$$00000001  mc_w.l(entry2.o)
    0x0801018c   0x00000004   Code   RO         1792    .ARM.Collect$$$$00000004  mc_w.l(entry5.o)
    0x08010190   0x00000000   Code   RO         1794    .ARM.Collect$$$$00000008  mc_w.l(entry7b.o)
    0x08010190   0x00000000   Code   RO         1796    .ARM.Collect$$$$0000000A  mc_w.l(entry8b.o)
    0x08010190   0x00000008   Code   RO         1797    .ARM.Collect$$$$0000000B  mc_w.l(entry9a.o)
    0x08010198   0x00000000   Code   RO         1799    .ARM.Collect$$$$0000000D  mc_w.l(entry10a.o)
    0x08010198   0x00000000   Code   RO         1801    .ARM.Collect$$$$0000000F  mc_w.l(entry11a.o)
    0x08010198   0x00000004   Code   RO         1790    .ARM.Collect$$$$00002712  mc_w.l(entry2.o)
    0x0801019c   0x00000028   Code   RO            2    .text               main.o
    0x080101c4   0x00000048   Code   RO          131    .text               stm32f4xx_it.o
    0x0801020c   0x000003a8   Code   RO          151    .text               scheduler.o
    0x080105b4   0x00000098   Code   RO          231    .text               init.o
    0x0801064c   0x000005d0   Code   RO          247    .text               parameter.o
    0x08010c1c   0x000011a0   Code   RO          299    .text               ctrl.o
    0x08011dbc   0x000008d8   Code   RO          326    .text               imu.o
    0x08012694   0x00000568   Code   RO          353    .text               mymath.o
    0x08012bfc   0x00002608   Code   RO          443    .text               data_transfer.o
    0x08015204   0x00000490   Code   RO          484    .text               rc.o
    0x08015694   0x00000052   Code   RO          508    .text               usb_config.o
    0x080156e6   0x00000002   PAD
    0x080156e8   0x0000024c   Code   RO          583    .text               usbd_user_hid.o
    0x08015934   0x00000020   Code   RO          660    .text               version.o
    0x08015954   0x00000274   Code   RO          683    .text               filter.o
    0x08015bc8   0x00000c38   Code   RO          703    .text               height_ctrl.o
    0x08016800   0x00000284   Code   RO          726    .text               time.o
    0x08016a84   0x000006c4   Code   RO          765    .text               pwm_in.o
    0x08017148   0x0000028c   Code   RO          792    .text               pwm_out.o
    0x080173d4   0x000003a8   Code   RO          817    .text               i2c_soft.o
    0x0801777c   0x00000a00   Code   RO          843    .text               mpu6050.o
    0x0801817c   0x00000458   Code   RO          871    .text               ak8975.o
    0x080185d4   0x00000434   Code   RO          894    .text               led.o
    0x08018a08   0x000003dc   Code   RO          920    .text               ms5611.o
    0x08018de4   0x00000434   Code   RO          954    .text               usart.o
    0x08019218   0x000012b8   Code   RO          981    .text               usbd_stm32f4xx_fs.o
    0x0801a4d0   0x00000444   Code   RO         1012    .text               drv_w25qxx.o
    0x0801a914   0x000000b0   Code   RO         1037    .text               ultrasonic.o
    0x0801a9c4   0x0000025c   Code   RO         1059    .text               dht11.o
    0x0801ac20   0x000000c0   Code   RO         1153    .text               adc.o
    0x0801ace0   0x000001ec   Code   RO         1340    .text               misc.o
    0x0801aecc   0x0000107c   Code   RO         1356    .text               stm32f4xx_adc.o
    0x0801bf48   0x00000916   Code   RO         1436    .text               stm32f4xx_gpio.o
    0x0801c85e   0x00000002   PAD
    0x0801c860   0x00000d7c   Code   RO         1484    .text               stm32f4xx_rcc.o
    0x0801d5dc   0x00000bc8   Code   RO         1502    .text               stm32f4xx_spi.o
    0x0801e1a4   0x00003294   Code   RO         1534    .text               stm32f4xx_tim.o
    0x08021438   0x00000eb4   Code   RO         1550    .text               stm32f4xx_usart.o
    0x080222ec   0x00000210   Code   RO         1566    .text               system_stm32f4xx.o
    0x080224fc   0x00000024   Code   RO         1590    .text               startup_stm32f4xx.o
    0x08022520   0x00000a48   Code   RO         1595    .text               usbd_core.o
    0x08022f68   0x000001b0   Code   RO         1639    .text               usbd_core_hid.o
    0x08023118   0x00000604   Code   RO         1651    .text               usbd_hid.o
    0x0802371c   0x000000f0   Code   RO         1667    .text               diskio.o
    0x0802380c   0x0000278c   Code   RO         1693    .text               ff.o
    0x08025f98   0x00000024   Code   RO         1731    .text               mc_w.l(memcpya.o)
    0x08025fbc   0x00000024   Code   RO         1733    .text               mc_w.l(memseta.o)
    0x08025fe0   0x0000000e   Code   RO         1735    .text               mc_w.l(strlen.o)
    0x08025fee   0x0000014e   Code   RO         1739    .text               mf_w.l(dadd.o)
    0x0802613c   0x000000e4   Code   RO         1741    .text               mf_w.l(dmul.o)
    0x08026220   0x00000022   Code   RO         1743    .text               mf_w.l(dflti.o)
    0x08026242   0x00000026   Code   RO         1745    .text               mf_w.l(f2d.o)
    0x08026268   0x00000030   Code   RO         1747    .text               mf_w.l(cdcmple.o)
    0x08026298   0x00000030   Code   RO         1749    .text               mf_w.l(cdrcmple.o)
    0x080262c8   0x00000038   Code   RO         1751    .text               mf_w.l(d2f.o)
    0x08026300   0x0000001e   Code   RO         1803    .text               mc_w.l(llshl.o)
    0x0802631e   0x00000024   Code   RO         1805    .text               mc_w.l(llsshr.o)
    0x08026342   0x00000000   Code   RO         1814    .text               mc_w.l(iusefp.o)
    0x08026342   0x0000006e   Code   RO         1815    .text               mf_w.l(fepilogue.o)
    0x080263b0   0x000000ba   Code   RO         1817    .text               mf_w.l(depilogue.o)
    0x0802646a   0x000000de   Code   RO         1819    .text               mf_w.l(ddiv.o)
    0x08026548   0x00000024   Code   RO         1823    .text               mc_w.l(init.o)
    0x0802656c   0x00000020   Code   RO         1825    .text               mc_w.l(llushr.o)
    0x0802658c   0x000000a2   Code   RO         1827    .text               mf_w.l(dsqrt.o)
    0x0802662e   0x00000056   Code   RO         1837    .text               mc_w.l(__dczerorl2.o)
    0x08026684   0x00000030   Code   RO         1773    i.__ARM_fpclassify  m_wm.l(fpclassify.o)
    0x080266b4   0x00000004   PAD
    0x080266b8   0x00000360   Code   RO         1714    i.__hardfp_asin     m_wm.l(asin.o)
    0x08026a18   0x000000f8   Code   RO         1775    i.__kernel_poly     m_wm.l(poly.o)
    0x08026b10   0x00000014   Code   RO         1754    i.__mathlib_dbl_infnan  m_wm.l(dunder.o)
    0x08026b24   0x00000004   PAD
    0x08026b28   0x00000020   Code   RO         1756    i.__mathlib_dbl_invalid  m_wm.l(dunder.o)
    0x08026b48   0x00000020   Code   RO         1759    i.__mathlib_dbl_underflow  m_wm.l(dunder.o)
    0x08026b68   0x0000000e   Code   RO         1831    i.__scatterload_copy  mc_w.l(handlers.o)
    0x08026b76   0x00000002   Code   RO         1832    i.__scatterload_null  mc_w.l(handlers.o)
    0x08026b78   0x0000000e   Code   RO         1833    i.__scatterload_zeroinit  mc_w.l(handlers.o)
    0x08026b86   0x00000002   PAD
    0x08026b88   0x0000000c   Code   RO         1809    i.__set_errno       mc_w.l(errno.o)
    0x08026b94   0x00000018   Code   RO         1769    i.fabs              m_wm.l(fabs.o)
    0x08026bac   0x0000006e   Code   RO         1779    i.sqrt              m_wm.l(sqrt.o)
    0x08026c1a   0x00000002   PAD
    0x08026c1c   0x00000170   Data   RO          510    .constdata          usb_config.o
    0x08026d8c   0x0000002c   Data   RO         1694    .constdata          ff.o
    0x08026db8   0x00000050   Data   RO         1717    .constdata          m_wm.l(asin.o)
    0x08026e08   0x00000020   Data   RO         1829    Region$$Table       anon$$obj.o


    Execution Region RW_IRAM1 (Base: 0x20000000, Size: 0x00004188, Max: 0x00020000, ABSOLUTE, COMPRESSED[0x00000470])

    Base Addr    Size         Type   Attr      Idx    E Section Name        Object

    0x20000000   0x00000001   Data   RW            3    .data               main.o
    0x20000001   0x00000001   PAD
    0x20000002   0x00000002   Data   RW          153    .data               scheduler.o
    0x20000004   0x00000001   Data   RW          249    .data               parameter.o
    0x20000005   0x00000003   PAD
    0x20000008   0x00000014   Data   RW          301    .data               ctrl.o
    0x2000001c   0x00000038   Data   RW          328    .data               imu.o
    0x20000054   0x00000404   Data   RW          354    .data               mymath.o
    0x20000458   0x0000003f   Data   RW          445    .data               data_transfer.o
    0x20000497   0x00000001   PAD
    0x20000498   0x00000045   Data   RW          486    .data               rc.o
    0x200004dd   0x00000001   PAD
    0x200004de   0x00000009   Data   RW          511    .data               usb_config.o
    0x200004e7   0x00000004   Data   RW          585    .data               usbd_user_hid.o
    0x200004eb   0x00000001   PAD
    0x200004ec   0x00000010   Data   RW          685    .data               filter.o
    0x200004fc   0x00000060   Data   RW          705    .data               height_ctrl.o
    0x2000055c   0x00000014   Data   RW          728    .data               time.o
    0x20000570   0x00000020   Data   RW          767    .data               pwm_in.o
    0x20000590   0x00000004   Data   RW          793    .data               pwm_out.o
    0x20000594   0x00000001   Data   RW          818    .data               i2c_soft.o
    0x20000595   0x00000003   PAD
    0x20000598   0x0000001c   Data   RW          845    .data               mpu6050.o
    0x200005b4   0x0000004a   Data   RW          873    .data               ak8975.o
    0x200005fe   0x0000000d   Data   RW          895    .data               led.o
    0x2000060b   0x00000001   PAD
    0x2000060c   0x0000002a   Data   RW          922    .data               ms5611.o
    0x20000636   0x00000004   Data   RW          956    .data               usart.o
    0x2000063a   0x00000002   PAD
    0x2000063c   0x00000030   Data   RW          983    .data               usbd_stm32f4xx_fs.o
    0x2000066c   0x0000000b   Data   RW         1038    .data               ultrasonic.o
    0x20000677   0x00000005   Data   RW         1060    .data               dht11.o
    0x2000067c   0x00000004   Data   RW         1154    .data               adc.o
    0x20000680   0x00000001   Data   RW         1248    .data               light.o
    0x20000681   0x00000010   Data   RW         1485    .data               stm32f4xx_rcc.o
    0x20000691   0x00000003   PAD
    0x20000694   0x00000014   Data   RW         1567    .data               system_stm32f4xx.o
    0x200006a8   0x00000024   Data   RW         1596    .data               usbd_core.o
    0x200006cc   0x00000027   Data   RW         1652    .data               usbd_hid.o
    0x200006f3   0x00000001   PAD
    0x200006f4   0x00000004   Data   RW         1668    .data               diskio.o
    0x200006f8   0x0000000a   Data   RW         1695    .data               ff.o
    0x20000702   0x00000002   PAD
    0x20000704   0x00000004   Data   RW         1810    .data               mc_w.l(errno.o)
    0x20000708   0x00000030   Zero   RW          152    .bss                scheduler.o
    0x20000738   0x000021d4   Zero   RW          248    .bss                parameter.o
    0x2000290c   0x00000204   Zero   RW          300    .bss                ctrl.o
    0x20002b10   0x00000060   Zero   RW          327    .bss                imu.o
    0x20002b70   0x00000086   Zero   RW          444    .bss                data_transfer.o
    0x20002bf6   0x00000002   PAD
    0x20002bf8   0x000000b0   Zero   RW          485    .bss                rc.o
    0x20002ca8   0x00000320   Zero   RW          509    .bss                usb_config.o
    0x20002fc8   0x00000140   Zero   RW          584    .bss                usbd_user_hid.o
    0x20003108   0x00000051   Zero   RW          661    .bss                version.o
    0x20003159   0x00000003   PAD
    0x2000315c   0x000000f0   Zero   RW          684    .bss                filter.o
    0x2000324c   0x000001d4   Zero   RW          704    .bss                height_ctrl.o
    0x20003420   0x0000003c   Zero   RW          727    .bss                time.o
    0x2000345c   0x00000010   Zero   RW          766    .bss                pwm_in.o
    0x2000346c   0x00000180   Zero   RW          844    .bss                mpu6050.o
    0x200035ec   0x0000000c   Zero   RW          872    .bss                ak8975.o
    0x200035f8   0x00000010   Zero   RW          921    .bss                ms5611.o
    0x20003608   0x00000300   Zero   RW          955    .bss                usart.o
    0x20003908   0x00000070   Zero   RW          982    .bss                usbd_stm32f4xx_fs.o
    0x20003978   0x0000000c   Zero   RW         1013    .bss                drv_w25qxx.o
    0x20003984   0x00000004   PAD
    0x20003988   0x00000800   Zero   RW         1587    STACK               startup_stm32f4xx.o


==============================================================================

Image component sizes


      Code (inc. data)   RO Data    RW Data    ZI Data      Debug   Object Name

       192          8          0          4          0     237183   adc.o
      1112         34          0         74         12       3028   ak8975.o
      4512        294          0         20        516       4471   ctrl.o
      9736        320          0         63        134      13199   data_transfer.o
       604         26          0          5          0     224903   dht11.o
       240          6          0          4          0       4586   diskio.o
      1092         20          0          0         12       5705   drv_w25qxx.o
     10124        112         44         10          0      28762   ff.o
       628         26          0         16        240       2535   filter.o
      3128        342          0         96        468       4895   height_ctrl.o
       936         10          0          1          0       4502   i2c_soft.o
      2264        142          0         56         96       3125   imu.o
       152         12          0          0          0        595   init.o
      1076         36          0         13          0       2539   led.o
         0          0          0          1          0     215696   light.o
        40         14          0          1          0     269748   main.o
       492         74          0          0          0       2141   misc.o
      2560        126          0         28        384      16767   mpu6050.o
       988        102          0         42         16       3514   ms5611.o
      1384        110          0       1028          0     289260   mymath.o
      1488        128          0          1       8660       7914   parameter.o
      1732        110          0         32         16       2512   pwm_in.o
       652         28          0          4          0       2334   pwm_out.o
      1168         90          0         69        176       3164   rc.o
       936         96          0          2         48       3098   scheduler.o
        36          8        392          0       2048        892   startup_stm32f4xx.o
      4220        148          0          0          0      13450   stm32f4xx_adc.o
      2326        132          0          0          0       5517   stm32f4xx_gpio.o
        72          4          0          0          0       1672   stm32f4xx_it.o
      3452        262          0         16          0      13619   stm32f4xx_rcc.o
      3016        118          0          0          0       8649   stm32f4xx_spi.o
     12948        670          0          0          0      31316   stm32f4xx_tim.o
      3764        164          0          0          0      10196   stm32f4xx_usart.o
       528         46          0         20          0       2015   system_stm32f4xx.o
       644         42          0         20         60      22569   time.o
       176         30          0         11          0       1373   ultrasonic.o
      1076         48          0          4        768       3910   usart.o
        82          0        368          9        800      27798   usb_config.o
      2632        202          0         36          0       7944   usbd_core.o
       432         68          0          0          0       1732   usbd_core_hid.o
      1540        184          0         39          0       5995   usbd_hid.o
      4792        220          0         48        112      27305   usbd_stm32f4xx_fs.o
       588         24          0          4        320      10478   usbd_user_hid.o
        32         10          0          0         81       1556   version.o

    ----------------------------------------------------------------------
     89596       4646        836       1796      14976    1554162   Object Totals
         0          0         32          0          0          0   (incl. Generated)
         4          0          0         19          9          0   (incl. Padding)

    ----------------------------------------------------------------------

      Code (inc. data)   RO Data    RW Data    ZI Data      Debug   Library Member Name

       864         94         80          0          0        280   asin.o
        84         16          0          0          0        372   dunder.o
        24          0          0          0          0        124   fabs.o
        48          0          0          0          0        124   fpclassify.o
       248          0          0          0          0        152   poly.o
       110          0          0          0          0        148   sqrt.o
        86          0          0          0          0          0   __dczerorl2.o
         0          0          0          0          0          0   entry.o
         0          0          0          0          0          0   entry10a.o
         0          0          0          0          0          0   entry11a.o
         8          4          0          0          0          0   entry2.o
         4          0          0          0          0          0   entry5.o
         0          0          0          0          0          0   entry7b.o
         0          0          0          0          0          0   entry8b.o
         8          4          0          0          0          0   entry9a.o
        12          6          0          4          0         68   errno.o
        30          0          0          0          0          0   handlers.o
        36          8          0          0          0         68   init.o
         0          0          0          0          0          0   iusefp.o
        30          0          0          0          0         68   llshl.o
        36          0          0          0          0         68   llsshr.o
        32          0          0          0          0         68   llushr.o
        36          0          0          0          0         68   memcpya.o
        36          0          0          0          0        108   memseta.o
        14          0          0          0          0         68   strlen.o
        48          0          0          0          0         68   cdcmple.o
        48          0          0          0          0         68   cdrcmple.o
        56          0          0          0          0         88   d2f.o
       334          0          0          0          0        148   dadd.o
       222          0          0          0          0        100   ddiv.o
       186          0          0          0          0        176   depilogue.o
        34          0          0          0          0         76   dflti.o
       228          0          0          0          0         96   dmul.o
       162          0          0          0          0        100   dsqrt.o
        38          0          0          0          0         68   f2d.o
       110          0          0          0          0        168   fepilogue.o

    ----------------------------------------------------------------------
      3224        132         80          4          0       2940   Library Totals
        12          0          0          0          0          0   (incl. Padding)

    ----------------------------------------------------------------------

      Code (inc. data)   RO Data    RW Data    ZI Data      Debug   Library Name

      1378        110         80          0          0       1200   m_wm.l
       368         22          0          4          0        584   mc_w.l
      1466          0          0          0          0       1156   mf_w.l

    ----------------------------------------------------------------------
      3224        132         80          4          0       2940   Library Totals

    ----------------------------------------------------------------------

==============================================================================


      Code (inc. data)   RO Data    RW Data    ZI Data      Debug   

     92820       4778        916       1800      14976    1547654   Grand Totals
     92820       4778        916       1136      14976    1547654   ELF Image Totals (compressed)
     92820       4778        916       1136          0          0   ROM Totals

==============================================================================

    Total RO  Size (Code + RO Data)                93736 (  91.54kB)
    Total RW  Size (RW Data + ZI Data)             16776 (  16.38kB)
    Total ROM Size (Code + RO Data + RW Data)      94872 (  92.65kB)

==============================================================================

