<html>
<body>
<pre>
<h1>µVision Build Log</h1>
<h2>Tool Versions:</h2>
IDE-Version: ¦ÌVision V5.21.1.0
Copyright (C) 2016 ARM Ltd and ARM Germany GmbH. All rights reserved.
License Information: 55 hb, Hewlett-Packard, LIC=EXJMM-X7FHZ-KN4AC-76NM8-LT25D-D43KV
 
Tool Versions:
Toolchain:       MDK-ARM Plus  Version: 5.21a
Toolchain Path:  C:\Keil_v5\ARM\ARMCC\Bin
C Compiler:      Armcc.exe V5.06 update 3 (build 300)
Assembler:       Armasm.exe V5.06 update 3 (build 300)
Linker/Locator:  ArmLink.exe V5.06 update 3 (build 300)
Library Manager: ArmAr.exe V5.06 update 3 (build 300)
Hex Converter:   FromElf.exe V5.06 update 3 (build 300)
CPU DLL:         SARMCM3.DLL V5.21a
Dialog DLL:      DCM.DLL V1.13.8.0
Target DLL:      Segger\JL2CM3.dll V2.99.23.0
Dialog DLL:      TCM.DLL V1.14.14.0
 
<h2>Project:</h2>
H:\GIT\gitrepostory\R-bob.github.io\Aqurbman_bob\F407_FC.uvproj
Project File Date:  12/23/2016

<h2>Output:</h2>
*** Using Compiler 'V5.06 update 3 (build 300)', folder: 'C:\Keil_v5\ARM\ARMCC\Bin'
Build target 'Anopilot'
compiling main.c...
compiling stm32f4xx_it.c...
compiling scheduler.c...
compiling init.c...
compiling parameter.c...
compiling ctrl.c...
compiling imu.c...
compiling rc.c...
compiling data_transfer.c...
compiling usbd_user_hid.c...
compiling filter.c...
compiling height_ctrl.c...
compiling time.c...
compiling pwm_in.c...
compiling pwm_out.c...
compiling mpu6050.c...
compiling ak8975.c...
compiling led.c...
compiling ms5611.c...
compiling usart.c...
drivers\usart.c(16): warning:  #177-D: variable "USART_ClockInitStruct" was declared but never referenced
  	USART_ClockInitTypeDef USART_ClockInitStruct;
drivers\usart.c: 1 warning, 0 errors
compiling ultrasonic.c...
drivers\ultrasonic.c(34): warning:  #9-D: nested comment is not allowed
  //////////////////////////////////////////////*/	
drivers\ultrasonic.c: 1 warning, 0 errors
linking...
Program Size: Code=92788 RO-data=916 RW-data=1800 ZI-data=14976  
FromELF: creating hex file...
After Build - User command #1: C:\Keil_v5\ARM\ARMCC\bin\fromelf.exe --bin -o  build\qsx.bin  build\qsx.axf
".\build\qsx.axf" - 0 Error(s), 2 Warning(s).
Build Time Elapsed:  00:00:15
</pre>
</body>
</html>
