Product: ARM Compiler 5.04
Component: ARM Compiler 5.04 update 1 (build 49)
Tool: armlink [5040049]

==============================================================================

Section Cross References

    startup_stm32f10x_hd.o(RESET) refers to startup_stm32f10x_hd.o(.text) for Reset_Handler
    startup_stm32f10x_hd.o(RESET) refers to stm32f10x_it.o(.text) for NMI_Handler
    startup_stm32f10x_hd.o(RESET) refers to os_cpu_a.o(.text) for OS_CPU_PendSVHandler
    startup_stm32f10x_hd.o(RESET) refers to tim2.o(.text) for TIM2_IRQHandler
    startup_stm32f10x_hd.o(RESET) refers to usart1.o(.text) for USART1_IRQHandler
    startup_stm32f10x_hd.o(.text) refers to startup_stm32f10x_hd.o(STACK) for __initial_sp
    startup_stm32f10x_hd.o(.text) refers to entry.o(.ARM.Collect$$$$00000000) for __main
    main.o(.text) refers to bsp.o(.text) for BSP_Init
    main.o(.text) refers to os_core.o(.text) for OSInit
    main.o(.text) refers to printf2.o(i.__0printf$2) for __2printf
    main.o(.text) refers to os_task.o(.text) for OSTaskCreate
    main.o(.text) refers to main.o(.bss) for startup_task_stk
    main.o(.text) refers to app.o(.text) for Task_Start
    stm32f10x_it.o(.text) refers to os_core.o(.text) for OSIntEnter
    stm32f10x_it.o(.text) refers to stm32f10x_exti.o(.text) for EXTI_GetITStatus
    stm32f10x_it.o(.text) refers to sensor.o(.text) for DHT11_get
    stm32f10x_gpio.o(.text) refers to stm32f10x_rcc.o(.text) for RCC_APB2PeriphResetCmd
    stm32f10x_rcc.o(.text) refers to stm32f10x_rcc.o(.data) for APBAHBPrescTable
    stm32f10x_tim.o(.text) refers to stm32f10x_rcc.o(.text) for RCC_APB2PeriphResetCmd
    stm32f10x_usart.o(.text) refers to stm32f10x_rcc.o(.text) for RCC_APB2PeriphResetCmd
    bsp.o(.text) refers to system_stm32f10x.o(.text) for SystemInit
    bsp.o(.text) refers to led.o(.text) for LED_GPIO_Config
    bsp.o(.text) refers to tim2.o(.text) for TIM2_Config
    bsp.o(.text) refers to ultrasonicwave.o(.text) for UltrasonicWave_Config
    bsp.o(.text) refers to usart1.o(.text) for USART1_CONFIG
    bsp.o(.text) refers to oled.o(.text) for OLED_Config
    bsp.o(.text) refers to sensor.o(.text) for sensor_Config
    bsp.o(.text) refers to key.o(.text) for EXTI_PA0_Config
    bsp.o(.text) refers to printf2.o(i.__0printf$2) for __2printf
    bsp.o(.text) refers to pwm.o(.text) for TIM3_Pwm_Init
    bsp.o(.text) refers to misc.o(.text) for SysTick_CLKSourceConfig
    bsp.o(.text) refers to os_time.o(.text) for OSTimeDly
    bsp.o(.text) refers to system_stm32f10x.o(.constdata) for SystemFrequency
    bsp.o(.text) refers to system_stm32f10x.o(.data) for SystemCoreClock
    bsp.o(.text) refers to bsp.o(.data) for fac_us
    led.o(.text) refers to stm32f10x_rcc.o(.text) for RCC_APB2PeriphClockCmd
    led.o(.text) refers to stm32f10x_gpio.o(.text) for GPIO_Init
    tim2.o(.text) refers to misc.o(.text) for NVIC_PriorityGroupConfig
    tim2.o(.text) refers to stm32f10x_tim.o(.text) for TIM_GetITStatus
    tim2.o(.text) refers to stm32f10x_rcc.o(.text) for RCC_APB1PeriphClockCmd
    ultrasonicwave.o(.text) refers to stm32f10x_rcc.o(.text) for RCC_APB2PeriphClockCmd
    ultrasonicwave.o(.text) refers to stm32f10x_gpio.o(.text) for GPIO_Init
    ultrasonicwave.o(.text) refers to oled.o(.text) for LED_PrintValueFP_my
    ultrasonicwave.o(.text) refers to stm32f10x_tim.o(.text) for TIM_Cmd
    ultrasonicwave.o(.text) refers to printf2.o(i.__0printf$2) for __2printf
    usart1.o(.text) refers to stm32f10x_rcc.o(.text) for RCC_APB2PeriphClockCmd
    usart1.o(.text) refers to stm32f10x_gpio.o(.text) for GPIO_Init
    usart1.o(.text) refers to stm32f10x_usart.o(.text) for USART_Init
    usart1.o(.text) refers to misc.o(.text) for NVIC_PriorityGroupConfig
    usart1.o(.text) refers to printf2.o(i.__0printf$2) for __2printf
    usart1.o(.text) refers to usart1.o(.data) for buff
    oled.o(.text) refers to stm32f10x_gpio.o(.text) for GPIO_SetBits
    oled.o(.text) refers to stm32f10x_rcc.o(.text) for RCC_APB2PeriphClockCmd
    oled.o(.text) refers to oled.o(.constdata) for F6x8
    oled.o(.text) refers to ffixi.o(.text) for __aeabi_f2iz
    oled.o(.text) refers to fflti.o(.text) for __aeabi_i2f
    oled.o(.text) refers to fadd.o(.text) for __aeabi_frsub
    oled.o(.text) refers to fmul.o(.text) for __aeabi_fmul
    oled.o(.text) refers to ffixui.o(.text) for __aeabi_f2uiz
    oled.o(.text) refers to f2d.o(.text) for __aeabi_f2d
    oled.o(.text) refers to cdcmple.o(.text) for __aeabi_cdcmple
    sensor.o(.text) refers to stm32f10x_rcc.o(.text) for RCC_APB2PeriphClockCmd
    sensor.o(.text) refers to stm32f10x_gpio.o(.text) for GPIO_Init
    sensor.o(.text) refers to oled.o(.text) for LED_P6x8Char
    sensor.o(.text) refers to bsp.o(.text) for delay_us
    sensor.o(.text) refers to sensor.o(.data) for DHT11_Data
    key.o(.text) refers to misc.o(.text) for NVIC_PriorityGroupConfig
    key.o(.text) refers to stm32f10x_rcc.o(.text) for RCC_APB2PeriphClockCmd
[...]
    printf3.o(i.__0sprintf$3) refers to printf3.o(i._sputc) for _sputc
    printf3.o(i.__0vfprintf$3) refers to printf3.o(i._printf_core) for _printf_core
    printf3.o(i.__0vfprintf$3) refers to usart1.o(.text) for fputc
    printf3.o(i.__0vprintf$3) refers to printf3.o(i._printf_core) for _printf_core
    printf3.o(i.__0vprintf$3) refers to usart1.o(.text) for fputc
    printf3.o(i.__0vprintf$3) refers to stdout.o(.data) for __stdout
    printf3.o(i.__0vsnprintf$3) refers to printf3.o(i._printf_core) for _printf_core
    printf3.o(i.__0vsnprintf$3) refers to printf3.o(i._snputc) for _snputc
    printf3.o(i.__0vsprintf$3) refers to printf3.o(i._printf_core) for _printf_core
    printf3.o(i.__0vsprintf$3) refers to printf3.o(i._sputc) for _sputc
    printf3.o(i._printf_core) refers to uidiv.o(.text) for __aeabi_uidivmod
    printf4.o(i.__0fprintf$4) refers to printf4.o(i._printf_core) for _printf_core
    printf4.o(i.__0fprintf$4) refers to usart1.o(.text) for fputc
    printf4.o(i.__0printf$4) refers to printf4.o(i._printf_core) for _printf_core
    printf4.o(i.__0printf$4) refers to usart1.o(.text) for fputc
    printf4.o(i.__0printf$4) refers to stdout.o(.data) for __stdout
    printf4.o(i.__0snprintf$4) refers to printf4.o(i._printf_core) for _printf_core
    printf4.o(i.__0snprintf$4) refers to printf4.o(i._snputc) for _snputc
    printf4.o(i.__0sprintf$4) refers to printf4.o(i._printf_core) for _printf_core
    printf4.o(i.__0sprintf$4) refers to printf4.o(i._sputc) for _sputc
    printf4.o(i.__0vfprintf$4) refers to printf4.o(i._printf_core) for _printf_core
    printf4.o(i.__0vfprintf$4) refers to usart1.o(.text) for fputc
    printf4.o(i.__0vprintf$4) refers to printf4.o(i._printf_core) for _printf_core
    printf4.o(i.__0vprintf$4) refers to usart1.o(.text) for fputc
    printf4.o(i.__0vprintf$4) refers to stdout.o(.data) for __stdout
    printf4.o(i.__0vsnprintf$4) refers to printf4.o(i._printf_core) for _printf_core
    printf4.o(i.__0vsnprintf$4) refers to printf4.o(i._snputc) for _snputc
    printf4.o(i.__0vsprintf$4) refers to printf4.o(i._printf_core) for _printf_core
    printf4.o(i.__0vsprintf$4) refers to printf4.o(i._sputc) for _sputc
    printf4.o(i._printf_core) refers to uldiv.o(.text) for __aeabi_uldivmod
    printf5.o(i.__0fprintf$5) refers to printf5.o(i._printf_core) for _printf_core
    printf5.o(i.__0fprintf$5) refers to usart1.o(.text) for fputc
    printf5.o(i.__0printf$5) refers to printf5.o(i._printf_core) for _printf_core
    printf5.o(i.__0printf$5) refers to usart1.o(.text) for fputc
    printf5.o(i.__0printf$5) refers to stdout.o(.data) for __stdout
    printf5.o(i.__0snprintf$5) refers to printf5.o(i._printf_core) for _printf_core
    printf5.o(i.__0snprintf$5) refers to printf5.o(i._snputc) for _snputc
    printf5.o(i.__0sprintf$5) refers to printf5.o(i._printf_core) for _printf_core
    printf5.o(i.__0sprintf$5) refers to printf5.o(i._sputc) for _sputc
    printf5.o(i.__0vfprintf$5) refers to printf5.o(i._printf_core) for _printf_core
    printf5.o(i.__0vfprintf$5) refers to usart1.o(.text) for fputc
    printf5.o(i.__0vprintf$5) refers to printf5.o(i._printf_core) for _printf_core
    printf5.o(i.__0vprintf$5) refers to usart1.o(.text) for fputc
    printf5.o(i.__0vprintf$5) refers to stdout.o(.data) for __stdout
    printf5.o(i.__0vsnprintf$5) refers to printf5.o(i._printf_core) for _printf_core
    printf5.o(i.__0vsnprintf$5) refers to printf5.o(i._snputc) for _snputc
    printf5.o(i.__0vsprintf$5) refers to printf5.o(i._printf_core) for _printf_core
    printf5.o(i.__0vsprintf$5) refers to printf5.o(i._sputc) for _sputc
    printf5.o(i._printf_core) refers to uldiv.o(.text) for __aeabi_uldivmod
    printf6.o(i.__0fprintf$6) refers to printf6.o(i._printf_core) for _printf_core
    printf6.o(i.__0fprintf$6) refers to usart1.o(.text) for fputc
    printf6.o(i.__0printf$6) refers to printf6.o(i._printf_core) for _printf_core
    printf6.o(i.__0printf$6) refers to usart1.o(.text) for fputc
    printf6.o(i.__0printf$6) refers to stdout.o(.data) for __stdout
    printf6.o(i.__0snprintf$6) refers to printf6.o(i._printf_core) for _printf_core
    printf6.o(i.__0snprintf$6) refers to printf6.o(i._snputc) for _snputc
    printf6.o(i.__0sprintf$6) refers to printf6.o(i._printf_core) for _printf_core
    printf6.o(i.__0sprintf$6) refers to printf6.o(i._sputc) for _sputc
    printf6.o(i.__0vfprintf$6) refers to printf6.o(i._printf_core) for _printf_core
    printf6.o(i.__0vfprintf$6) refers to usart1.o(.text) for fputc
    printf6.o(i.__0vprintf$6) refers to printf6.o(i._printf_core) for _printf_core
    printf6.o(i.__0vprintf$6) refers to usart1.o(.text) for fputc
    printf6.o(i.__0vprintf$6) refers to stdout.o(.data) for __stdout
    printf6.o(i.__0vsnprintf$6) refers to printf6.o(i._printf_core) for _printf_core
    printf6.o(i.__0vsnprintf$6) refers to printf6.o(i._snputc) for _snputc
    printf6.o(i.__0vsprintf$6) refers to printf6.o(i._printf_core) for _printf_core
    printf6.o(i.__0vsprintf$6) refers to printf6.o(i._sputc) for _sputc
    printf6.o(i._printf_core) refers to printf6.o(i._printf_pre_padding) for _printf_pre_padding
    printf6.o(i._printf_core) refers to uidiv.o(.text) for __aeabi_uidivmod
    printf6.o(i._printf_core) refers to printf6.o(i._printf_post_padding) for _printf_post_padding
    printf7.o(i.__0fprintf$7) refers to printf7.o(i._printf_core) for _printf_core
    printf7.o(i.__0fprintf$7) refers to usart1.o(.text) for fputc
    printf7.o(i.__0printf$7) refers to printf7.o(i._printf_core) for _printf_core
    printf7.o(i.__0printf$7) refers to usart1.o(.text) for fputc
    printf7.o(i.__0printf$7) refers to stdout.o(.data) for __stdout
    printf7.o(i.__0snprintf$7) refers to printf7.o(i._printf_core) for _printf_core
    printf7.o(i.__0snprintf$7) refers to printf7.o(i._snputc) for _snputc
    printf7.o(i.__0sprintf$7) refers to printf7.o(i._printf_core) for _printf_core
    printf7.o(i.__0sprintf$7) refers to printf7.o(i._sputc) for _sputc
    printf7.o(i.__0vfprintf$7) refers to printf7.o(i._printf_core) for _printf_core
    printf7.o(i.__0vfprintf$7) refers to usart1.o(.text) for fputc
    printf7.o(i.__0vprintf$7) refers to printf7.o(i._printf_core) for _printf_core
    printf7.o(i.__0vprintf$7) refers to usart1.o(.text) for fputc
    printf7.o(i.__0vprintf$7) refers to stdout.o(.data) for __stdout
    printf7.o(i.__0vsnprintf$7) refers to printf7.o(i._printf_core) for _printf_core
    printf7.o(i.__0vsnprintf$7) refers to printf7.o(i._snputc) for _snputc
    printf7.o(i.__0vsprintf$7) refers to printf7.o(i._printf_core) for _printf_core
    printf7.o(i.__0vsprintf$7) refers to printf7.o(i._sputc) for _sputc
    printf7.o(i._printf_core) refers to printf7.o(i._printf_pre_padding) for _printf_pre_padding
    printf7.o(i._printf_core) refers to uldiv.o(.text) for __aeabi_uldivmod
    printf7.o(i._printf_core) refers to printf7.o(i._printf_post_padding) for _printf_post_padding
    printf8.o(i.__0fprintf$8) refers to printf8.o(i._printf_core) for _printf_core
    printf8.o(i.__0fprintf$8) refers to usart1.o(.text) for fputc
    printf8.o(i.__0printf$8) refers to printf8.o(i._printf_core) for _printf_core
    printf8.o(i.__0printf$8) refers to usart1.o(.text) for fputc
    printf8.o(i.__0printf$8) refers to stdout.o(.data) for __stdout
    printf8.o(i.__0snprintf$8) refers to printf8.o(i._printf_core) for _printf_core
    printf8.o(i.__0snprintf$8) refers to printf8.o(i._snputc) for _snputc
    printf8.o(i.__0sprintf$8) refers to printf8.o(i._printf_core) for _printf_core
    printf8.o(i.__0sprintf$8) refers to printf8.o(i._sputc) for _sputc
    printf8.o(i.__0vfprintf$8) refers to printf8.o(i._printf_core) for _printf_core
    printf8.o(i.__0vfprintf$8) refers to usart1.o(.text) for fputc
    printf8.o(i.__0vprintf$8) refers to printf8.o(i._printf_core) for _printf_core
    printf8.o(i.__0vprintf$8) refers to usart1.o(.text) for fputc
    printf8.o(i.__0vprintf$8) refers to stdout.o(.data) for __stdout
    printf8.o(i.__0vsnprintf$8) refers to printf8.o(i._printf_core) for _printf_core
    printf8.o(i.__0vsnprintf$8) refers to printf8.o(i._snputc) for _snputc
    printf8.o(i.__0vsprintf$8) refers to printf8.o(i._printf_core) for _printf_core
    printf8.o(i.__0vsprintf$8) refers to printf8.o(i._sputc) for _sputc
    printf8.o(i._printf_core) refers to printf8.o(i._printf_pre_padding) for _printf_pre_padding
    printf8.o(i._printf_core) refers to uldiv.o(.text) for __aeabi_uldivmod
    printf8.o(i._printf_core) refers to printf8.o(i._printf_post_padding) for _printf_post_padding
    printfa.o(i.__0fprintf) refers (Special) to iusefp.o(.text) for __I$use$fp
    printfa.o(i.__0fprintf) refers to printfa.o(i._printf_core) for _printf_core
    printfa.o(i.__0fprintf) refers to usart1.o(.text) for fputc
    printfa.o(i.__0printf) refers (Special) to iusefp.o(.text) for __I$use$fp
    printfa.o(i.__0printf) refers to printfa.o(i._printf_core) for _printf_core
    printfa.o(i.__0printf) refers to usart1.o(.text) for fputc
    printfa.o(i.__0printf) refers to stdout.o(.data) for __stdout
    printfa.o(i.__0snprintf) refers (Special) to iusefp.o(.text) for __I$use$fp
    printfa.o(i.__0snprintf) refers to printfa.o(i._printf_core) for _printf_core
    printfa.o(i.__0snprintf) refers to printfa.o(i._snputc) for _snputc
    printfa.o(i.__0sprintf) refers (Special) to iusefp.o(.text) for __I$use$fp
    printfa.o(i.__0sprintf) refers to printfa.o(i._printf_core) for _printf_core
    printfa.o(i.__0sprintf) refers to printfa.o(i._sputc) for _sputc
    printfa.o(i.__0vfprintf) refers (Special) to iusefp.o(.text) for __I$use$fp
    printfa.o(i.__0vfprintf) refers to printfa.o(i._printf_core) for _printf_core
    printfa.o(i.__0vfprintf) refers to usart1.o(.text) for fputc
    printfa.o(i.__0vprintf) refers (Special) to iusefp.o(.text) for __I$use$fp
    printfa.o(i.__0vprintf) refers to printfa.o(i._printf_core) for _printf_core
    printfa.o(i.__0vprintf) refers to usart1.o(.text) for fputc
    printfa.o(i.__0vprintf) refers to stdout.o(.data) for __stdout
    printfa.o(i.__0vsnprintf) refers (Special) to iusefp.o(.text) for __I$use$fp
    printfa.o(i.__0vsnprintf) refers to printfa.o(i._printf_core) for _printf_core
    printfa.o(i.__0vsnprintf) refers to printfa.o(i._snputc) for _snputc
    printfa.o(i.__0vsprintf) refers (Special) to iusefp.o(.text) for __I$use$fp
    printfa.o(i.__0vsprintf) refers to printfa.o(i._printf_core) for _printf_core
    printfa.o(i.__0vsprintf) refers to printfa.o(i._sputc) for _sputc
    printfa.o(i._fp_digits) refers (Special) to iusefp.o(.text) for __I$use$fp
    printfa.o(i._fp_digits) refers to dmul.o(.text) for __aeabi_dmul
    printfa.o(i._fp_digits) refers to ddiv.o(.text) for __aeabi_ddiv
    printfa.o(i._fp_digits) refers to cdrcmple.o(.text) for __aeabi_cdrcmple
    printfa.o(i._fp_digits) refers to dadd.o(.text) for __aeabi_dadd
    printfa.o(i._fp_digits) refers to dfixul.o(.text) for __aeabi_d2ulz
    printfa.o(i._fp_digits) refers to uldiv.o(.text) for __aeabi_uldivmod
    printfa.o(i._printf_core) refers (Special) to iusefp.o(.text) for __I$use$fp
    printfa.o(i._printf_core) refers to printfa.o(i._printf_pre_padding) for _printf_pre_padding
    printfa.o(i._printf_core) refers to uldiv.o(.text) for __aeabi_uldivmod
    printfa.o(i._printf_core) refers to printfa.o(i._printf_post_padding) for _printf_post_padding
    printfa.o(i._printf_core) refers to printfa.o(i._fp_digits) for _fp_digits
    printfa.o(i._printf_core) refers to uidiv.o(.text) for __aeabi_uidivmod
    printfa.o(i._printf_post_padding) refers (Special) to iusefp.o(.text) for __I$use$fp
    printfa.o(i._printf_pre_padding) refers (Special) to iusefp.o(.text) for __I$use$fp
    printfa.o(i._snputc) refers (Special) to iusefp.o(.text) for __I$use$fp
    printfa.o(i._sputc) refers (Special) to iusefp.o(.text) for __I$use$fp
    fadd.o(.text) refers (Special) to iusefp.o(.text) for __I$use$fp
    fadd.o(.text) refers to fepilogue.o(.text) for _float_epilogue
    fmul.o(.text) refers (Special) to iusefp.o(.text) for __I$use$fp
    fflti.o(.text) refers (Special) to iusefp.o(.text) for __I$use$fp
    fflti.o(.text) refers to fepilogue.o(.text) for _float_epilogue
    ffixi.o(.text) refers (Special) to iusefp.o(.text) for __I$use$fp
    ffixui.o(.text) refers (Special) to iusefp.o(.text) for __I$use$fp
    f2d.o(.text) refers (Special) to iusefp.o(.text) for __I$use$fp
    cdcmple.o(.text) refers (Special) to iusefp.o(.text) for __I$use$fp
    entry2.o(.ARM.Collect$$$$00000001) refers to entry2.o(.ARM.Collect$$$$00002712) for __lit__00000000
    entry2.o(.ARM.Collect$$$$00002712) refers to startup_stm32f10x_hd.o(STACK) for __initial_sp
    entry2.o(__vectab_stack_and_reset_area) refers to startup_stm32f10x_hd.o(STACK) for __initial_sp
    entry2.o(__vectab_stack_and_reset_area) refers to entry.o(.ARM.Collect$$$$00000000) for __main
    entry5.o(.ARM.Collect$$$$00000004) refers to init.o(.text) for __scatterload
    entry9a.o(.ARM.Collect$$$$0000000B) refers to main.o(.text) for main
    entry9b.o(.ARM.Collect$$$$0000000C) refers to main.o(.text) for main
    uldiv.o(.text) refers to llushr.o(.text) for __aeabi_llsr
    uldiv.o(.text) refers to llshl.o(.text) for __aeabi_llsl
    dadd.o(.text) refers to llshl.o(.text) for __aeabi_llsl
    dadd.o(.text) refers to llsshr.o(.text) for __aeabi_lasr
    dadd.o(.text) refers to depilogue.o(.text) for _double_epilogue
    dmul.o(.text) refers to depilogue.o(.text) for _double_epilogue
    ddiv.o(.text) refers to depilogue.o(.text) for _double_round
    dfixul.o(.text) refers to llushr.o(.text) for __aeabi_llsr
    dfixul.o(.text) refers to llshl.o(.text) for __aeabi_llsl
    init.o(.text) refers to entry5.o(.ARM.Collect$$$$00000004) for __main_after_scatterload
    depilogue.o(.text) refers to llshl.o(.text) for __aeabi_llsl
    depilogue.o(.text) refers to llushr.o(.text) for __aeabi_llsr


==============================================================================

Removing Unused input sections from the image.

    Removing startup_stm32f10x_hd.o(HEAP), (0 bytes).
    Removing core_cm3.o(.emb_text), (32 bytes).
    Removing os_sem.o(.text), (1032 bytes).
    Removing os_dbg.o(.constdata), (2 bytes).
    Removing dadd.o(.text), (334 bytes).
    Removing dmul.o(.text), (228 bytes).
    Removing ddiv.o(.text), (222 bytes).
    Removing dfixul.o(.text), (48 bytes).
    Removing cdrcmple.o(.text), (40 bytes).
    Removing depilogue.o(.text), (182 bytes).

10 unused section(s) (total 2120 bytes) removed from the image.

==============================================================================

Image Symbol Table

    Local Symbols

    Symbol Name                              Value     Ov Type        Size  Object(Section)

    ../clib/microlib/division.c              0x00000000   Number         0  uidiv.o ABSOLUTE
    ../clib/microlib/division.c              0x00000000   Number         0  uldiv.o ABSOLUTE
    ../clib/microlib/init/entry.s            0x00000000   Number         0  entry11a.o ABSOLUTE
    ../clib/microlib/init/entry.s            0x00000000   Number         0  entry2.o ABSOLUTE
    ../clib/microlib/init/entry.s            0x00000000   Number         0  entry10b.o ABSOLUTE
    ../clib/microlib/init/entry.s            0x00000000   Number         0  entry10a.o ABSOLUTE
    ../clib/microlib/init/entry.s            0x00000000   Number         0  entry5.o ABSOLUTE
    ../clib/microlib/init/entry.s            0x00000000   Number         0  entry11b.o ABSOLUTE
    ../clib/microlib/init/entry.s            0x00000000   Number         0  entry7a.o ABSOLUTE
    ../clib/microlib/init/entry.s            0x00000000   Number         0  entry.o ABSOLUTE
    ../clib/microlib/init/entry.s            0x00000000   Number         0  entry9a.o ABSOLUTE
    ../clib/microlib/init/entry.s            0x00000000   Number         0  entry7b.o ABSOLUTE
    ../clib/microlib/init/entry.s            0x00000000   Number         0  entry8a.o ABSOLUTE
    ../clib/microlib/init/entry.s            0x00000000   Number         0  entry9b.o ABSOLUTE
    ../clib/microlib/init/entry.s            0x00000000   Number         0  entry8b.o ABSOLUTE
    ../clib/microlib/longlong.c              0x00000000   Number         0  llshl.o ABSOLUTE
    ../clib/microlib/longlong.c              0x00000000   Number         0  llsshr.o ABSOLUTE
    ../clib/microlib/longlong.c              0x00000000   Number         0  llushr.o ABSOLUTE
    ../clib/microlib/printf/printf.c         0x00000000   Number         0  printf0.o ABSOLUTE
    ../clib/microlib/printf/printf.c         0x00000000   Number         0  printf1.o ABSOLUTE
    ../clib/microlib/printf/printf.c         0x00000000   Number         0  printf2.o ABSOLUTE
    ../clib/microlib/printf/printf.c         0x00000000   Number         0  printf4.o ABSOLUTE
    ../clib/microlib/printf/printf.c         0x00000000   Number         0  printf5.o ABSOLUTE
    ../clib/microlib/printf/printf.c         0x00000000   Number         0  printf6.o ABSOLUTE
    ../clib/microlib/printf/printf.c         0x00000000   Number         0  printf7.o ABSOLUTE
    ../clib/microlib/printf/printf.c         0x00000000   Number         0  printf8.o ABSOLUTE
    ../clib/microlib/printf/printf.c         0x00000000   Number         0  printfa.o ABSOLUTE
    ../clib/microlib/printf/printf.c         0x00000000   Number         0  printf3.o ABSOLUTE
    ../clib/microlib/printf/printf.c         0x00000000   Number         0  printfb.o ABSOLUTE
    ../clib/microlib/printf/stubs.s          0x00000000   Number         0  stubs.o ABSOLUTE
    ../clib/microlib/stdio/streams.c         0x00000000   Number         0  stdout.o ABSOLUTE
    ../clib/microlib/stubs.s                 0x00000000   Number         0  iusefp.o ABSOLUTE
    ../fplib/microlib/f2d.c                  0x00000000   Number         0  f2d.o ABSOLUTE
    ../fplib/microlib/fpadd.c                0x00000000   Number         0  fadd.o ABSOLUTE
    ../fplib/microlib/fpadd.c                0x00000000   Number         0  dadd.o ABSOLUTE
    ../fplib/microlib/fpdiv.c                0x00000000   Number         0  ddiv.o ABSOLUTE
    ../fplib/microlib/fpepilogue.c           0x00000000   Number         0  fepilogue.o ABSOLUTE
    ../fplib/microlib/fpepilogue.c           0x00000000   Number         0  depilogue.o ABSOLUTE
    ../fplib/microlib/fpfix.c                0x00000000   Number         0  ffixui.o ABSOLUTE
    ../fplib/microlib/fpfix.c                0x00000000   Number         0  ffixi.o ABSOLUTE
    ../fplib/microlib/fpfix.c                0x00000000   Number         0  dfixul.o ABSOLUTE
    ../fplib/microlib/fpflt.c                0x00000000   Number         0  fflti.o ABSOLUTE
    ../fplib/microlib/fpmul.c                0x00000000   Number         0  dmul.o ABSOLUTE
    ../fplib/microlib/fpmul.c                0x00000000   Number         0  fmul.o ABSOLUTE
    ..\APP\app.c                             0x00000000   Number         0  app.o ABSOLUTE
    ..\BSP\BSP.c                             0x00000000   Number         0  bsp.o ABSOLUTE
    ..\BSP\Key\key.c                         0x00000000   Number         0  key.o ABSOLUTE
    ..\BSP\OLED\OLED.c                       0x00000000   Number         0  oled.o ABSOLUTE
    ..\BSP\Sensor\Sensor.c                   0x00000000   Number         0  sensor.o ABSOLUTE
    ..\BSP\led.c                             0x00000000   Number         0  led.o ABSOLUTE
    ..\BSP\pwm\PWM.c                         0x00000000   Number         0  pwm.o ABSOLUTE
    ..\BSP\ultraeaves\TIM2.c                 0x00000000   Number         0  tim2.o ABSOLUTE
    ..\BSP\ultraeaves\UltrasonicWave.c       0x00000000   Number         0  ultrasonicwave.o ABSOLUTE
    ..\BSP\ultraeaves\usart1.c               0x00000000   Number         0  usart1.o ABSOLUTE
    ..\CMSIS\core_cm3.c                      0x00000000   Number         0  core_cm3.o ABSOLUTE
    ..\CMSIS\startup\startup_stm32f10x_hd.s  0x00000000   Number         0  startup_stm32f10x_hd.o ABSOLUTE
    ..\CMSIS\system_stm32f10x.c              0x00000000   Number         0  system_stm32f10x.o ABSOLUTE
    ..\FWlib\src\misc.c                      0x00000000   Number         0  misc.o ABSOLUTE
    ..\FWlib\src\stm32f10x_exti.c            0x00000000   Number         0  stm32f10x_exti.o ABSOLUTE
    ..\FWlib\src\stm32f10x_gpio.c            0x00000000   Number         0  stm32f10x_gpio.o ABSOLUTE
    ..\FWlib\src\stm32f10x_rcc.c             0x00000000   Number         0  stm32f10x_rcc.o ABSOLUTE
    ..\FWlib\src\stm32f10x_tim.c             0x00000000   Number         0  stm32f10x_tim.o ABSOLUTE
    ..\FWlib\src\stm32f10x_usart.c           0x00000000   Number         0  stm32f10x_usart.o ABSOLUTE
    ..\\CMSIS\\core_cm3.c                    0x00000000   Number         0  core_cm3.o ABSOLUTE
    ..\uCOS-II\Ports\os_cpu_a.asm            0x00000000   Number         0  os_cpu_a.o ABSOLUTE
    ..\uCOS-II\Ports\os_cpu_c.c              0x00000000   Number         0  os_cpu_c.o ABSOLUTE
    ..\uCOS-II\Ports\os_dbg.c                0x00000000   Number         0  os_dbg.o ABSOLUTE
    ..\uCOS-II\Source\os_core.c              0x00000000   Number         0  os_core.o ABSOLUTE
    ..\uCOS-II\Source\os_flag.c              0x00000000   Number         0  os_flag.o ABSOLUTE
    ..\uCOS-II\Source\os_mbox.c              0x00000000   Number         0  os_mbox.o ABSOLUTE
    ..\uCOS-II\Source\os_mem.c               0x00000000   Number         0  os_mem.o ABSOLUTE
    ..\uCOS-II\Source\os_mutex.c             0x00000000   Number         0  os_mutex.o ABSOLUTE
    ..\uCOS-II\Source\os_q.c                 0x00000000   Number         0  os_q.o ABSOLUTE
    ..\uCOS-II\Source\os_sem.c               0x00000000   Number         0  os_sem.o ABSOLUTE
    ..\uCOS-II\Source\os_task.c              0x00000000   Number         0  os_task.o ABSOLUTE
    ..\uCOS-II\Source\os_time.c              0x00000000   Number         0  os_time.o ABSOLUTE
    ..\uCOS-II\Source\os_tmr.c               0x00000000   Number         0  os_tmr.o ABSOLUTE
    cdcmple.s                                0x00000000   Number         0  cdcmple.o ABSOLUTE
    cdrcmple.s                               0x00000000   Number         0  cdrcmple.o ABSOLUTE
    dc.s                                     0x00000000   Number         0  dc.o ABSOLUTE
    handlers.s                               0x00000000   Number         0  handlers.o ABSOLUTE
    init.s                                   0x00000000   Number         0  init.o ABSOLUTE
    main.c                                   0x00000000   Number         0  main.o ABSOLUTE
    stm32f10x_it.c                           0x00000000   Number         0  stm32f10x_it.o ABSOLUTE
    RESET                                    0x08000000   Section      304  startup_stm32f10x_hd.o(RESET)
    .ARM.Collect$$$$00000000                 0x08000130   Section        0  entry.o(.ARM.Collect$$$$00000000)
    .ARM.Collect$$$$00000001                 0x08000130   Section        4  entry2.o(.ARM.Collect$$$$00000001)
    .ARM.Collect$$$$00000004                 0x08000134   Section        4  entry5.o(.ARM.Collect$$$$00000004)
    .ARM.Collect$$$$00000008                 0x08000138   Section        0  entry7b.o(.ARM.Collect$$$$00000008)
    .ARM.Collect$$$$0000000A                 0x08000138   Section        0  entry8b.o(.ARM.Collect$$$$0000000A)
    .ARM.Collect$$$$0000000B                 0x08000138   Section        8  entry9a.o(.ARM.Collect$$$$0000000B)
    .ARM.Collect$$$$0000000D                 0x08000140   Section        0  entry10a.o(.ARM.Collect$$$$0000000D)
    .ARM.Collect$$$$0000000F                 0x08000140   Section        0  entry11a.o(.ARM.Collect$$$$0000000F)
    .ARM.Collect$$$$00002712                 0x08000140   Section        4  entry2.o(.ARM.Collect$$$$00002712)
    __lit__00000000                          0x08000140   Data           4  entry2.o(.ARM.Collect$$$$00002712)
    .text                                    0x08000144   Section       48  startup_stm32f10x_hd.o(.text)
    .text                                    0x08000174   Section        0  main.o(.text)
    .text                                    0x0800020c   Section        0  stm32f10x_it.o(.text)
    .text                                    0x0800024c   Section        0  stm32f10x_gpio.o(.text)
    .text                                    0x0800057c   Section        0  stm32f10x_rcc.o(.text)
    .text                                    0x0800091c   Section        0  stm32f10x_tim.o(.text)
    TI4_Config                               0x08000c3b   Thumb Code    82  stm32f10x_tim.o(.text)
    TI3_Config                               0x08000c9f   Thumb Code    72  stm32f10x_tim.o(.text)
    TI2_Config                               0x08000d11   Thumb Code    80  stm32f10x_tim.o(.text)
    TI1_Config                               0x08000d73   Thumb Code    56  stm32f10x_tim.o(.text)
    .text                                    0x080014e4   Section        0  stm32f10x_usart.o(.text)
    .text                                    0x08001854   Section        0  misc.o(.text)
    .text                                    0x08001930   Section        0  stm32f10x_exti.o(.text)
    .text                                    0x08001a70   Section        0  system_stm32f10x.o(.text)
    SetSysClockTo72                          0x08001a71   Thumb Code   220  system_stm32f10x.o(.text)
    SetSysClock                              0x08001b4d   Thumb Code     8  system_stm32f10x.o(.text)
    .text                                    0x08001ba8   Section        0  bsp.o(.text)
    .text                                    0x08001d20   Section        0  led.o(.text)
    .text                                    0x08001d80   Section        0  tim2.o(.text)
    .text                                    0x08001e0c   Section        0  ultrasonicwave.o(.text)
    .text                                    0x08002088   Section        0  usart1.o(.text)
    .text                                    0x080021bc   Section        0  oled.o(.text)
    .text                                    0x080031e0   Section        0  sensor.o(.text)
    DHT11_Mode_IPU                           0x08003391   Thumb Code    24  sensor.o(.text)
    DHT11_Mode_Out_PP                        0x080033a9   Thumb Code    30  sensor.o(.text)
    Read_Byte                                0x080033c7   Thumb Code    90  sensor.o(.text)
    .text                                    0x08003530   Section        0  key.o(.text)
    NVIC_Configuration                       0x08003531   Thumb Code    40  key.o(.text)
    .text                                    0x080035a4   Section        0  pwm.o(.text)
    TIM3_GPIO_Config                         0x080035a5   Thumb Code   190  pwm.o(.text)
    TIM3_Mode_Config                         0x08003663   Thumb Code   210  pwm.o(.text)
    .text                                    0x0800375c   Section        0  app.o(.text)
    .text                                    0x08003a5c   Section        0  os_core.o(.text)
    OS_InitTaskStat                          0x08003c3f   Thumb Code    52  os_core.o(.text)
    OS_InitTaskIdle                          0x08003c93   Thumb Code    52  os_core.o(.text)
    OS_InitEventList                         0x08003cd9   Thumb Code    70  os_core.o(.text)
    OS_InitTCBList                           0x08003d1f   Thumb Code    86  os_core.o(.text)
    OS_InitRdyList                           0x08003d75   Thumb Code    46  os_core.o(.text)
    OS_InitMisc                              0x08003da3   Thumb Code    44  os_core.o(.text)
    OS_SchedNew                              0x08003e0f   Thumb Code    26  os_core.o(.text)
    .text                                    0x080043f0   Section        0  os_task.o(.text)
    .text                                    0x08004c10   Section        0  os_time.o(.text)
    .text                                    0x08004e00   Section      164  os_cpu_a.o(.text)
    .text                                    0x08004ea4   Section        0  os_cpu_c.o(.text)
    .text                                    0x08004f50   Section        0  fadd.o(.text)
    .text                                    0x08005000   Section        0  fmul.o(.text)
    .text                                    0x08005064   Section        0  fflti.o(.text)
    .text                                    0x08005076   Section        0  ffixi.o(.text)
    .text                                    0x080050a8   Section        0  ffixui.o(.text)
    .text                                    0x080050d0   Section        0  f2d.o(.text)
    .text                                    0x080050f8   Section       40  cdcmple.o(.text)
    .text                                    0x08005120   Section        0  iusefp.o(.text)
    .text                                    0x08005120   Section        0  fepilogue.o(.text)
    .text                                    0x08005190   Section       36  init.o(.text)
    i.__0printf$2                            0x080051b4   Section        0  printf2.o(i.__0printf$2)
    i.__scatterload_copy                     0x080051d4   Section       14  handlers.o(i.__scatterload_copy)
    i.__scatterload_null                     0x080051e2   Section        2  handlers.o(i.__scatterload_null)
    i.__scatterload_zeroinit                 0x080051e4   Section       14  handlers.o(i.__scatterload_zeroinit)
    i._printf_core                           0x080051f2   Section        0  printf2.o(i._printf_core)
    _printf_core                             0x080051f3   Thumb Code   214  printf2.o(i._printf_core)
    .constdata                               0x080052c8   Section       20  system_stm32f10x.o(.constdata)
    .constdata                               0x080052dc   Section     2072  oled.o(.constdata)
    .constdata                               0x08005af4   Section      256  os_core.o(.constdata)
    .data                                    0x20000000   Section       20  stm32f10x_rcc.o(.data)
    APBAHBPrescTable                         0x20000000   Data          16  stm32f10x_rcc.o(.data)
    ADCPrescTable                            0x20000010   Data           4  stm32f10x_rcc.o(.data)
    .data                                    0x20000014   Section        4  system_stm32f10x.o(.data)
    .data                                    0x20000018   Section        4  bsp.o(.data)
    fac_us                                   0x20000018   Data           1  bsp.o(.data)
    fac_ms                                   0x2000001a   Data           2  bsp.o(.data)
    .data                                    0x2000001c   Section        5  usart1.o(.data)
    .data                                    0x20000021   Section        5  sensor.o(.data)
    .data                                    0x20000028   Section       60  os_core.o(.data)
    .data                                    0x20000064   Section        4  stdout.o(.data)
    .bss                                     0x20000068   Section      320  main.o(.bss)
    .bss                                     0x200001a8   Section     5280  app.o(.bss)
    .bss                                     0x20001648   Section     2912  os_core.o(.bss)
    STACK                                    0x200021a8   Section      512  startup_stm32f10x_hd.o(STACK)

    Global Symbols

    Symbol Name                              Value     Ov Type        Size  Object(Section)

    BuildAttributes$$THM_ISAv4$P$D$K$B$S$PE$A:L22UL41UL21$X:L11$S22US41US21$IEEE1$IW$USESV6$~STKCKD$USESV7$~SHL$OTIME$ROPI$EBA8$MICROLIB$REQ8$PRES8$EABIv2 0x00000000   Number         0  anon$$obj.o ABSOLUTE
    __ARM_use_no_argv                        0x00000000   Number         0  main.o ABSOLUTE
    _printf_a                                0x00000000   Number         0  stubs.o ABSOLUTE
    _printf_c                                0x00000000   Number         0  stubs.o ABSOLUTE
    _printf_charcount                        0x00000000   Number         0  stubs.o ABSOLUTE
    _printf_d                                0x00000000   Number         0  stubs.o ABSOLUTE
    _printf_e                                0x00000000   Number         0  stubs.o ABSOLUTE
    _printf_f                                0x00000000   Number         0  stubs.o ABSOLUTE
    _printf_flags                            0x00000000   Number         0  stubs.o ABSOLUTE
    _printf_fp_dec                           0x00000000   Number         0  stubs.o ABSOLUTE
    _printf_fp_hex                           0x00000000   Number         0  stubs.o ABSOLUTE
    _printf_g                                0x00000000   Number         0  stubs.o ABSOLUTE
    _printf_i                                0x00000000   Number         0  stubs.o ABSOLUTE
    _printf_int_dec                          0x00000000   Number         0  stubs.o ABSOLUTE
    _printf_l                                0x00000000   Number         0  stubs.o ABSOLUTE
    _printf_lc                               0x00000000   Number         0  stubs.o ABSOLUTE
    _printf_ll                               0x00000000   Number         0  stubs.o ABSOLUTE
    _printf_lld                              0x00000000   Number         0  stubs.o ABSOLUTE
    _printf_lli                              0x00000000   Number         0  stubs.o ABSOLUTE
    _printf_llo                              0x00000000   Number         0  stubs.o ABSOLUTE
    _printf_llu                              0x00000000   Number         0  stubs.o ABSOLUTE
    _printf_llx                              0x00000000   Number         0  stubs.o ABSOLUTE
    _printf_longlong_dec                     0x00000000   Number         0  stubs.o ABSOLUTE
    _printf_longlong_hex                     0x00000000   Number         0  stubs.o ABSOLUTE
    _printf_longlong_oct                     0x00000000   Number         0  stubs.o ABSOLUTE
    _printf_ls                               0x00000000   Number         0  stubs.o ABSOLUTE
    _printf_mbtowc                           0x00000000   Number         0  stubs.o ABSOLUTE
    _printf_n                                0x00000000   Number         0  stubs.o ABSOLUTE
    _printf_o                                0x00000000   Number         0  stubs.o ABSOLUTE
    _printf_p                                0x00000000   Number         0  stubs.o ABSOLUTE
    _printf_percent                          0x00000000   Number         0  stubs.o ABSOLUTE
    _printf_pre_padding                      0x00000000   Number         0  stubs.o ABSOLUTE
    _printf_return_value                     0x00000000   Number         0  stubs.o ABSOLUTE
    _printf_s                                0x00000000   Number         0  stubs.o ABSOLUTE
    _printf_sizespec                         0x00000000   Number         0  stubs.o ABSOLUTE
    _printf_str                              0x00000000   Number         0  stubs.o ABSOLUTE
    _printf_truncate_signed                  0x00000000   Number         0  stubs.o ABSOLUTE
    _printf_truncate_unsigned                0x00000000   Number         0  stubs.o ABSOLUTE
    _printf_u                                0x00000000   Number         0  stubs.o ABSOLUTE
    _printf_wc                               0x00000000   Number         0  stubs.o ABSOLUTE
    _printf_wctomb                           0x00000000   Number         0  stubs.o ABSOLUTE
    _printf_widthprec                        0x00000000   Number         0  stubs.o ABSOLUTE
    _printf_x                                0x00000000   Number         0  stubs.o ABSOLUTE
    __cpp_initialize__aeabi_                  - Undefined Weak Reference
    __cxa_finalize                            - Undefined Weak Reference
    __decompress                              - Undefined Weak Reference
    _clock_init                               - Undefined Weak Reference
    _microlib_exit                            - Undefined Weak Reference
    __Vectors_Size                           0x00000130   Number         0  startup_stm32f10x_hd.o ABSOLUTE
    __Vectors                                0x08000000   Data           4  startup_stm32f10x_hd.o(RESET)
    __Vectors_End                            0x08000130   Data           0  startup_stm32f10x_hd.o(RESET)
    __main                                   0x08000131   Thumb Code     0  entry.o(.ARM.Collect$$$$00000000)
    _main_stk                                0x08000131   Thumb Code     0  entry2.o(.ARM.Collect$$$$00000001)
    _main_scatterload                        0x08000135   Thumb Code     0  entry5.o(.ARM.Collect$$$$00000004)
    __main_after_scatterload                 0x08000139   Thumb Code     0  entry5.o(.ARM.Collect$$$$00000004)
    _main_clock                              0x08000139   Thumb Code     0  entry7b.o(.ARM.Collect$$$$00000008)
    _main_cpp_init                           0x08000139   Thumb Code     0  entry8b.o(.ARM.Collect$$$$0000000A)
    _main_init                               0x08000139   Thumb Code     0  entry9a.o(.ARM.Collect$$$$0000000B)
    __rt_final_cpp                           0x08000141   Thumb Code     0  entry10a.o(.ARM.Collect$$$$0000000D)
    __rt_final_exit                          0x08000141   Thumb Code     0  entry11a.o(.ARM.Collect$$$$0000000F)
    SystemInit_ExtMemCtl                     0x08000145   Thumb Code     2  startup_stm32f10x_hd.o(.text)
    Reset_Handler                            0x08000147   Thumb Code    14  startup_stm32f10x_hd.o(.text)
    ADC1_2_IRQHandler                        0x08000167   Thumb Code     0  startup_stm32f10x_hd.o(.text)
    ADC3_IRQHandler                          0x08000167   Thumb Code     0  startup_stm32f10x_hd.o(.text)
    CAN1_RX1_IRQHandler                      0x08000167   Thumb Code     0  startup_stm32f10x_hd.o(.text)
    CAN1_SCE_IRQHandler                      0x08000167   Thumb Code     0  startup_stm32f10x_hd.o(.text)
    DMA1_Channel1_IRQHandler                 0x08000167   Thumb Code     0  startup_stm32f10x_hd.o(.text)
    DMA1_Channel2_IRQHandler                 0x08000167   Thumb Code     0  startup_stm32f10x_hd.o(.text)
    DMA1_Channel3_IRQHandler                 0x08000167   Thumb Code     0  startup_stm32f10x_hd.o(.text)
    DMA1_Channel4_IRQHandler                 0x08000167   Thumb Code     0  startup_stm32f10x_hd.o(.text)
    DMA1_Channel5_IRQHandler                 0x08000167   Thumb Code     0  startup_stm32f10x_hd.o(.text)
    DMA1_Channel6_IRQHandler                 0x08000167   Thumb Code     0  startup_stm32f10x_hd.o(.text)
    DMA1_Channel7_IRQHandler                 0x08000167   Thumb Code     0  startup_stm32f10x_hd.o(.text)
    DMA2_Channel1_IRQHandler                 0x08000167   Thumb Code     0  startup_stm32f10x_hd.o(.text)
    DMA2_Channel2_IRQHandler                 0x08000167   Thumb Code     0  startup_stm32f10x_hd.o(.text)
    DMA2_Channel3_IRQHandler                 0x08000167   Thumb Code     0  startup_stm32f10x_hd.o(.text)
    DMA2_Channel4_5_IRQHandler               0x08000167   Thumb Code     0  startup_stm32f10x_hd.o(.text)
    EXTI15_10_IRQHandler                     0x08000167   Thumb Code     0  startup_stm32f10x_hd.o(.text)
    EXTI1_IRQHandler                         0x08000167   Thumb Code     0  startup_stm32f10x_hd.o(.text)
    EXTI2_IRQHandler                         0x08000167   Thumb Code     0  startup_stm32f10x_hd.o(.text)
    EXTI3_IRQHandler                         0x08000167   Thumb Code     0  startup_stm32f10x_hd.o(.text)
    EXTI4_IRQHandler                         0x08000167   Thumb Code     0  startup_stm32f10x_hd.o(.text)
    EXTI9_5_IRQHandler                       0x08000167   Thumb Code     0  startup_stm32f10x_hd.o(.text)
    FLASH_IRQHandler                         0x08000167   Thumb Code     0  startup_stm32f10x_hd.o(.text)
    FSMC_IRQHandler                          0x08000167   Thumb Code     0  startup_stm32f10x_hd.o(.text)
    I2C1_ER_IRQHandler                       0x08000167   Thumb Code     0  startup_stm32f10x_hd.o(.text)
    I2C1_EV_IRQHandler                       0x08000167   Thumb Code     0  startup_stm32f10x_hd.o(.text)
    I2C2_ER_IRQHandler                       0x08000167   Thumb Code     0  startup_stm32f10x_hd.o(.text)
    I2C2_EV_IRQHandler                       0x08000167   Thumb Code     0  startup_stm32f10x_hd.o(.text)
    PVD_IRQHandler                           0x08000167   Thumb Code     0  startup_stm32f10x_hd.o(.text)
    RCC_IRQHandler                           0x08000167   Thumb Code     0  startup_stm32f10x_hd.o(.text)
    RTCAlarm_IRQHandler                      0x08000167   Thumb Code     0  startup_stm32f10x_hd.o(.text)
    RTC_IRQHandler                           0x08000167   Thumb Code     0  startup_stm32f10x_hd.o(.text)
    SDIO_IRQHandler                          0x08000167   Thumb Code     0  startup_stm32f10x_hd.o(.text)
    SPI1_IRQHandler                          0x08000167   Thumb Code     0  startup_stm32f10x_hd.o(.text)
    SPI2_IRQHandler                          0x08000167   Thumb Code     0  startup_stm32f10x_hd.o(.text)
    SPI3_IRQHandler                          0x08000167   Thumb Code     0  startup_stm32f10x_hd.o(.text)
    TAMPER_IRQHandler                        0x08000167   Thumb Code     0  startup_stm32f10x_hd.o(.text)
    TIM1_BRK_IRQHandler                      0x08000167   Thumb Code     0  startup_stm32f10x_hd.o(.text)
    TIM1_CC_IRQHandler                       0x08000167   Thumb Code     0  startup_stm32f10x_hd.o(.text)
    TIM1_TRG_COM_IRQHandler                  0x08000167   Thumb Code     0  startup_stm32f10x_hd.o(.text)
    TIM1_UP_IRQHandler                       0x08000167   Thumb Code     0  startup_stm32f10x_hd.o(.text)
    TIM3_IRQHandler                          0x08000167   Thumb Code     0  startup_stm32f10x_hd.o(.text)
    TIM4_IRQHandler                          0x08000167   Thumb Code     0  startup_stm32f10x_hd.o(.text)
    TIM5_IRQHandler                          0x08000167   Thumb Code     0  startup_stm32f10x_hd.o(.text)
    TIM6_IRQHandler                          0x08000167   Thumb Code     0  startup_stm32f10x_hd.o(.text)
    TIM7_IRQHandler                          0x08000167   Thumb Code     0  startup_stm32f10x_hd.o(.text)
    TIM8_BRK_IRQHandler                      0x08000167   Thumb Code     0  startup_stm32f10x_hd.o(.text)
    TIM8_CC_IRQHandler                       0x08000167   Thumb Code     0  startup_stm32f10x_hd.o(.text)
    TIM8_TRG_COM_IRQHandler                  0x08000167   Thumb Code     0  startup_stm32f10x_hd.o(.text)
    TIM8_UP_IRQHandler                       0x08000167   Thumb Code     0  startup_stm32f10x_hd.o(.text)
    UART4_IRQHandler                         0x08000167   Thumb Code     0  startup_stm32f10x_hd.o(.text)
    UART5_IRQHandler                         0x08000167   Thumb Code     0  startup_stm32f10x_hd.o(.text)
    USART2_IRQHandler                        0x08000167   Thumb Code     0  startup_stm32f10x_hd.o(.text)
    USART3_IRQHandler                        0x08000167   Thumb Code     0  startup_stm32f10x_hd.o(.text)
    USBWakeUp_IRQHandler                     0x08000167   Thumb Code     0  startup_stm32f10x_hd.o(.text)
    USB_HP_CAN1_TX_IRQHandler                0x08000167   Thumb Code     0  startup_stm32f10x_hd.o(.text)
    USB_LP_CAN1_RX0_IRQHandler               0x08000167   Thumb Code     0  startup_stm32f10x_hd.o(.text)
    WWDG_IRQHandler                          0x08000167   Thumb Code     0  startup_stm32f10x_hd.o(.text)
    main                                     0x08000175   Thumb Code    42  main.o(.text)
    NMI_Handler                              0x0800020d   Thumb Code     2  stm32f10x_it.o(.text)
    HardFault_Handler                        0x0800020f   Thumb Code     4  stm32f10x_it.o(.text)
    MemManage_Handler                        0x08000213   Thumb Code     4  stm32f10x_it.o(.text)
    BusFault_Handler                         0x08000217   Thumb Code     4  stm32f10x_it.o(.text)
    UsageFault_Handler                       0x0800021b   Thumb Code     4  stm32f10x_it.o(.text)
    SVC_Handler                              0x0800021f   Thumb Code     2  stm32f10x_it.o(.text)
    DebugMon_Handler                         0x08000221   Thumb Code     2  stm32f10x_it.o(.text)
    PendSV_Handler                           0x08000223   Thumb Code     2  stm32f10x_it.o(.text)
    SysTick_Handler                          0x08000225   Thumb Code    16  stm32f10x_it.o(.text)
    EXTI0_IRQHandler                         0x08000235   Thumb Code    24  stm32f10x_it.o(.text)
    GPIO_DeInit                              0x0800024d   Thumb Code   188  stm32f10x_gpio.o(.text)
    GPIO_AFIODeInit                          0x08000309   Thumb Code    20  stm32f10x_gpio.o(.text)
    GPIO_Init                                0x0800031d   Thumb Code   278  stm32f10x_gpio.o(.text)
    GPIO_StructInit                          0x08000433   Thumb Code    16  stm32f10x_gpio.o(.text)
    GPIO_ReadInputDataBit                    0x08000443   Thumb Code    18  stm32f10x_gpio.o(.text)
    GPIO_ReadInputData                       0x08000455   Thumb Code     8  stm32f10x_gpio.o(.text)
    GPIO_ReadOutputDataBit                   0x0800045d   Thumb Code    18  stm32f10x_gpio.o(.text)
    GPIO_ReadOutputData                      0x0800046f   Thumb Code     8  stm32f10x_gpio.o(.text)
    GPIO_SetBits                             0x08000477   Thumb Code     4  stm32f10x_gpio.o(.text)
    GPIO_ResetBits                           0x0800047b   Thumb Code     4  stm32f10x_gpio.o(.text)
    GPIO_WriteBit                            0x0800047f   Thumb Code    10  stm32f10x_gpio.o(.text)
    GPIO_Write                               0x08000489   Thumb Code     4  stm32f10x_gpio.o(.text)
    GPIO_PinLockConfig                       0x0800048d   Thumb Code    18  stm32f10x_gpio.o(.text)
    GPIO_EventOutputConfig                   0x0800049f   Thumb Code    26  stm32f10x_gpio.o(.text)
    GPIO_EventOutputCmd                      0x080004b9   Thumb Code     6  stm32f10x_gpio.o(.text)
    GPIO_PinRemapConfig                      0x080004bf   Thumb Code   106  stm32f10x_gpio.o(.text)
    GPIO_EXTILineConfig                      0x08000529   Thumb Code    66  stm32f10x_gpio.o(.text)
    RCC_DeInit                               0x0800057d   Thumb Code    62  stm32f10x_rcc.o(.text)
    RCC_HSEConfig                            0x080005bb   Thumb Code    70  stm32f10x_rcc.o(.text)
    RCC_GetFlagStatus                        0x08000601   Thumb Code    56  stm32f10x_rcc.o(.text)
    RCC_WaitForHSEStartUp                    0x08000639   Thumb Code    54  stm32f10x_rcc.o(.text)
    RCC_AdjustHSICalibrationValue            0x0800066f   Thumb Code    20  stm32f10x_rcc.o(.text)
    RCC_HSICmd                               0x08000683   Thumb Code     6  stm32f10x_rcc.o(.text)
    RCC_PLLConfig                            0x08000689   Thumb Code    24  stm32f10x_rcc.o(.text)
    RCC_PLLCmd                               0x080006a1   Thumb Code     6  stm32f10x_rcc.o(.text)
    RCC_SYSCLKConfig                         0x080006a7   Thumb Code    18  stm32f10x_rcc.o(.text)
    RCC_GetSYSCLKSource                      0x080006b9   Thumb Code    10  stm32f10x_rcc.o(.text)
    RCC_HCLKConfig                           0x080006c3   Thumb Code    18  stm32f10x_rcc.o(.text)
    RCC_PCLK1Config                          0x080006d5   Thumb Code    18  stm32f10x_rcc.o(.text)
    RCC_PCLK2Config                          0x080006e7   Thumb Code    20  stm32f10x_rcc.o(.text)
    RCC_ITConfig                             0x080006fb   Thumb Code    26  stm32f10x_rcc.o(.text)
    RCC_USBCLKConfig                         0x08000715   Thumb Code     8  stm32f10x_rcc.o(.text)
    RCC_ADCCLKConfig                         0x0800071d   Thumb Code    18  stm32f10x_rcc.o(.text)
    RCC_LSEConfig                            0x0800072f   Thumb Code    50  stm32f10x_rcc.o(.text)
    RCC_LSICmd                               0x08000761   Thumb Code     6  stm32f10x_rcc.o(.text)
    RCC_RTCCLKConfig                         0x08000767   Thumb Code    12  stm32f10x_rcc.o(.text)
    RCC_RTCCLKCmd                            0x08000773   Thumb Code     8  stm32f10x_rcc.o(.text)
    RCC_GetClocksFreq                        0x0800077b   Thumb Code   192  stm32f10x_rcc.o(.text)
    RCC_AHBPeriphClockCmd                    0x0800083b   Thumb Code    26  stm32f10x_rcc.o(.text)
    RCC_APB2PeriphClockCmd                   0x08000855   Thumb Code    26  stm32f10x_rcc.o(.text)
    RCC_APB1PeriphClockCmd                   0x0800086f   Thumb Code    26  stm32f10x_rcc.o(.text)
    RCC_APB2PeriphResetCmd                   0x08000889   Thumb Code    26  stm32f10x_rcc.o(.text)
    RCC_APB1PeriphResetCmd                   0x080008a3   Thumb Code    26  stm32f10x_rcc.o(.text)
    RCC_BackupResetCmd                       0x080008bd   Thumb Code     8  stm32f10x_rcc.o(.text)
    RCC_ClockSecuritySystemCmd               0x080008c5   Thumb Code     6  stm32f10x_rcc.o(.text)
    RCC_MCOConfig                            0x080008cb   Thumb Code     6  stm32f10x_rcc.o(.text)
    RCC_ClearFlag                            0x080008d1   Thumb Code    14  stm32f10x_rcc.o(.text)
    RCC_GetITStatus                          0x080008df   Thumb Code    20  stm32f10x_rcc.o(.text)
    RCC_ClearITPendingBit                    0x080008f3   Thumb Code     6  stm32f10x_rcc.o(.text)
    TIM_DeInit                               0x0800091d   Thumb Code   214  stm32f10x_tim.o(.text)
    TIM_TimeBaseInit                         0x080009f3   Thumb Code    50  stm32f10x_tim.o(.text)
    TIM_OC1Init                              0x08000a25   Thumb Code   110  stm32f10x_tim.o(.text)
    TIM_OC2Init                              0x08000a93   Thumb Code   148  stm32f10x_tim.o(.text)
    TIM_OC3Init                              0x08000b27   Thumb Code   144  stm32f10x_tim.o(.text)
    TIM_OC4Init                              0x08000bb7   Thumb Code   106  stm32f10x_tim.o(.text)
    TIM_SetIC4Prescaler                      0x08000c21   Thumb Code    26  stm32f10x_tim.o(.text)
    TIM_SetIC3Prescaler                      0x08000c8d   Thumb Code    18  stm32f10x_tim.o(.text)
    TIM_SetIC2Prescaler                      0x08000ce7   Thumb Code    42  stm32f10x_tim.o(.text)
    TIM_SetIC1Prescaler                      0x08000d61   Thumb Code    18  stm32f10x_tim.o(.text)
    TIM_ICInit                               0x08000dab   Thumb Code   110  stm32f10x_tim.o(.text)
    TIM_PWMIConfig                           0x08000e19   Thumb Code   124  stm32f10x_tim.o(.text)
    TIM_BDTRConfig                           0x08000e95   Thumb Code    32  stm32f10x_tim.o(.text)
    TIM_TimeBaseStructInit                   0x08000eb5   Thumb Code    18  stm32f10x_tim.o(.text)
    TIM_OCStructInit                         0x08000ec7   Thumb Code    20  stm32f10x_tim.o(.text)
    TIM_ICStructInit                         0x08000edb   Thumb Code    18  stm32f10x_tim.o(.text)
    TIM_BDTRStructInit                       0x08000eed   Thumb Code    18  stm32f10x_tim.o(.text)
    TIM_Cmd                                  0x08000eff   Thumb Code    24  stm32f10x_tim.o(.text)
    TIM_CtrlPWMOutputs                       0x08000f17   Thumb Code    30  stm32f10x_tim.o(.text)
    TIM_ITConfig                             0x08000f35   Thumb Code    18  stm32f10x_tim.o(.text)
    TIM_GenerateEvent                        0x08000f47   Thumb Code     4  stm32f10x_tim.o(.text)
    TIM_DMAConfig                            0x08000f4b   Thumb Code    10  stm32f10x_tim.o(.text)
    TIM_DMACmd                               0x08000f55   Thumb Code    18  stm32f10x_tim.o(.text)
    TIM_InternalClockConfig                  0x08000f67   Thumb Code    12  stm32f10x_tim.o(.text)
    TIM_SelectInputTrigger                   0x08000f73   Thumb Code    18  stm32f10x_tim.o(.text)
    TIM_ITRxExternalClockConfig              0x08000f85   Thumb Code    24  stm32f10x_tim.o(.text)
    TIM_TIxExternalClockConfig               0x08000f9d   Thumb Code    62  stm32f10x_tim.o(.text)
    TIM_ETRConfig                            0x08000fdb   Thumb Code    30  stm32f10x_tim.o(.text)
    TIM_ETRClockMode1Config                  0x08000ff9   Thumb Code    54  stm32f10x_tim.o(.text)
    TIM_ETRClockMode2Config                  0x0800102f   Thumb Code    32  stm32f10x_tim.o(.text)
    TIM_PrescalerConfig                      0x0800104f   Thumb Code     6  stm32f10x_tim.o(.text)
    TIM_CounterModeConfig                    0x08001055   Thumb Code    18  stm32f10x_tim.o(.text)
    TIM_EncoderInterfaceConfig               0x08001067   Thumb Code    66  stm32f10x_tim.o(.text)
    TIM_ForcedOC1Config                      0x080010a9   Thumb Code    18  stm32f10x_tim.o(.text)
    TIM_ForcedOC2Config                      0x080010bb   Thumb Code    26  stm32f10x_tim.o(.text)
    TIM_ForcedOC3Config                      0x080010d5   Thumb Code    18  stm32f10x_tim.o(.text)
    TIM_ForcedOC4Config                      0x080010e7   Thumb Code    26  stm32f10x_tim.o(.text)
    TIM_ARRPreloadConfig                     0x08001101   Thumb Code    24  stm32f10x_tim.o(.text)
    TIM_SelectCOM                            0x08001119   Thumb Code    24  stm32f10x_tim.o(.text)
    TIM_SelectCCDMA                          0x08001131   Thumb Code    24  stm32f10x_tim.o(.text)
    TIM_CCPreloadControl                     0x08001149   Thumb Code    24  stm32f10x_tim.o(.text)
    TIM_OC1PreloadConfig                     0x08001161   Thumb Code    18  stm32f10x_tim.o(.text)
    TIM_OC2PreloadConfig                     0x08001173   Thumb Code    26  stm32f10x_tim.o(.text)
    TIM_OC3PreloadConfig                     0x0800118d   Thumb Code    18  stm32f10x_tim.o(.text)
    TIM_OC4PreloadConfig                     0x0800119f   Thumb Code    26  stm32f10x_tim.o(.text)
    TIM_OC1FastConfig                        0x080011b9   Thumb Code    18  stm32f10x_tim.o(.text)
    TIM_OC2FastConfig                        0x080011cb   Thumb Code    26  stm32f10x_tim.o(.text)
    TIM_OC3FastConfig                        0x080011e5   Thumb Code    18  stm32f10x_tim.o(.text)
    TIM_OC4FastConfig                        0x080011f7   Thumb Code    26  stm32f10x_tim.o(.text)
    TIM_ClearOC1Ref                          0x08001211   Thumb Code    18  stm32f10x_tim.o(.text)
    TIM_ClearOC2Ref                          0x08001223   Thumb Code    24  stm32f10x_tim.o(.text)
    TIM_ClearOC3Ref                          0x0800123b   Thumb Code    18  stm32f10x_tim.o(.text)
    TIM_ClearOC4Ref                          0x0800124d   Thumb Code    24  stm32f10x_tim.o(.text)
    TIM_OC1PolarityConfig                    0x08001265   Thumb Code    18  stm32f10x_tim.o(.text)
    TIM_OC1NPolarityConfig                   0x08001277   Thumb Code    18  stm32f10x_tim.o(.text)
    TIM_OC2PolarityConfig                    0x08001289   Thumb Code    26  stm32f10x_tim.o(.text)
    TIM_OC2NPolarityConfig                   0x080012a3   Thumb Code    26  stm32f10x_tim.o(.text)
    TIM_OC3PolarityConfig                    0x080012bd   Thumb Code    26  stm32f10x_tim.o(.text)
    TIM_OC3NPolarityConfig                   0x080012d7   Thumb Code    26  stm32f10x_tim.o(.text)
    TIM_OC4PolarityConfig                    0x080012f1   Thumb Code    26  stm32f10x_tim.o(.text)
    TIM_CCxCmd                               0x0800130b   Thumb Code    26  stm32f10x_tim.o(.text)
    TIM_CCxNCmd                              0x08001325   Thumb Code    26  stm32f10x_tim.o(.text)
    TIM_SelectOCxM                           0x0800133f   Thumb Code   134  stm32f10x_tim.o(.text)
    TIM_UpdateDisableConfig                  0x080013c5   Thumb Code    24  stm32f10x_tim.o(.text)
    TIM_UpdateRequestConfig                  0x080013dd   Thumb Code    24  stm32f10x_tim.o(.text)
    TIM_SelectHallSensor                     0x080013f5   Thumb Code    24  stm32f10x_tim.o(.text)
    TIM_SelectOnePulseMode                   0x0800140d   Thumb Code    18  stm32f10x_tim.o(.text)
    TIM_SelectOutputTrigger                  0x0800141f   Thumb Code    18  stm32f10x_tim.o(.text)
    TIM_SelectSlaveMode                      0x08001431   Thumb Code    18  stm32f10x_tim.o(.text)
    TIM_SelectMasterSlaveMode                0x08001443   Thumb Code    18  stm32f10x_tim.o(.text)
    TIM_SetCounter                           0x08001455   Thumb Code     4  stm32f10x_tim.o(.text)
    TIM_SetAutoreload                        0x08001459   Thumb Code     4  stm32f10x_tim.o(.text)
    TIM_SetCompare1                          0x0800145d   Thumb Code     4  stm32f10x_tim.o(.text)
    TIM_SetCompare2                          0x08001461   Thumb Code     4  stm32f10x_tim.o(.text)
    TIM_SetCompare3                          0x08001465   Thumb Code     4  stm32f10x_tim.o(.text)
    TIM_SetCompare4                          0x08001469   Thumb Code     6  stm32f10x_tim.o(.text)
    TIM_SetClockDivision                     0x0800146f   Thumb Code    14  stm32f10x_tim.o(.text)
    TIM_GetCapture1                          0x0800147d   Thumb Code     6  stm32f10x_tim.o(.text)
    TIM_GetCapture2                          0x08001483   Thumb Code     6  stm32f10x_tim.o(.text)
    TIM_GetCapture3                          0x08001489   Thumb Code     6  stm32f10x_tim.o(.text)
    TIM_GetCapture4                          0x0800148f   Thumb Code     8  stm32f10x_tim.o(.text)
    TIM_GetCounter                           0x08001497   Thumb Code     6  stm32f10x_tim.o(.text)
    TIM_GetPrescaler                         0x0800149d   Thumb Code     6  stm32f10x_tim.o(.text)
    TIM_GetFlagStatus                        0x080014a3   Thumb Code    18  stm32f10x_tim.o(.text)
    TIM_ClearFlag                            0x080014b5   Thumb Code     6  stm32f10x_tim.o(.text)
    TIM_GetITStatus                          0x080014bb   Thumb Code    34  stm32f10x_tim.o(.text)
    TIM_ClearITPendingBit                    0x080014dd   Thumb Code     6  stm32f10x_tim.o(.text)
    USART_DeInit                             0x080014e5   Thumb Code   146  stm32f10x_usart.o(.text)
    USART_Init                               0x08001577   Thumb Code   150  stm32f10x_usart.o(.text)
    USART_StructInit                         0x0800160d   Thumb Code    24  stm32f10x_usart.o(.text)
    USART_ClockInit                          0x08001625   Thumb Code    34  stm32f10x_usart.o(.text)
    USART_ClockStructInit                    0x08001647   Thumb Code    12  stm32f10x_usart.o(.text)
    USART_Cmd                                0x08001653   Thumb Code    24  stm32f10x_usart.o(.text)
    USART_ITConfig                           0x0800166b   Thumb Code    64  stm32f10x_usart.o(.text)
    USART_DMACmd                             0x080016ab   Thumb Code    18  stm32f10x_usart.o(.text)
    USART_SetAddress                         0x080016bd   Thumb Code    18  stm32f10x_usart.o(.text)
    USART_WakeUpConfig                       0x080016cf   Thumb Code    18  stm32f10x_usart.o(.text)
    USART_ReceiverWakeUpCmd                  0x080016e1   Thumb Code    24  stm32f10x_usart.o(.text)
    USART_LINBreakDetectLengthConfig         0x080016f9   Thumb Code    18  stm32f10x_usart.o(.text)
    USART_LINCmd                             0x0800170b   Thumb Code    24  stm32f10x_usart.o(.text)
    USART_SendData                           0x08001723   Thumb Code     8  stm32f10x_usart.o(.text)
    USART_ReceiveData                        0x0800172b   Thumb Code    10  stm32f10x_usart.o(.text)
    USART_SendBreak                          0x08001735   Thumb Code    10  stm32f10x_usart.o(.text)
    USART_SetGuardTime                       0x0800173f   Thumb Code    16  stm32f10x_usart.o(.text)
    USART_SetPrescaler                       0x0800174f   Thumb Code    16  stm32f10x_usart.o(.text)
    USART_SmartCardCmd                       0x0800175f   Thumb Code    24  stm32f10x_usart.o(.text)
    USART_SmartCardNACKCmd                   0x08001777   Thumb Code    24  stm32f10x_usart.o(.text)
    USART_HalfDuplexCmd                      0x0800178f   Thumb Code    24  stm32f10x_usart.o(.text)
    USART_IrDAConfig                         0x080017a7   Thumb Code    18  stm32f10x_usart.o(.text)
    USART_IrDACmd                            0x080017b9   Thumb Code    24  stm32f10x_usart.o(.text)
    USART_GetFlagStatus                      0x080017d1   Thumb Code    18  stm32f10x_usart.o(.text)
    USART_ClearFlag                          0x080017e3   Thumb Code     6  stm32f10x_usart.o(.text)
    USART_GetITStatus                        0x080017e9   Thumb Code    76  stm32f10x_usart.o(.text)
    USART_ClearITPendingBit                  0x08001835   Thumb Code    20  stm32f10x_usart.o(.text)
    NVIC_PriorityGroupConfig                 0x08001855   Thumb Code    10  misc.o(.text)
    NVIC_Init                                0x0800185f   Thumb Code   100  misc.o(.text)
    NVIC_SetVectorTable                      0x080018c3   Thumb Code    14  misc.o(.text)
    NVIC_SystemLPConfig                      0x080018d1   Thumb Code    34  misc.o(.text)
    SysTick_CLKSourceConfig                  0x080018f3   Thumb Code    40  misc.o(.text)
    EXTI_DeInit                              0x08001931   Thumb Code    28  stm32f10x_exti.o(.text)
    EXTI_Init                                0x0800194d   Thumb Code   174  stm32f10x_exti.o(.text)
    EXTI_StructInit                          0x080019fb   Thumb Code    16  stm32f10x_exti.o(.text)
    EXTI_GenerateSWInterrupt                 0x08001a0b   Thumb Code    16  stm32f10x_exti.o(.text)
    EXTI_GetFlagStatus                       0x08001a1b   Thumb Code    22  stm32f10x_exti.o(.text)
    EXTI_ClearFlag                           0x08001a31   Thumb Code     8  stm32f10x_exti.o(.text)
    EXTI_GetITStatus                         0x08001a39   Thumb Code    34  stm32f10x_exti.o(.text)
    EXTI_ClearITPendingBit                   0x08001a5b   Thumb Code     8  stm32f10x_exti.o(.text)
    SystemInit                               0x08001b55   Thumb Code    68  system_stm32f10x.o(.text)
    BSP_Init                                 0x08001ba9   Thumb Code    46  bsp.o(.text)
    SysTick_init                             0x08001bd7   Thumb Code    84  bsp.o(.text)
    delay_init                               0x08001c2b   Thumb Code    76  bsp.o(.text)
    delay_us                                 0x08001c77   Thumb Code    70  bsp.o(.text)
    delay_ms                                 0x08001cbd   Thumb Code    56  bsp.o(.text)
    LED_GPIO_Config                          0x08001d21   Thumb Code    88  led.o(.text)
    TIM2_NVIC_Configuration                  0x08001d81   Thumb Code    42  tim2.o(.text)
    TIM2_IRQHandler                          0x08001dab   Thumb Code    22  tim2.o(.text)
    TIM2_Configuration                       0x08001dc1   Thumb Code    64  tim2.o(.text)
    TIM2_Config                              0x08001e01   Thumb Code    12  tim2.o(.text)
    DelayTime_us                             0x08001e0d   Thumb Code    22  ultrasonicwave.o(.text)
    UltrasonicWave_Configuration             0x08001e23   Thumb Code    76  ultrasonicwave.o(.text)
    UltrasonicWave_CalculateTime             0x08001e6f   Thumb Code   166  ultrasonicwave.o(.text)
    UltrasonicWave_StartMeasure              0x08001f15   Thumb Code   122  ultrasonicwave.o(.text)
    UltrasonicWave_Config                    0x08001f8f   Thumb Code   108  ultrasonicwave.o(.text)
    UltrasonicWave_get                       0x08001ffb   Thumb Code   110  ultrasonicwave.o(.text)
    USART1_Config                            0x08002089   Thumb Code   126  usart1.o(.text)
    NVIC_Configuration                       0x08002107   Thumb Code    42  usart1.o(.text)
    USART1_IRQHandler                        0x08002131   Thumb Code    32  usart1.o(.text)
    USART1_CONFIG                            0x08002151   Thumb Code    12  usart1.o(.text)
    fputc                                    0x0800215d   Thumb Code    32  usart1.o(.text)
    Usart_data_to_sbq                        0x0800217d   Thumb Code    48  usart1.o(.text)
    LCD_WrDat                                0x080021bd   Thumb Code   100  oled.o(.text)
    LCD_WrCmd                                0x08002221   Thumb Code    90  oled.o(.text)
    LCD_Set_Pos                              0x0800227b   Thumb Code    40  oled.o(.text)
    LCD_Fill                                 0x080022a3   Thumb Code    58  oled.o(.text)
    LCD_CLS                                  0x080022dd   Thumb Code    56  oled.o(.text)
    LCD_CLS_LINE                             0x08002315   Thumb Code    46  oled.o(.text)
    LCD_DLY_ms                               0x08002343   Thumb Code    24  oled.o(.text)
    adjust                                   0x0800235b   Thumb Code    12  oled.o(.text)
    SetStartColumn                           0x08002367   Thumb Code    44  oled.o(.text)
    SetAddressingMode                        0x08002393   Thumb Code    18  oled.o(.text)
    SetColumnAddress                         0x080023a5   Thumb Code    26  oled.o(.text)
    SetPageAddress                           0x080023bf   Thumb Code    26  oled.o(.text)
    SetStartLine                             0x080023d9   Thumb Code    14  oled.o(.text)
    SetContrastControl                       0x080023e7   Thumb Code    18  oled.o(.text)
    Set_Charge_Pump                          0x080023f9   Thumb Code    20  oled.o(.text)
    Set_Segment_Remap                        0x0800240d   Thumb Code    14  oled.o(.text)
    Set_Entire_Display                       0x0800241b   Thumb Code    14  oled.o(.text)
    Set_Inverse_Display                      0x08002429   Thumb Code    14  oled.o(.text)
    Set_Multiplex_Ratio                      0x08002437   Thumb Code    18  oled.o(.text)
    Set_Display_On_Off                       0x08002449   Thumb Code    14  oled.o(.text)
    SetStartPage                             0x08002457   Thumb Code    14  oled.o(.text)
    Set_Common_Remap                         0x08002465   Thumb Code    14  oled.o(.text)
    Set_Display_Offset                       0x08002473   Thumb Code    18  oled.o(.text)
    Set_Display_Clock                        0x08002485   Thumb Code    18  oled.o(.text)
    Set_Precharge_Period                     0x08002497   Thumb Code    18  oled.o(.text)
    Set_Common_Config                        0x080024a9   Thumb Code    20  oled.o(.text)
    Set_VCOMH                                0x080024bd   Thumb Code    18  oled.o(.text)
    Set_NOP                                  0x080024cf   Thumb Code    10  oled.o(.text)
    LCD_Init                                 0x080024d9   Thumb Code   186  oled.o(.text)
    LCD_PutPixel                             0x08002593   Thumb Code    80  oled.o(.text)
    LCD_Rectangle                            0x080025e3   Thumb Code   132  oled.o(.text)
    LCD_P6x8Str                              0x08002667   Thumb Code    96  oled.o(.text)
    LCD_P8x16Str                             0x080026c7   Thumb Code   130  oled.o(.text)
    LCD_P14x16Str                            0x08002749   Thumb Code   182  oled.o(.text)
    LCD_Print                                0x080027ff   Thumb Code   100  oled.o(.text)
    Draw_BMP                                 0x08002863   Thumb Code   116  oled.o(.text)
    LED_P6x8Char                             0x080028d7   Thumb Code    74  oled.o(.text)
    LED_PrintValueC                          0x08002921   Thumb Code   126  oled.o(.text)
    LED_PrintValueI                          0x0800299f   Thumb Code   242  oled.o(.text)
    LED_PrintValueFP                         0x08002a91   Thumb Code   300  oled.o(.text)
    LED_PrintValueFP_my                      0x08002bbd   Thumb Code   290  oled.o(.text)
    LED_PrintValueF                          0x08002cdf   Thumb Code   666  oled.o(.text)
    LCD_show_temp                            0x08002f79   Thumb Code   276  oled.o(.text)
    LCD_show_Data                            0x0800308d   Thumb Code   202  oled.o(.text)
    LCD_signal_num                           0x08003157   Thumb Code    98  oled.o(.text)
    OLED_Config                              0x080031b9   Thumb Code    22  oled.o(.text)
    INFRARED_GPIO_Config                     0x080031e1   Thumb Code    50  sensor.o(.text)
    INFRARED_Config                          0x08003213   Thumb Code    70  sensor.o(.text)
    INFRARED_Get                             0x08003259   Thumb Code   202  sensor.o(.text)
    INFRARED_ALL_Get                         0x08003323   Thumb Code    64  sensor.o(.text)
    DHT11_GPIO_Config                        0x08003363   Thumb Code    46  sensor.o(.text)
    Read_DHT11                               0x08003421   Thumb Code   154  sensor.o(.text)
    DHT11_get                                0x080034bb   Thumb Code    70  sensor.o(.text)
    Sensor_get                               0x08003501   Thumb Code     8  sensor.o(.text)
    sensor_Config                            0x08003509   Thumb Code     8  sensor.o(.text)
    EXTI_PA0_Config                          0x08003559   Thumb Code    72  key.o(.text)
    TIM3_Pwm_Init                            0x08003735   Thumb Code    12  pwm.o(.text)
    Task_PWM                                 0x0800375d   Thumb Code    34  app.o(.text)
    Task_key                                 0x0800377f   Thumb Code    20  app.o(.text)
    Task_Sensor                              0x08003793   Thumb Code    40  app.o(.text)
    Task_OLED                                0x080037bb   Thumb Code    32  app.o(.text)
    Task_ultrawaves                          0x080037db   Thumb Code    38  app.o(.text)
    Task_LED1                                0x08003801   Thumb Code    64  app.o(.text)
    Task_LED3                                0x08003841   Thumb Code    64  app.o(.text)
    Task_LED2                                0x08003881   Thumb Code    64  app.o(.text)
    Task_Start                               0x080038c1   Thumb Code   132  app.o(.text)
    OS_StrCopy                               0x08003a5d   Thumb Code    28  os_core.o(.text)
    OSEventNameGet                           0x08003a79   Thumb Code   126  os_core.o(.text)
    OS_StrLen                                0x08003af7   Thumb Code    20  os_core.o(.text)
    OSEventNameSet                           0x08003b0b   Thumb Code   140  os_core.o(.text)
    OS_TaskStatStkChk                        0x08003b97   Thumb Code    54  os_core.o(.text)
    OS_TaskStat                              0x08003bcd   Thumb Code   114  os_core.o(.text)
    OS_TaskIdle                              0x08003c73   Thumb Code    32  os_core.o(.text)
    OS_MemClr                                0x08003cc7   Thumb Code    18  os_core.o(.text)
    OSInit                                   0x08003dcf   Thumb Code    36  os_core.o(.text)
    OSIntEnter                               0x08003df3   Thumb Code    28  os_core.o(.text)
    OSIntExit                                0x08003e29   Thumb Code   256  os_core.o(.text)
    OSSchedLock                              0x08003f29   Thumb Code    50  os_core.o(.text)
    OS_Sched                                 0x08003f5b   Thumb Code    86  os_core.o(.text)
    OSSchedUnlock                            0x08003fb1   Thumb Code    84  os_core.o(.text)
    OSStart                                  0x08004005   Thumb Code    48  os_core.o(.text)
    OSStatInit                               0x08004035   Thumb Code    62  os_core.o(.text)
    OSTimeTick                               0x08004073   Thumb Code   210  os_core.o(.text)
    OSVersion                                0x08004145   Thumb Code     6  os_core.o(.text)
    OS_Dummy                                 0x0800414b   Thumb Code     2  os_core.o(.text)
    OS_EventTaskRemove                       0x0800414d   Thumb Code    42  os_core.o(.text)
    OS_EventTaskRdy                          0x08004177   Thumb Code   114  os_core.o(.text)
    OS_EventTaskWait                         0x080041e9   Thumb Code   112  os_core.o(.text)
    OS_EventWaitListInit                     0x08004259   Thumb Code    28  os_core.o(.text)
    OS_MemCopy                               0x08004275   Thumb Code    20  os_core.o(.text)
    OS_TCBInit                               0x08004289   Thumb Code   338  os_core.o(.text)
    OSTaskChangePrio                         0x080043f1   Thumb Code   342  os_task.o(.text)
    OSTaskCreate                             0x08004547   Thumb Code   158  os_task.o(.text)
    OS_TaskStkClr                            0x080045e5   Thumb Code    26  os_task.o(.text)
    OSTaskCreateExt                          0x080045ff   Thumb Code   180  os_task.o(.text)
    OSTaskDel                                0x080046b3   Thumb Code   304  os_task.o(.text)
    OSTaskDelReq                             0x080047e3   Thumb Code   152  os_task.o(.text)
    OSTaskNameGet                            0x0800487b   Thumb Code   148  os_task.o(.text)
    OSTaskNameSet                            0x0800490f   Thumb Code   160  os_task.o(.text)
    OSTaskResume                             0x080049af   Thumb Code   162  os_task.o(.text)
    OSTaskStkChk                             0x08004a51   Thumb Code   150  os_task.o(.text)
    OSTaskSuspend                            0x08004ae7   Thumb Code   172  os_task.o(.text)
    OSTaskQuery                              0x08004b93   Thumb Code   100  os_task.o(.text)
    OSTimeDly                                0x08004c11   Thumb Code    96  os_time.o(.text)
    OSTimeDlyHMSM                            0x08004c71   Thumb Code   160  os_time.o(.text)
    OSTimeDlyResume                          0x08004d11   Thumb Code   168  os_time.o(.text)
    OSTimeGet                                0x08004db9   Thumb Code    24  os_time.o(.text)
    OSTimeSet                                0x08004dd1   Thumb Code    24  os_time.o(.text)
    OS_CPU_SR_Save                           0x08004e01   Thumb Code     0  os_cpu_a.o(.text)
    OS_CPU_SR_Restore                        0x08004e09   Thumb Code     0  os_cpu_a.o(.text)
    OSStartHighRdy                           0x08004e0f   Thumb Code     0  os_cpu_a.o(.text)
    OSCtxSw                                  0x08004e2f   Thumb Code     0  os_cpu_a.o(.text)
    OSIntCtxSw                               0x08004e39   Thumb Code     0  os_cpu_a.o(.text)
    OS_CPU_PendSVHandler                     0x08004e43   Thumb Code     0  os_cpu_a.o(.text)
    OSInitHookBegin                          0x08004ea5   Thumb Code     2  os_cpu_c.o(.text)
    OSInitHookEnd                            0x08004ea7   Thumb Code     2  os_cpu_c.o(.text)
    OSTaskCreateHook                         0x08004ea9   Thumb Code     2  os_cpu_c.o(.text)
    OSTaskDelHook                            0x08004eab   Thumb Code     2  os_cpu_c.o(.text)
    OSTaskIdleHook                           0x08004ead   Thumb Code     2  os_cpu_c.o(.text)
    OSTaskStatHook                           0x08004eaf   Thumb Code     2  os_cpu_c.o(.text)
    OSTaskStkInit                            0x08004eb1   Thumb Code   154  os_cpu_c.o(.text)
    OSTaskSwHook                             0x08004f4b   Thumb Code     2  os_cpu_c.o(.text)
    OSTCBInitHook                            0x08004f4d   Thumb Code     2  os_cpu_c.o(.text)
    OSTimeTickHook                           0x08004f4f   Thumb Code     2  os_cpu_c.o(.text)
    __aeabi_fadd                             0x08004f51   Thumb Code   164  fadd.o(.text)
    __aeabi_fsub                             0x08004ff5   Thumb Code     6  fadd.o(.text)
    __aeabi_frsub                            0x08004ffb   Thumb Code     6  fadd.o(.text)
    __aeabi_fmul                             0x08005001   Thumb Code   100  fmul.o(.text)
    __aeabi_i2f                              0x08005065   Thumb Code    18  fflti.o(.text)
    __aeabi_f2iz                             0x08005077   Thumb Code    50  ffixi.o(.text)
    __aeabi_f2uiz                            0x080050a9   Thumb Code    40  ffixui.o(.text)
    __aeabi_f2d                              0x080050d1   Thumb Code    38  f2d.o(.text)
    __aeabi_cdcmpeq                          0x080050f9   Thumb Code     0  cdcmple.o(.text)
    __aeabi_cdcmple                          0x080050f9   Thumb Code    38  cdcmple.o(.text)
    __I$use$fp                               0x08005121   Thumb Code     0  iusefp.o(.text)
    _float_round                             0x08005121   Thumb Code    18  fepilogue.o(.text)
    _float_epilogue                          0x08005133   Thumb Code    92  fepilogue.o(.text)
    __scatterload                            0x08005191   Thumb Code    28  init.o(.text)
    __scatterload_rt2                        0x08005191   Thumb Code     0  init.o(.text)
    __0printf$2                              0x080051b5   Thumb Code    22  printf2.o(i.__0printf$2)
    __1printf$2                              0x080051b5   Thumb Code     0  printf2.o(i.__0printf$2)
    __2printf                                0x080051b5   Thumb Code     0  printf2.o(i.__0printf$2)
    __scatterload_copy                       0x080051d5   Thumb Code    14  handlers.o(i.__scatterload_copy)
    __scatterload_null                       0x080051e3   Thumb Code     2  handlers.o(i.__scatterload_null)
    __scatterload_zeroinit                   0x080051e5   Thumb Code    14  handlers.o(i.__scatterload_zeroinit)
    SystemFrequency                          0x080052c8   Data           4  system_stm32f10x.o(.constdata)
    SystemFrequency_SysClk                   0x080052cc   Data           4  system_stm32f10x.o(.constdata)
    SystemFrequency_AHBClk                   0x080052d0   Data           4  system_stm32f10x.o(.constdata)
    SystemFrequency_APB1Clk                  0x080052d4   Data           4  system_stm32f10x.o(.constdata)
    SystemFrequency_APB2Clk                  0x080052d8   Data           4  system_stm32f10x.o(.constdata)
    F6x8                                     0x080052dc   Data         552  oled.o(.constdata)
    F8X16                                    0x08005504   Data        1520  oled.o(.constdata)
    OSUnMapTbl                               0x08005af4   Data         256  os_core.o(.constdata)
    Region$$Table$$Base                      0x08005bf4   Number         0  anon$$obj.o(Region$$Table)
    Region$$Table$$Limit                     0x08005c14   Number         0  anon$$obj.o(Region$$Table)
    SystemCoreClock                          0x20000014   Data           4  system_stm32f10x.o(.data)
    buff                                     0x2000001c   Data           5  usart1.o(.data)
    DHT11_Data                               0x20000021   Data           5  sensor.o(.data)
    OSCtxSwCtr                               0x20000028   Data           4  os_core.o(.data)
    OSEventFreeList                          0x2000002c   Data           4  os_core.o(.data)
    OSCPUUsage                               0x20000030   Data           1  os_core.o(.data)
    OSIdleCtrMax                             0x20000034   Data           4  os_core.o(.data)
    OSIdleCtrRun                             0x20000038   Data           4  os_core.o(.data)
    OSStatRdy                                0x2000003c   Data           1  os_core.o(.data)
    OSIntNesting                             0x2000003d   Data           1  os_core.o(.data)
    OSLockNesting                            0x2000003e   Data           1  os_core.o(.data)
    OSPrioCur                                0x2000003f   Data           1  os_core.o(.data)
    OSPrioHighRdy                            0x20000040   Data           1  os_core.o(.data)
    OSRdyGrp                                 0x20000041   Data           1  os_core.o(.data)
    OSRdyTbl                                 0x20000042   Data           4  os_core.o(.data)
    OSRunning                                0x20000046   Data           1  os_core.o(.data)
    OSTaskCtr                                0x20000047   Data           1  os_core.o(.data)
    OSIdleCtr                                0x20000048   Data           4  os_core.o(.data)
    OSTCBCur                                 0x2000004c   Data           4  os_core.o(.data)
    OSTCBFreeList                            0x20000050   Data           4  os_core.o(.data)
    OSTCBHighRdy                             0x20000054   Data           4  os_core.o(.data)
    OSTCBList                                0x20000058   Data           4  os_core.o(.data)
    OSTickStepState                          0x2000005c   Data           1  os_core.o(.data)
    OSTime                                   0x20000060   Data           4  os_core.o(.data)
    __stdout                                 0x20000064   Data           4  stdout.o(.data)
    startup_task_stk                         0x20000068   Data         320  main.o(.bss)
    task_led2_stk                            0x200001a8   Data         320  app.o(.bss)
    task_led3_stk                            0x200002e8   Data         320  app.o(.bss)
    task_led1_stk                            0x20000428   Data         320  app.o(.bss)
    task_ultrawaves_stk                      0x20000568   Data         320  app.o(.bss)
    task_OLED_stk                            0x200006a8   Data         600  app.o(.bss)
    task_Sensor_stk                          0x20000900   Data        2000  app.o(.bss)
    task_key_stk                             0x200010d0   Data         200  app.o(.bss)
    task_PWM_stk                             0x20001198   Data        1200  app.o(.bss)
    OSEventTbl                               0x20001648   Data         320  os_core.o(.bss)
    OSTaskStatStk                            0x20001788   Data         512  os_core.o(.bss)
    OSTaskIdleStk                            0x20001988   Data         512  os_core.o(.bss)
    OSTCBPrioTbl                             0x20001b88   Data         128  os_core.o(.bss)
    OSTCBTbl                                 0x20001c08   Data        1440  os_core.o(.bss)
    __initial_sp                             0x200023a8   Data           0  startup_stm32f10x_hd.o(STACK)



==============================================================================

Memory Map of the image

  Image Entry point : 0x08000147

  Load Region LR_1 (Base: 0x08000000, Size: 0x00005c7c, Max: 0xffffffff, ABSOLUTE)

    Execution Region ER_RO (Base: 0x08000000, Size: 0x00005c14, Max: 0xffffffff, ABSOLUTE)

    Base Addr    Size         Type   Attr      Idx    E Section Name        Object

    0x08000000   0x00000130   Data   RO            3    RESET               startup_stm32f10x_hd.o
    0x08000130   0x00000000   Code   RO          505  * .ARM.Collect$$$$00000000  mc_w.l(entry.o)
    0x08000130   0x00000004   Code   RO          783    .ARM.Collect$$$$00000001  mc_w.l(entry2.o)
    0x08000134   0x00000004   Code   RO          786    .ARM.Collect$$$$00000004  mc_w.l(entry5.o)
    0x08000138   0x00000000   Code   RO          788    .ARM.Collect$$$$00000008  mc_w.l(entry7b.o)
    0x08000138   0x00000000   Code   RO          790    .ARM.Collect$$$$0000000A  mc_w.l(entry8b.o)
    0x08000138   0x00000008   Code   RO          791    .ARM.Collect$$$$0000000B  mc_w.l(entry9a.o)
    0x08000140   0x00000000   Code   RO          793    .ARM.Collect$$$$0000000D  mc_w.l(entry10a.o)
    0x08000140   0x00000000   Code   RO          795    .ARM.Collect$$$$0000000F  mc_w.l(entry11a.o)
    0x08000140   0x00000004   Code   RO          784    .ARM.Collect$$$$00002712  mc_w.l(entry2.o)
    0x08000144   0x00000030   Code   RO            4  * .text               startup_stm32f10x_hd.o
    0x08000174   0x00000098   Code   RO           10    .text               main.o
    0x0800020c   0x00000040   Code   RO          117    .text               stm32f10x_it.o
    0x0800024c   0x00000330   Code   RO          129    .text               stm32f10x_gpio.o
    0x0800057c   0x000003a0   Code   RO          141    .text               stm32f10x_rcc.o
    0x0800091c   0x00000bc6   Code   RO          155    .text               stm32f10x_tim.o
    0x080014e2   0x00000002   PAD
    0x080014e4   0x00000370   Code   RO          167    .text               stm32f10x_usart.o
    0x08001854   0x000000dc   Code   RO          179    .text               misc.o
    0x08001930   0x00000140   Code   RO          191    .text               stm32f10x_exti.o
    0x08001a70   0x00000138   Code   RO          213    .text               system_stm32f10x.o
    0x08001ba8   0x00000178   Code   RO          232    .text               bsp.o
    0x08001d20   0x00000060   Code   RO          253    .text               led.o
    0x08001d80   0x0000008c   Code   RO          265    .text               tim2.o
    0x08001e0c   0x0000027c   Code   RO          277    .text               ultrasonicwave.o
    0x08002088   0x00000134   Code   RO          289    .text               usart1.o
    0x080021bc   0x00001024   Code   RO          304    .text               oled.o
    0x080031e0   0x00000350   Code   RO          319    .text               sensor.o
    0x08003530   0x00000074   Code   RO          343    .text               key.o
    0x080035a4   0x000001b8   Code   RO          355    .text               pwm.o
    0x0800375c   0x00000300   Code   RO          367    .text               app.o
    0x08003a5c   0x00000994   Code   RO          382    .text               os_core.o
    0x080043f0   0x00000820   Code   RO          444    .text               os_task.o
    0x08004c10   0x000001f0   Code   RO          456    .text               os_time.o
    0x08004e00   0x000000a4   Code   RO          474    .text               os_cpu_a.o
    0x08004ea4   0x000000ac   Code   RO          477    .text               os_cpu_c.o
    0x08004f50   0x000000b0   Code   RO          769    .text               mf_w.l(fadd.o)
    0x08005000   0x00000064   Code   RO          771    .text               mf_w.l(fmul.o)
    0x08005064   0x00000012   Code   RO          773    .text               mf_w.l(fflti.o)
    0x08005076   0x00000032   Code   RO          775    .text               mf_w.l(ffixi.o)
    0x080050a8   0x00000028   Code   RO          777    .text               mf_w.l(ffixui.o)
    0x080050d0   0x00000026   Code   RO          779    .text               mf_w.l(f2d.o)
    0x080050f6   0x00000002   PAD
    0x080050f8   0x00000028   Code   RO          781    .text               mf_w.l(cdcmple.o)
    0x08005120   0x00000000   Code   RO          802    .text               mc_w.l(iusefp.o)
    0x08005120   0x0000006e   Code   RO          803    .text               mf_w.l(fepilogue.o)
    0x0800518e   0x00000002   PAD
    0x08005190   0x00000024   Code   RO          815    .text               mc_w.l(init.o)
    0x080051b4   0x00000020   Code   RO          575    i.__0printf$2       mc_w.l(printf2.o)
    0x080051d4   0x0000000e   Code   RO          827    i.__scatterload_copy  mc_w.l(handlers.o)
    0x080051e2   0x00000002   Code   RO          828    i.__scatterload_null  mc_w.l(handlers.o)
    0x080051e4   0x0000000e   Code   RO          829    i.__scatterload_zeroinit  mc_w.l(handlers.o)
    0x080051f2   0x000000d6   Code   RO          582    i._printf_core      mc_w.l(printf2.o)
    0x080052c8   0x00000014   Data   RO          214    .constdata          system_stm32f10x.o
    0x080052dc   0x00000818   Data   RO          305    .constdata          oled.o
    0x08005af4   0x00000100   Data   RO          384    .constdata          os_core.o
    0x08005bf4   0x00000020   Data   RO          825    Region$$Table       anon$$obj.o


    Execution Region ER_RW (Base: 0x20000000, Size: 0x00000068, Max: 0xffffffff, ABSOLUTE)

    Base Addr    Size         Type   Attr      Idx    E Section Name        Object

    0x20000000   0x00000014   Data   RW          142    .data               stm32f10x_rcc.o
    0x20000014   0x00000004   Data   RW          215    .data               system_stm32f10x.o
    0x20000018   0x00000004   Data   RW          233    .data               bsp.o
    0x2000001c   0x00000005   Data   RW          290    .data               usart1.o
    0x20000021   0x00000005   Data   RW          320    .data               sensor.o
    0x20000026   0x00000002   PAD
    0x20000028   0x0000003c   Data   RW          385    .data               os_core.o
    0x20000064   0x00000004   Data   RW          797    .data               mc_w.l(stdout.o)


    Execution Region ER_ZI (Base: 0x20000068, Size: 0x00002340, Max: 0xffffffff, ABSOLUTE)

    Base Addr    Size         Type   Attr      Idx    E Section Name        Object

    0x20000068   0x00000140   Zero   RW           11    .bss                main.o
    0x200001a8   0x000014a0   Zero   RW          368    .bss                app.o
    0x20001648   0x00000b60   Zero   RW          383    .bss                os_core.o
    0x200021a8   0x00000200   Zero   RW            1    STACK               startup_stm32f10x_hd.o


==============================================================================

Image component sizes


      Code (inc. data)   RO Data    RW Data    ZI Data      Debug   Object Name

       768        280          0          0       5280       2387   app.o
       376         44          0          4          0      16564   bsp.o
       116          4          0          0          0        654   key.o
        96          8          0          0          0        470   led.o
       152        110          0          0        320     261886   main.o
       220         22          0          0          0       1673   misc.o
      4132         64       2072          0          0      12227   oled.o
      2452        242        256         60       2912      16132   os_core.o
       164         32          0          0          0        292   os_cpu_a.o
       172          0          0          0          0      10653   os_cpu_c.o
      2080         66          0          0          0       6849   os_task.o
       496         24          0          0          0       1846   os_time.o
       440         28          0          0          0       1008   pwm.o
       848         48          0          5          0       4530   sensor.o
        48         12        304          0        512        860   startup_stm32f10x_hd.o
       320         14          0          0          0       2059   stm32f10x_exti.o
       816         18          0          0          0       5043   stm32f10x_gpio.o
        64          0          0          0          0       1383   stm32f10x_it.o
       928         36          0         20          0       8636   stm32f10x_rcc.o
      3014         16          0          0          0      23748   stm32f10x_tim.o
       880         12          0          0          0       7655   stm32f10x_usart.o
       312         16         20          4          0       1613   system_stm32f10x.o
       140          0          0          0          0        917   tim2.o
       636         40          0          0          0       3154   ultrasonicwave.o
       308         16          0          5          0       1926   usart1.o

    ----------------------------------------------------------------------
     19980       1152       2684        100       9024     394165   Object Totals
         0          0         32          0          0          0   (incl. Generated)
         2          0          0          2          0          0   (incl. Padding)

    ----------------------------------------------------------------------

      Code (inc. data)   RO Data    RW Data    ZI Data      Debug   Library Member Name

         0          0          0          0          0          0   entry.o
         0          0          0          0          0          0   entry10a.o
         0          0          0          0          0          0   entry11a.o
         8          4          0          0          0          0   entry2.o
         4          0          0          0          0          0   entry5.o
         0          0          0          0          0          0   entry7b.o
         0          0          0          0          0          0   entry8b.o
         8          4          0          0          0          0   entry9a.o
        30          0          0          0          0          0   handlers.o
        36          8          0          0          0         68   init.o
         0          0          0          0          0          0   iusefp.o
       246         10          0          0          0        176   printf2.o
         0          0          0          4          0          0   stdout.o
        40          2          0          0          0         68   cdcmple.o
        38          0          0          0          0         68   f2d.o
       176          0          0          0          0        140   fadd.o
       110          0          0          0          0        168   fepilogue.o
        50          0          0          0          0         68   ffixi.o
        40          0          0          0          0         68   ffixui.o
        18          0          0          0          0         68   fflti.o
       100          0          0          0          0         76   fmul.o

    ----------------------------------------------------------------------
       908         28          0          4          0        968   Library Totals
         4          0          0          0          0          0   (incl. Padding)

    ----------------------------------------------------------------------

      Code (inc. data)   RO Data    RW Data    ZI Data      Debug   Library Name

       332         26          0          4          0        244   mc_w.l
       572          2          0          0          0        724   mf_w.l

    ----------------------------------------------------------------------
       908         28          0          4          0        968   Library Totals

    ----------------------------------------------------------------------

==============================================================================


      Code (inc. data)   RO Data    RW Data    ZI Data      Debug   

     20888       1180       2684        104       9024     392893   Grand Totals
     20888       1180       2684        104       9024     392893   ELF Image Totals
     20888       1180       2684        104          0          0   ROM Totals

==============================================================================

    Total RO  Size (Code + RO Data)                23572 (  23.02kB)
    Total RW  Size (RW Data + ZI Data)              9128 (   8.91kB)
    Total ROM Size (Code + RO Data + RW Data)      23676 (  23.12kB)

==============================================================================

