ARM Linker, 4.1 [Build 894] [Standard]

==============================================================================

Section Cross References

    startup_stm32f10x_hd.o(RESET) refers to startup_stm32f10x_hd.o(.text) for Reset_Handler
    startup_stm32f10x_hd.o(RESET) refers to stm32f10x_it.o(.text) for NMI_Handler
    startup_stm32f10x_hd.o(RESET) refers to os_cpu_a.o(.text) for OS_CPU_PendSVHandler
    startup_stm32f10x_hd.o(RESET) refers to tim2.o(.text) for TIM2_IRQHandler
    startup_stm32f10x_hd.o(RESET) refers to usart1.o(.text) for USART1_IRQHandler
    startup_stm32f10x_hd.o(.text) refers to startup_stm32f10x_hd.o(STACK) for __initial_sp
    startup_stm32f10x_hd.o(.text) refers to entry.o(.ARM.Collect$$$$00000000) for __main
    main.o(.text) refers to bsp.o(.text) for BSP_Init
    main.o(.text) refers to os_core.o(.text) for OSInit
    main.o(.text) refers to printf2.o(i.__0printf$2) for __2printf
    main.o(.text) refers to os_task.o(.text) for OSTaskCreate
    main.o(.text) refers to main.o(.bss) for startup_task_stk
    main.o(.text) refers to app.o(.text) for Task_Start
    stm32f10x_it.o(.text) refers to os_core.o(.text) for OSIntEnter
    stm32f10x_it.o(.text) refers to stm32f10x_exti.o(.text) for EXTI_GetITStatus
    stm32f10x_it.o(.text) refers to sensor.o(.text) for DHT11_get
    stm32f10x_gpio.o(.text) refers to stm32f10x_rcc.o(.text) for RCC_APB2PeriphResetCmd
    stm32f10x_rcc.o(.text) refers to stm32f10x_rcc.o(.data) for APBAHBPrescTable
    stm32f10x_tim.o(.text) refers to stm32f10x_rcc.o(.text) for RCC_APB2PeriphResetCmd
    stm32f10x_usart.o(.text) refers to stm32f10x_rcc.o(.text) for RCC_APB2PeriphResetCmd
    bsp.o(.text) refers to system_stm32f10x.o(.text) for SystemInit
    bsp.o(.text) refers to led.o(.text) for LED_GPIO_Config
    bsp.o(.text) refers to tim2.o(.text) for TIM2_Config
    bsp.o(.text) refers to ultrasonicwave.o(.text) for UltrasonicWave_Config
    bsp.o(.text) refers to usart1.o(.text) for USART1_CONFIG
    bsp.o(.text) refers to oled.o(.text) for OLED_Config
    bsp.o(.text) refers to sensor.o(.text) for sensor_Config
    bsp.o(.text) refers to key.o(.text) for EXTI_PA0_Config
    bsp.o(.text) refers to printf2.o(i.__0printf$2) for __2printf
    bsp.o(.text) refers to pwm.o(.text) for TIM3_Pwm_Init
    bsp.o(.text) refers to misc.o(.text) for SysTick_CLKSourceConfig
    bsp.o(.text) refers to os_time.o(.text) for OSTimeDly
    bsp.o(.text) refers to system_stm32f10x.o(.constdata) for SystemFrequency
    bsp.o(.text) refers to system_stm32f10x.o(.data) for SystemCoreClock
    bsp.o(.text) refers to bsp.o(.data) for fac_us
    led.o(.text) refers to stm32f10x_rcc.o(.text) for RCC_APB2PeriphClockCmd
    led.o(.text) refers to stm32f10x_gpio.o(.text) for GPIO_Init
    tim2.o(.text) refers to misc.o(.text) for NVIC_PriorityGroupConfig
    tim2.o(.text) refers to stm32f10x_tim.o(.text) for TIM_GetITStatus
    tim2.o(.text) refers to stm32f10x_rcc.o(.text) for RCC_APB1PeriphClockCmd
    ultrasonicwave.o(.text) refers to stm32f10x_rcc.o(.text) for RCC_APB2PeriphClockCmd
    ultrasonicwave.o(.text) refers to stm32f10x_gpio.o(.text) for GPIO_Init
    ultrasonicwave.o(.text) refers to oled.o(.text) for LED_PrintValueFP_my
    ultrasonicwave.o(.text) refers to stm32f10x_tim.o(.text) for TIM_Cmd
    ultrasonicwave.o(.text) refers to printf2.o(i.__0printf$2) for __2printf
    usart1.o(.text) refers to stm32f10x_rcc.o(.text) for RCC_APB2PeriphClockCmd
    usart1.o(.text) refers to stm32f10x_gpio.o(.text) for GPIO_Init
    usart1.o(.text) refers to stm32f10x_usart.o(.text) for USART_Init
    usart1.o(.text) refers to misc.o(.text) for NVIC_PriorityGroupConfig
    usart1.o(.text) refers to printf2.o(i.__0printf$2) for __2printf
    usart1.o(.text) refers to usart1.o(.data) for buff
    oled.o(.text) refers to stm32f10x_gpio.o(.text) for GPIO_SetBits
    oled.o(.text) refers to stm32f10x_rcc.o(.text) for RCC_APB2PeriphClockCmd
    oled.o(.text) refers to oled.o(.constdata) for F6x8
    oled.o(.text) refers to ffixi.o(.text) for __aeabi_f2iz
    oled.o(.text) refers to fflti.o(.text) for __aeabi_i2f
    oled.o(.text) refers to fadd.o(.text) for __aeabi_frsub
    oled.o(.text) refers to fmul.o(.text) for __aeabi_fmul
    oled.o(.text) refers to ffixui.o(.text) for __aeabi_f2uiz
    oled.o(.text) refers to f2d.o(.text) for __aeabi_f2d
    oled.o(.text) refers to cdcmple.o(.text) for __aeabi_cdcmple
    sensor.o(.text) refers to stm32f10x_rcc.o(.text) for RCC_APB2PeriphClockCmd
    sensor.o(.text) refers to stm32f10x_gpio.o(.text) for GPIO_Init
    sensor.o(.text) refers to oled.o(.text) for LED_P6x8Char
    sensor.o(.text) refers to bsp.o(.text) for delay_us
    sensor.o(.text) refers to sensor.o(.data) for DHT11_Data
    key.o(.text) refers to misc.o(.text) for NVIC_PriorityGroupConfig
    key.o(.text) refers to stm32f10x_rcc.o(.text) for RCC_APB2PeriphClockCmd
    key.o(.text) refers to stm32f10x_gpio.o(.text) for GPIO_Init
[...]
    printf1.o(i.__0vsprintf$1) refers to printf1.o(i._printf_core) for _printf_core
    printf1.o(i.__0vsprintf$1) refers to printf1.o(i._sputc) for _sputc
    printf1.o(i._printf_core) refers to uidiv.o(.text) for __aeabi_uidivmod
    printf2.o(i.__0fprintf$2) refers to printf2.o(i._printf_core) for _printf_core
    printf2.o(i.__0fprintf$2) refers to usart1.o(.text) for fputc
    printf2.o(i.__0printf$2) refers to printf2.o(i._printf_core) for _printf_core
    printf2.o(i.__0printf$2) refers to usart1.o(.text) for fputc
    printf2.o(i.__0printf$2) refers to stdout.o(.data) for __stdout
    printf2.o(i.__0snprintf$2) refers to printf2.o(i._printf_core) for _printf_core
    printf2.o(i.__0snprintf$2) refers to printf2.o(i._snputc) for _snputc
    printf2.o(i.__0sprintf$2) refers to printf2.o(i._printf_core) for _printf_core
    printf2.o(i.__0sprintf$2) refers to printf2.o(i._sputc) for _sputc
    printf2.o(i.__0vfprintf$2) refers to printf2.o(i._printf_core) for _printf_core
    printf2.o(i.__0vfprintf$2) refers to usart1.o(.text) for fputc
    printf2.o(i.__0vprintf$2) refers to printf2.o(i._printf_core) for _printf_core
    printf2.o(i.__0vprintf$2) refers to usart1.o(.text) for fputc
    printf2.o(i.__0vprintf$2) refers to stdout.o(.data) for __stdout
    printf2.o(i.__0vsnprintf$2) refers to printf2.o(i._printf_core) for _printf_core
    printf2.o(i.__0vsnprintf$2) refers to printf2.o(i._snputc) for _snputc
    printf2.o(i.__0vsprintf$2) refers to printf2.o(i._printf_core) for _printf_core
    printf2.o(i.__0vsprintf$2) refers to printf2.o(i._sputc) for _sputc
    printf3.o(i.__0fprintf$3) refers to printf3.o(i._printf_core) for _printf_core
    printf3.o(i.__0fprintf$3) refers to usart1.o(.text) for fputc
    printf3.o(i.__0printf$3) refers to printf3.o(i._printf_core) for _printf_core
    printf3.o(i.__0printf$3) refers to usart1.o(.text) for fputc
    printf3.o(i.__0printf$3) refers to stdout.o(.data) for __stdout
    printf3.o(i.__0snprintf$3) refers to printf3.o(i._printf_core) for _printf_core
    printf3.o(i.__0snprintf$3) refers to printf3.o(i._snputc) for _snputc
    printf3.o(i.__0sprintf$3) refers to printf3.o(i._printf_core) for _printf_core
    printf3.o(i.__0sprintf$3) refers to printf3.o(i._sputc) for _sputc
    printf3.o(i.__0vfprintf$3) refers to printf3.o(i._printf_core) for _printf_core
    printf3.o(i.__0vfprintf$3) refers to usart1.o(.text) for fputc
    printf3.o(i.__0vprintf$3) refers to printf3.o(i._printf_core) for _printf_core
    printf3.o(i.__0vprintf$3) refers to usart1.o(.text) for fputc
    printf3.o(i.__0vprintf$3) refers to stdout.o(.data) for __stdout
    printf3.o(i.__0vsnprintf$3) refers to printf3.o(i._printf_core) for _printf_core
    printf3.o(i.__0vsnprintf$3) refers to printf3.o(i._snputc) for _snputc
    printf3.o(i.__0vsprintf$3) refers to printf3.o(i._printf_core) for _printf_core
    printf3.o(i.__0vsprintf$3) refers to printf3.o(i._sputc) for _sputc
    printf3.o(i._printf_core) refers to uidiv.o(.text) for __aeabi_uidivmod
    printf4.o(i.__0fprintf$4) refers to printf4.o(i._printf_core) for _printf_core
    printf4.o(i.__0fprintf$4) refers to usart1.o(.text) for fputc
    printf4.o(i.__0printf$4) refers to printf4.o(i._printf_core) for _printf_core
    printf4.o(i.__0printf$4) refers to usart1.o(.text) for fputc
    printf4.o(i.__0printf$4) refers to stdout.o(.data) for __stdout
    printf4.o(i.__0snprintf$4) refers to printf4.o(i._printf_core) for _printf_core
    printf4.o(i.__0snprintf$4) refers to printf4.o(i._snputc) for _snputc
    printf4.o(i.__0sprintf$4) refers to printf4.o(i._printf_core) for _printf_core
    printf4.o(i.__0sprintf$4) refers to printf4.o(i._sputc) for _sputc
    printf4.o(i.__0vfprintf$4) refers to printf4.o(i._printf_core) for _printf_core
    printf4.o(i.__0vfprintf$4) refers to usart1.o(.text) for fputc
    printf4.o(i.__0vprintf$4) refers to printf4.o(i._printf_core) for _printf_core
    printf4.o(i.__0vprintf$4) refers to usart1.o(.text) for fputc
    printf4.o(i.__0vprintf$4) refers to stdout.o(.data) for __stdout
    printf4.o(i.__0vsnprintf$4) refers to printf4.o(i._printf_core) for _printf_core
    printf4.o(i.__0vsnprintf$4) refers to printf4.o(i._snputc) for _snputc
    printf4.o(i.__0vsprintf$4) refers to printf4.o(i._printf_core) for _printf_core
    printf4.o(i.__0vsprintf$4) refers to printf4.o(i._sputc) for _sputc
    printf4.o(i._printf_core) refers to uldiv.o(.text) for __aeabi_uldivmod
    printf5.o(i.__0fprintf$5) refers to printf5.o(i._printf_core) for _printf_core
    printf5.o(i.__0fprintf$5) refers to usart1.o(.text) for fputc
    printf5.o(i.__0printf$5) refers to printf5.o(i._printf_core) for _printf_core
    printf5.o(i.__0printf$5) refers to usart1.o(.text) for fputc
    printf5.o(i.__0printf$5) refers to stdout.o(.data) for __stdout
    printf5.o(i.__0snprintf$5) refers to printf5.o(i._printf_core) for _printf_core
    printf5.o(i.__0snprintf$5) refers to printf5.o(i._snputc) for _snputc
    printf5.o(i.__0sprintf$5) refers to printf5.o(i._printf_core) for _printf_core
    printf5.o(i.__0sprintf$5) refers to printf5.o(i._sputc) for _sputc
    printf5.o(i.__0vfprintf$5) refers to printf5.o(i._printf_core) for _printf_core
    printf5.o(i.__0vfprintf$5) refers to usart1.o(.text) for fputc
    printf5.o(i.__0vprintf$5) refers to printf5.o(i._printf_core) for _printf_core
    printf5.o(i.__0vprintf$5) refers to usart1.o(.text) for fputc
    printf5.o(i.__0vprintf$5) refers to stdout.o(.data) for __stdout
    printf5.o(i.__0vsnprintf$5) refers to printf5.o(i._printf_core) for _printf_core
    printf5.o(i.__0vsnprintf$5) refers to printf5.o(i._snputc) for _snputc
    printf5.o(i.__0vsprintf$5) refers to printf5.o(i._printf_core) for _printf_core
    printf5.o(i.__0vsprintf$5) refers to printf5.o(i._sputc) for _sputc
    printf5.o(i._printf_core) refers to uldiv.o(.text) for __aeabi_uldivmod
    printf6.o(i.__0fprintf$6) refers to printf6.o(i._printf_core) for _printf_core
    printf6.o(i.__0fprintf$6) refers to usart1.o(.text) for fputc
    printf6.o(i.__0printf$6) refers to printf6.o(i._printf_core) for _printf_core
    printf6.o(i.__0printf$6) refers to usart1.o(.text) for fputc
    printf6.o(i.__0printf$6) refers to stdout.o(.data) for __stdout
    printf6.o(i.__0snprintf$6) refers to printf6.o(i._printf_core) for _printf_core
    printf6.o(i.__0snprintf$6) refers to printf6.o(i._snputc) for _snputc
    printf6.o(i.__0sprintf$6) refers to printf6.o(i._printf_core) for _printf_core
    printf6.o(i.__0sprintf$6) refers to printf6.o(i._sputc) for _sputc
    printf6.o(i.__0vfprintf$6) refers to printf6.o(i._printf_core) for _printf_core
    printf6.o(i.__0vfprintf$6) refers to usart1.o(.text) for fputc
    printf6.o(i.__0vprintf$6) refers to printf6.o(i._printf_core) for _printf_core
    printf6.o(i.__0vprintf$6) refers to usart1.o(.text) for fputc
    printf6.o(i.__0vprintf$6) refers to stdout.o(.data) for __stdout
    printf6.o(i.__0vsnprintf$6) refers to printf6.o(i._printf_core) for _printf_core
    printf6.o(i.__0vsnprintf$6) refers to printf6.o(i._snputc) for _snputc
    printf6.o(i.__0vsprintf$6) refers to printf6.o(i._printf_core) for _printf_core
    printf6.o(i.__0vsprintf$6) refers to printf6.o(i._sputc) for _sputc
    printf6.o(i._printf_core) refers to printf6.o(i._printf_pre_padding) for _printf_pre_padding
    printf6.o(i._printf_core) refers to uidiv.o(.text) for __aeabi_uidivmod
    printf6.o(i._printf_core) refers to printf6.o(i._printf_post_padding) for _printf_post_padding
    printf7.o(i.__0fprintf$7) refers to printf7.o(i._printf_core) for _printf_core
    printf7.o(i.__0fprintf$7) refers to usart1.o(.text) for fputc
    printf7.o(i.__0printf$7) refers to printf7.o(i._printf_core) for _printf_core
    printf7.o(i.__0printf$7) refers to usart1.o(.text) for fputc
    printf7.o(i.__0printf$7) refers to stdout.o(.data) for __stdout
    printf7.o(i.__0snprintf$7) refers to printf7.o(i._printf_core) for _printf_core
    printf7.o(i.__0snprintf$7) refers to printf7.o(i._snputc) for _snputc
    printf7.o(i.__0sprintf$7) refers to printf7.o(i._printf_core) for _printf_core
    printf7.o(i.__0sprintf$7) refers to printf7.o(i._sputc) for _sputc
    printf7.o(i.__0vfprintf$7) refers to printf7.o(i._printf_core) for _printf_core
    printf7.o(i.__0vfprintf$7) refers to usart1.o(.text) for fputc
    printf7.o(i.__0vprintf$7) refers to printf7.o(i._printf_core) for _printf_core
    printf7.o(i.__0vprintf$7) refers to usart1.o(.text) for fputc
    printf7.o(i.__0vprintf$7) refers to stdout.o(.data) for __stdout
    printf7.o(i.__0vsnprintf$7) refers to printf7.o(i._printf_core) for _printf_core
    printf7.o(i.__0vsnprintf$7) refers to printf7.o(i._snputc) for _snputc
    printf7.o(i.__0vsprintf$7) refers to printf7.o(i._printf_core) for _printf_core
    printf7.o(i.__0vsprintf$7) refers to printf7.o(i._sputc) for _sputc
    printf7.o(i._printf_core) refers to printf7.o(i._printf_pre_padding) for _printf_pre_padding
    printf7.o(i._printf_core) refers to uldiv.o(.text) for __aeabi_uldivmod
    printf7.o(i._printf_core) refers to printf7.o(i._printf_post_padding) for _printf_post_padding
    printf8.o(i.__0fprintf$8) refers to printf8.o(i._printf_core) for _printf_core
    printf8.o(i.__0fprintf$8) refers to usart1.o(.text) for fputc
    printf8.o(i.__0printf$8) refers to printf8.o(i._printf_core) for _printf_core
    printf8.o(i.__0printf$8) refers to usart1.o(.text) for fputc
    printf8.o(i.__0printf$8) refers to stdout.o(.data) for __stdout
    printf8.o(i.__0snprintf$8) refers to printf8.o(i._printf_core) for _printf_core
    printf8.o(i.__0snprintf$8) refers to printf8.o(i._snputc) for _snputc
    printf8.o(i.__0sprintf$8) refers to printf8.o(i._printf_core) for _printf_core
    printf8.o(i.__0sprintf$8) refers to printf8.o(i._sputc) for _sputc
    printf8.o(i.__0vfprintf$8) refers to printf8.o(i._printf_core) for _printf_core
    printf8.o(i.__0vfprintf$8) refers to usart1.o(.text) for fputc
    printf8.o(i.__0vprintf$8) refers to printf8.o(i._printf_core) for _printf_core
    printf8.o(i.__0vprintf$8) refers to usart1.o(.text) for fputc
    printf8.o(i.__0vprintf$8) refers to stdout.o(.data) for __stdout
    printf8.o(i.__0vsnprintf$8) refers to printf8.o(i._printf_core) for _printf_core
    printf8.o(i.__0vsnprintf$8) refers to printf8.o(i._snputc) for _snputc
    printf8.o(i.__0vsprintf$8) refers to printf8.o(i._printf_core) for _printf_core
    printf8.o(i.__0vsprintf$8) refers to printf8.o(i._sputc) for _sputc
    printf8.o(i._printf_core) refers to printf8.o(i._printf_pre_padding) for _printf_pre_padding
    printf8.o(i._printf_core) refers to uldiv.o(.text) for __aeabi_uldivmod
    printf8.o(i._printf_core) refers to printf8.o(i._printf_post_padding) for _printf_post_padding
    printfa.o(i.__0fprintf) refers (Special) to iusefp.o(.text) for __I$use$fp
    printfa.o(i.__0fprintf) refers to printfa.o(i._printf_core) for _printf_core
    printfa.o(i.__0fprintf) refers to usart1.o(.text) for fputc
    printfa.o(i.__0printf) refers (Special) to iusefp.o(.text) for __I$use$fp
    printfa.o(i.__0printf) refers to printfa.o(i._printf_core) for _printf_core
    printfa.o(i.__0printf) refers to usart1.o(.text) for fputc
    printfa.o(i.__0printf) refers to stdout.o(.data) for __stdout
    printfa.o(i.__0snprintf) refers (Special) to iusefp.o(.text) for __I$use$fp
    printfa.o(i.__0snprintf) refers to printfa.o(i._printf_core) for _printf_core
    printfa.o(i.__0snprintf) refers to printfa.o(i._snputc) for _snputc
    printfa.o(i.__0sprintf) refers (Special) to iusefp.o(.text) for __I$use$fp
    printfa.o(i.__0sprintf) refers to printfa.o(i._printf_core) for _printf_core
    printfa.o(i.__0sprintf) refers to printfa.o(i._sputc) for _sputc
    printfa.o(i.__0vfprintf) refers (Special) to iusefp.o(.text) for __I$use$fp
    printfa.o(i.__0vfprintf) refers to printfa.o(i._printf_core) for _printf_core
    printfa.o(i.__0vfprintf) refers to usart1.o(.text) for fputc
    printfa.o(i.__0vprintf) refers (Special) to iusefp.o(.text) for __I$use$fp
    printfa.o(i.__0vprintf) refers to printfa.o(i._printf_core) for _printf_core
    printfa.o(i.__0vprintf) refers to usart1.o(.text) for fputc
    printfa.o(i.__0vprintf) refers to stdout.o(.data) for __stdout
    printfa.o(i.__0vsnprintf) refers (Special) to iusefp.o(.text) for __I$use$fp
    printfa.o(i.__0vsnprintf) refers to printfa.o(i._printf_core) for _printf_core
    printfa.o(i.__0vsnprintf) refers to printfa.o(i._snputc) for _snputc
    printfa.o(i.__0vsprintf) refers (Special) to iusefp.o(.text) for __I$use$fp
    printfa.o(i.__0vsprintf) refers to printfa.o(i._printf_core) for _printf_core
    printfa.o(i.__0vsprintf) refers to printfa.o(i._sputc) for _sputc
    printfa.o(i._fp_digits) refers (Special) to iusefp.o(.text) for __I$use$fp
    printfa.o(i._fp_digits) refers to dmul.o(.text) for __aeabi_dmul
    printfa.o(i._fp_digits) refers to ddiv.o(.text) for __aeabi_ddiv
    printfa.o(i._fp_digits) refers to cdrcmple.o(.text) for __aeabi_cdrcmple
    printfa.o(i._fp_digits) refers to dadd.o(.text) for __aeabi_dadd
    printfa.o(i._fp_digits) refers to dfixul.o(.text) for __aeabi_d2ulz
    printfa.o(i._fp_digits) refers to uldiv.o(.text) for __aeabi_uldivmod
    printfa.o(i._printf_core) refers (Special) to iusefp.o(.text) for __I$use$fp
    printfa.o(i._printf_core) refers to printfa.o(i._printf_pre_padding) for _printf_pre_padding
    printfa.o(i._printf_core) refers to uldiv.o(.text) for __aeabi_uldivmod
    printfa.o(i._printf_core) refers to printfa.o(i._printf_post_padding) for _printf_post_padding
    printfa.o(i._printf_core) refers to printfa.o(i._fp_digits) for _fp_digits
    printfa.o(i._printf_core) refers to uidiv.o(.text) for __aeabi_uidivmod
    printfa.o(i._printf_post_padding) refers (Special) to iusefp.o(.text) for __I$use$fp
    printfa.o(i._printf_pre_padding) refers (Special) to iusefp.o(.text) for __I$use$fp
    printfa.o(i._snputc) refers (Special) to iusefp.o(.text) for __I$use$fp
    printfa.o(i._sputc) refers (Special) to iusefp.o(.text) for __I$use$fp
    fadd.o(.text) refers (Special) to iusefp.o(.text) for __I$use$fp
    fadd.o(.text) refers to fepilogue.o(.text) for _float_epilogue
    fmul.o(.text) refers (Special) to iusefp.o(.text) for __I$use$fp
    fflti.o(.text) refers (Special) to iusefp.o(.text) for __I$use$fp
    fflti.o(.text) refers to fepilogue.o(.text) for _float_epilogue
    ffixi.o(.text) refers (Special) to iusefp.o(.text) for __I$use$fp
    ffixui.o(.text) refers (Special) to iusefp.o(.text) for __I$use$fp
    f2d.o(.text) refers (Special) to iusefp.o(.text) for __I$use$fp
    cdcmple.o(.text) refers (Special) to iusefp.o(.text) for __I$use$fp
    entry2.o(.ARM.Collect$$$$00000001) refers to entry2.o(.ARM.Collect$$$$00002712) for __lit__00000000
    entry2.o(.ARM.Collect$$$$00002712) refers to startup_stm32f10x_hd.o(STACK) for __initial_sp
    entry2.o(__vectab_stack_and_reset_area) refers to startup_stm32f10x_hd.o(STACK) for __initial_sp
    entry2.o(__vectab_stack_and_reset_area) refers to entry.o(.ARM.Collect$$$$00000000) for __main
    entry5.o(.ARM.Collect$$$$00000004) refers to init.o(.text) for __scatterload
    entry8.o(.ARM.Collect$$$$00000009) refers to main.o(.text) for main
    uldiv.o(.text) refers to llushr.o(.text) for __aeabi_llsr
    uldiv.o(.text) refers to llshl.o(.text) for __aeabi_llsl
    dadd.o(.text) refers to llshl.o(.text) for __aeabi_llsl
    dadd.o(.text) refers to llsshr.o(.text) for __aeabi_lasr
    dadd.o(.text) refers to depilogue.o(.text) for _double_epilogue
    dmul.o(.text) refers to depilogue.o(.text) for _double_epilogue
    ddiv.o(.text) refers to depilogue.o(.text) for _double_round
    dfixul.o(.text) refers to llushr.o(.text) for __aeabi_llsr
    dfixul.o(.text) refers to llshl.o(.text) for __aeabi_llsl
    init.o(.text) refers to entry5.o(.ARM.Collect$$$$00000004) for __main_after_scatterload
    depilogue.o(.text) refers to llshl.o(.text) for __aeabi_llsl
    depilogue.o(.text) refers to llushr.o(.text) for __aeabi_llsr


==============================================================================

Removing Unused input sections from the image.

    Removing startup_stm32f10x_hd.o(HEAP), (0 bytes).
    Removing core_cm3.o(.emb_text), (32 bytes).
    Removing os_sem.o(.text), (1032 bytes).
    Removing os_dbg.o(.constdata), (2 bytes).
    Removing dadd.o(.text), (332 bytes).
    Removing dmul.o(.text), (224 bytes).
    Removing ddiv.o(.text), (222 bytes).
    Removing dfixul.o(.text), (48 bytes).
    Removing cdrcmple.o(.text), (40 bytes).
    Removing depilogue.o(.text), (190 bytes).

10 unused section(s) (total 2122 bytes) removed from the image.

==============================================================================

Image Symbol Table

    Local Symbols

    Symbol Name                              Value     Ov Type        Size  Object(Section)

    ../../microlib/division.c                0x00000000   Number         0  uldiv.o ABSOLUTE
    ../../microlib/division.c                0x00000000   Number         0  uidiv.o ABSOLUTE
    ../../microlib/f2d.c                     0x00000000   Number         0  f2d.o ABSOLUTE
    ../../microlib/fpadd.c                   0x00000000   Number         0  dadd.o ABSOLUTE
    ../../microlib/fpadd.c                   0x00000000   Number         0  fadd.o ABSOLUTE
    ../../microlib/fpdiv.c                   0x00000000   Number         0  ddiv.o ABSOLUTE
    ../../microlib/fpepilogue.c              0x00000000   Number         0  fepilogue.o ABSOLUTE
    ../../microlib/fpepilogue.c              0x00000000   Number         0  depilogue.o ABSOLUTE
    ../../microlib/fpfix.c                   0x00000000   Number         0  ffixi.o ABSOLUTE
    ../../microlib/fpfix.c                   0x00000000   Number         0  ffixui.o ABSOLUTE
    ../../microlib/fpfix.c                   0x00000000   Number         0  dfixul.o ABSOLUTE
    ../../microlib/fpflt.c                   0x00000000   Number         0  fflti.o ABSOLUTE
    ../../microlib/fpmul.c                   0x00000000   Number         0  fmul.o ABSOLUTE
    ../../microlib/fpmul.c                   0x00000000   Number         0  dmul.o ABSOLUTE
    ../../microlib/init/entry.s              0x00000000   Number         0  entry.o ABSOLUTE
    ../../microlib/init/entry.s              0x00000000   Number         0  entry7b.o ABSOLUTE
    ../../microlib/init/entry.s              0x00000000   Number         0  entry2.o ABSOLUTE
    ../../microlib/init/entry.s              0x00000000   Number         0  entry5.o ABSOLUTE
    ../../microlib/init/entry.s              0x00000000   Number         0  entry8.o ABSOLUTE
    ../../microlib/init/entry.s              0x00000000   Number         0  entry7a.o ABSOLUTE
    ../../microlib/longlong.c                0x00000000   Number         0  llshl.o ABSOLUTE
    ../../microlib/longlong.c                0x00000000   Number         0  llushr.o ABSOLUTE
    ../../microlib/longlong.c                0x00000000   Number         0  llsshr.o ABSOLUTE
    ../../microlib/printf/printf.c           0x00000000   Number         0  printf5.o ABSOLUTE
    ../../microlib/printf/printf.c           0x00000000   Number         0  printf6.o ABSOLUTE
    ../../microlib/printf/printf.c           0x00000000   Number         0  printf7.o ABSOLUTE
    ../../microlib/printf/printf.c           0x00000000   Number         0  printf0.o ABSOLUTE
    ../../microlib/printf/printf.c           0x00000000   Number         0  printf8.o ABSOLUTE
    ../../microlib/printf/printf.c           0x00000000   Number         0  printfa.o ABSOLUTE
    ../../microlib/printf/printf.c           0x00000000   Number         0  printfb.o ABSOLUTE
    ../../microlib/printf/printf.c           0x00000000   Number         0  printf1.o ABSOLUTE
    ../../microlib/printf/printf.c           0x00000000   Number         0  printf2.o ABSOLUTE
    ../../microlib/printf/printf.c           0x00000000   Number         0  printf3.o ABSOLUTE
    ../../microlib/printf/printf.c           0x00000000   Number         0  printf4.o ABSOLUTE
    ../../microlib/printf/stubs.s            0x00000000   Number         0  stubs.o ABSOLUTE
    ../../microlib/stdio/streams.c           0x00000000   Number         0  stdout.o ABSOLUTE
    ../../microlib/stubs.s                   0x00000000   Number         0  iusefp.o ABSOLUTE
    ..\APP\app.c                             0x00000000   Number         0  app.o ABSOLUTE
    ..\BSP\BSP.c                             0x00000000   Number         0  bsp.o ABSOLUTE
    ..\BSP\Key\key.c                         0x00000000   Number         0  key.o ABSOLUTE
    ..\BSP\OLED\OLED.c                       0x00000000   Number         0  oled.o ABSOLUTE
    ..\BSP\Sensor\Sensor.c                   0x00000000   Number         0  sensor.o ABSOLUTE
    ..\BSP\led.c                             0x00000000   Number         0  led.o ABSOLUTE
    ..\BSP\pwm\PWM.c                         0x00000000   Number         0  pwm.o ABSOLUTE
    ..\BSP\ultraeaves\TIM2.c                 0x00000000   Number         0  tim2.o ABSOLUTE
    ..\BSP\ultraeaves\UltrasonicWave.c       0x00000000   Number         0  ultrasonicwave.o ABSOLUTE
    ..\BSP\ultraeaves\usart1.c               0x00000000   Number         0  usart1.o ABSOLUTE
    ..\CMSIS\core_cm3.c                      0x00000000   Number         0  core_cm3.o ABSOLUTE
    ..\CMSIS\startup\startup_stm32f10x_hd.s  0x00000000   Number         0  startup_stm32f10x_hd.o ABSOLUTE
    ..\CMSIS\system_stm32f10x.c              0x00000000   Number         0  system_stm32f10x.o ABSOLUTE
    ..\FWlib\src\misc.c                      0x00000000   Number         0  misc.o ABSOLUTE
    ..\FWlib\src\stm32f10x_exti.c            0x00000000   Number         0  stm32f10x_exti.o ABSOLUTE
    ..\FWlib\src\stm32f10x_gpio.c            0x00000000   Number         0  stm32f10x_gpio.o ABSOLUTE
    ..\FWlib\src\stm32f10x_rcc.c             0x00000000   Number         0  stm32f10x_rcc.o ABSOLUTE
    ..\FWlib\src\stm32f10x_tim.c             0x00000000   Number         0  stm32f10x_tim.o ABSOLUTE
    ..\FWlib\src\stm32f10x_usart.c           0x00000000   Number         0  stm32f10x_usart.o ABSOLUTE
    ..\\CMSIS\\core_cm3.c                    0x00000000   Number         0  core_cm3.o ABSOLUTE
    ..\uCOS-II\Ports\os_cpu_a.asm            0x00000000   Number         0  os_cpu_a.o ABSOLUTE
    ..\uCOS-II\Ports\os_cpu_c.c              0x00000000   Number         0  os_cpu_c.o ABSOLUTE
    ..\uCOS-II\Ports\os_dbg.c                0x00000000   Number         0  os_dbg.o ABSOLUTE
    ..\uCOS-II\Source\os_core.c              0x00000000   Number         0  os_core.o ABSOLUTE
    ..\uCOS-II\Source\os_flag.c              0x00000000   Number         0  os_flag.o ABSOLUTE
    ..\uCOS-II\Source\os_mbox.c              0x00000000   Number         0  os_mbox.o ABSOLUTE
    ..\uCOS-II\Source\os_mem.c               0x00000000   Number         0  os_mem.o ABSOLUTE
    ..\uCOS-II\Source\os_mutex.c             0x00000000   Number         0  os_mutex.o ABSOLUTE
    ..\uCOS-II\Source\os_q.c                 0x00000000   Number         0  os_q.o ABSOLUTE
    ..\uCOS-II\Source\os_sem.c               0x00000000   Number         0  os_sem.o ABSOLUTE
    ..\uCOS-II\Source\os_task.c              0x00000000   Number         0  os_task.o ABSOLUTE
    ..\uCOS-II\Source\os_time.c              0x00000000   Number         0  os_time.o ABSOLUTE
    ..\uCOS-II\Source\os_tmr.c               0x00000000   Number         0  os_tmr.o ABSOLUTE
    cdcmple.s                                0x00000000   Number         0  cdcmple.o ABSOLUTE
    cdrcmple.s                               0x00000000   Number         0  cdrcmple.o ABSOLUTE
    dc.s                                     0x00000000   Number         0  dc.o ABSOLUTE
    handlers.s                               0x00000000   Number         0  handlers.o ABSOLUTE
    init.s                                   0x00000000   Number         0  init.o ABSOLUTE
    main.c                                   0x00000000   Number         0  main.o ABSOLUTE
    stm32f10x_it.c                           0x00000000   Number         0  stm32f10x_it.o ABSOLUTE
    RESET                                    0x08000000   Section      304  startup_stm32f10x_hd.o(RESET)
    .ARM.Collect$$$$00000000                 0x08000130   Section        0  entry.o(.ARM.Collect$$$$00000000)
    .ARM.Collect$$$$00000001                 0x08000130   Section        4  entry2.o(.ARM.Collect$$$$00000001)
    .ARM.Collect$$$$00000004                 0x08000134   Section        4  entry5.o(.ARM.Collect$$$$00000004)
    .ARM.Collect$$$$00000008                 0x08000138   Section        0  entry7b.o(.ARM.Collect$$$$00000008)
    .ARM.Collect$$$$00000009                 0x08000138   Section        8  entry8.o(.ARM.Collect$$$$00000009)
    .ARM.Collect$$$$00002712                 0x08000140   Section        4  entry2.o(.ARM.Collect$$$$00002712)
    __lit__00000000                          0x08000140   Data           4  entry2.o(.ARM.Collect$$$$00002712)
    .text                                    0x08000144   Section       48  startup_stm32f10x_hd.o(.text)
    .text                                    0x08000174   Section        0  main.o(.text)
    .text                                    0x0800020c   Section        0  stm32f10x_it.o(.text)
    .text                                    0x0800024c   Section        0  stm32f10x_gpio.o(.text)
    .text                                    0x08000578   Section        0  stm32f10x_rcc.o(.text)
    .text                                    0x08000914   Section        0  stm32f10x_tim.o(.text)
    TI4_Config                               0x08000c17   Thumb Code    70  stm32f10x_tim.o(.text)
    TI3_Config                               0x08000c6f   Thumb Code    64  stm32f10x_tim.o(.text)
    TI2_Config                               0x08000cc5   Thumb Code    84  stm32f10x_tim.o(.text)
    TI1_Config                               0x08000d2b   Thumb Code    54  stm32f10x_tim.o(.text)
    .text                                    0x08001478   Section        0  stm32f10x_usart.o(.text)
    .text                                    0x080017f0   Section        0  misc.o(.text)
    .text                                    0x080018cc   Section        0  stm32f10x_exti.o(.text)
    .text                                    0x080019f0   Section        0  system_stm32f10x.o(.text)
    SetSysClockTo72                          0x080019f1   Thumb Code   198  system_stm32f10x.o(.text)
    SetSysClock                              0x08001ab7   Thumb Code     8  system_stm32f10x.o(.text)
    .text                                    0x08001b14   Section        0  bsp.o(.text)
    .text                                    0x08001c8c   Section        0  led.o(.text)
    .text                                    0x08001cec   Section        0  tim2.o(.text)
    .text                                    0x08001d78   Section        0  ultrasonicwave.o(.text)
    .text                                    0x08001ff4   Section        0  usart1.o(.text)
    .text                                    0x08002128   Section        0  oled.o(.text)
    .text                                    0x08003148   Section        0  sensor.o(.text)
    DHT11_Mode_IPU                           0x080032f9   Thumb Code    24  sensor.o(.text)
    DHT11_Mode_Out_PP                        0x08003311   Thumb Code    30  sensor.o(.text)
    Read_Byte                                0x0800332f   Thumb Code    94  sensor.o(.text)
    .text                                    0x0800349c   Section        0  key.o(.text)
    NVIC_Configuration                       0x0800349d   Thumb Code    40  key.o(.text)
    .text                                    0x08003510   Section        0  pwm.o(.text)
    TIM3_GPIO_Config                         0x08003511   Thumb Code   190  pwm.o(.text)
    TIM3_Mode_Config                         0x080035cf   Thumb Code   210  pwm.o(.text)
    .text                                    0x080036c8   Section        0  app.o(.text)
    .text                                    0x080039c8   Section        0  os_core.o(.text)
    OS_InitTaskStat                          0x08003bab   Thumb Code    52  os_core.o(.text)
    OS_InitTaskIdle                          0x08003bff   Thumb Code    52  os_core.o(.text)
    OS_InitEventList                         0x08003c45   Thumb Code    70  os_core.o(.text)
    OS_InitTCBList                           0x08003c8b   Thumb Code    86  os_core.o(.text)
    OS_InitRdyList                           0x08003ce1   Thumb Code    46  os_core.o(.text)
    OS_InitMisc                              0x08003d0f   Thumb Code    44  os_core.o(.text)
    OS_SchedNew                              0x08003d7b   Thumb Code    26  os_core.o(.text)
    .text                                    0x08004374   Section        0  os_task.o(.text)
    .text                                    0x08004b9c   Section        0  os_time.o(.text)
    .text                                    0x08004d94   Section      164  os_cpu_a.o(.text)
    .text                                    0x08004e38   Section        0  os_cpu_c.o(.text)
    .text                                    0x08004ee4   Section        0  fadd.o(.text)
    .text                                    0x08004f94   Section        0  fmul.o(.text)
    .text                                    0x08005000   Section        0  fflti.o(.text)
    .text                                    0x08005012   Section        0  ffixi.o(.text)
    .text                                    0x08005044   Section        0  ffixui.o(.text)
    .text                                    0x0800506c   Section        0  f2d.o(.text)
    .text                                    0x08005098   Section       40  cdcmple.o(.text)
    .text                                    0x080050c0   Section        0  iusefp.o(.text)
    .text                                    0x080050c0   Section        0  fepilogue.o(.text)
    .text                                    0x0800512c   Section       36  init.o(.text)
    i.__0printf$2                            0x08005150   Section        0  printf2.o(i.__0printf$2)
    i.__scatterload_copy                     0x08005170   Section       14  handlers.o(i.__scatterload_copy)
    i.__scatterload_null                     0x0800517e   Section        2  handlers.o(i.__scatterload_null)
    i.__scatterload_zeroinit                 0x08005180   Section       14  handlers.o(i.__scatterload_zeroinit)
    i._printf_core                           0x0800518e   Section        0  printf2.o(i._printf_core)
    _printf_core                             0x0800518f   Thumb Code   208  printf2.o(i._printf_core)
    .constdata                               0x08005260   Section       20  system_stm32f10x.o(.constdata)
    .constdata                               0x08005274   Section     2072  oled.o(.constdata)
    .constdata                               0x08005a8c   Section      256  os_core.o(.constdata)
    .data                                    0x20000000   Section       20  stm32f10x_rcc.o(.data)
    APBAHBPrescTable                         0x20000000   Data          16  stm32f10x_rcc.o(.data)
    ADCPrescTable                            0x20000010   Data           4  stm32f10x_rcc.o(.data)
    .data                                    0x20000014   Section        4  system_stm32f10x.o(.data)
    .data                                    0x20000018   Section        4  bsp.o(.data)
    fac_us                                   0x20000018   Data           1  bsp.o(.data)
    fac_ms                                   0x2000001a   Data           2  bsp.o(.data)
    .data                                    0x2000001c   Section        5  usart1.o(.data)
    .data                                    0x20000021   Section        5  sensor.o(.data)
    .data                                    0x20000028   Section       60  os_core.o(.data)
    .data                                    0x20000064   Section        4  stdout.o(.data)
    .bss                                     0x20000068   Section      320  main.o(.bss)
    .bss                                     0x200001a8   Section     5280  app.o(.bss)
    .bss                                     0x20001648   Section     2912  os_core.o(.bss)
    STACK                                    0x200021a8   Section      512  startup_stm32f10x_hd.o(STACK)

    Global Symbols

    Symbol Name                              Value     Ov Type        Size  Object(Section)

    BuildAttributes$$THM_ISAv4$P$D$K$B$S$PE$A:L22UL41UL21$X:L11$S22US41US21$IEEE1$IW$USESV6$~STKCKD$USESV7$~SHL$OTIME$ROPI$EBA8$MICROLIB$REQ8$PRES8$EABIv2 0x00000000   Number         0  anon$$obj.o ABSOLUTE
    __ARM_use_no_argv                        0x00000000   Number         0  main.o ABSOLUTE
    _printf_a                                0x00000000   Number         0  stubs.o ABSOLUTE
    _printf_c                                0x00000000   Number         0  stubs.o ABSOLUTE
    _printf_charcount                        0x00000000   Number         0  stubs.o ABSOLUTE
    _printf_d                                0x00000000   Number         0  stubs.o ABSOLUTE
    _printf_e                                0x00000000   Number         0  stubs.o ABSOLUTE
    _printf_f                                0x00000000   Number         0  stubs.o ABSOLUTE
    _printf_flags                            0x00000000   Number         0  stubs.o ABSOLUTE
    _printf_fp_dec                           0x00000000   Number         0  stubs.o ABSOLUTE
    _printf_fp_hex                           0x00000000   Number         0  stubs.o ABSOLUTE
    _printf_g                                0x00000000   Number         0  stubs.o ABSOLUTE
    _printf_i                                0x00000000   Number         0  stubs.o ABSOLUTE
    _printf_int_dec                          0x00000000   Number         0  stubs.o ABSOLUTE
    _printf_l                                0x00000000   Number         0  stubs.o ABSOLUTE
    _printf_lc                               0x00000000   Number         0  stubs.o ABSOLUTE
    _printf_ll                               0x00000000   Number         0  stubs.o ABSOLUTE
    _printf_lld                              0x00000000   Number         0  stubs.o ABSOLUTE
    _printf_lli                              0x00000000   Number         0  stubs.o ABSOLUTE
    _printf_llo                              0x00000000   Number         0  stubs.o ABSOLUTE
    _printf_llu                              0x00000000   Number         0  stubs.o ABSOLUTE
    _printf_llx                              0x00000000   Number         0  stubs.o ABSOLUTE
    _printf_longlong_dec                     0x00000000   Number         0  stubs.o ABSOLUTE
    _printf_longlong_hex                     0x00000000   Number         0  stubs.o ABSOLUTE
    _printf_longlong_oct                     0x00000000   Number         0  stubs.o ABSOLUTE
    _printf_ls                               0x00000000   Number         0  stubs.o ABSOLUTE
    _printf_mbtowc                           0x00000000   Number         0  stubs.o ABSOLUTE
    _printf_n                                0x00000000   Number         0  stubs.o ABSOLUTE
    _printf_o                                0x00000000   Number         0  stubs.o ABSOLUTE
    _printf_p                                0x00000000   Number         0  stubs.o ABSOLUTE
    _printf_percent                          0x00000000   Number         0  stubs.o ABSOLUTE
    _printf_pre_padding                      0x00000000   Number         0  stubs.o ABSOLUTE
    _printf_return_value                     0x00000000   Number         0  stubs.o ABSOLUTE
    _printf_s                                0x00000000   Number         0  stubs.o ABSOLUTE
    _printf_sizespec                         0x00000000   Number         0  stubs.o ABSOLUTE
    _printf_str                              0x00000000   Number         0  stubs.o ABSOLUTE
    _printf_truncate_signed                  0x00000000   Number         0  stubs.o ABSOLUTE
    _printf_truncate_unsigned                0x00000000   Number         0  stubs.o ABSOLUTE
    _printf_u                                0x00000000   Number         0  stubs.o ABSOLUTE
    _printf_wc                               0x00000000   Number         0  stubs.o ABSOLUTE
    _printf_wctomb                           0x00000000   Number         0  stubs.o ABSOLUTE
    _printf_widthprec                        0x00000000   Number         0  stubs.o ABSOLUTE
    _printf_x                                0x00000000   Number         0  stubs.o ABSOLUTE
    __decompress                              - Undefined Weak Reference
    _clock_init                               - Undefined Weak Reference
    __Vectors_Size                           0x00000130   Number         0  startup_stm32f10x_hd.o ABSOLUTE
    __Vectors                                0x08000000   Data           4  startup_stm32f10x_hd.o(RESET)
    __Vectors_End                            0x08000130   Data           0  startup_stm32f10x_hd.o(RESET)
    __main                                   0x08000131   Thumb Code     0  entry.o(.ARM.Collect$$$$00000000)
    _main_stk                                0x08000131   Thumb Code     0  entry2.o(.ARM.Collect$$$$00000001)
    _main_scatterload                        0x08000135   Thumb Code     0  entry5.o(.ARM.Collect$$$$00000004)
    __main_after_scatterload                 0x08000139   Thumb Code     0  entry5.o(.ARM.Collect$$$$00000004)
    _main_clock                              0x08000139   Thumb Code     0  entry7b.o(.ARM.Collect$$$$00000008)
    _main_init                               0x08000139   Thumb Code     0  entry8.o(.ARM.Collect$$$$00000009)
    SystemInit_ExtMemCtl                     0x08000145   Thumb Code     2  startup_stm32f10x_hd.o(.text)
    Reset_Handler                            0x08000147   Thumb Code    14  startup_stm32f10x_hd.o(.text)
    ADC1_2_IRQHandler                        0x08000167   Thumb Code     0  startup_stm32f10x_hd.o(.text)
    ADC3_IRQHandler                          0x08000167   Thumb Code     0  startup_stm32f10x_hd.o(.text)
    CAN1_RX1_IRQHandler                      0x08000167   Thumb Code     0  startup_stm32f10x_hd.o(.text)
    CAN1_SCE_IRQHandler                      0x08000167   Thumb Code     0  startup_stm32f10x_hd.o(.text)
    DMA1_Channel1_IRQHandler                 0x08000167   Thumb Code     0  startup_stm32f10x_hd.o(.text)
    DMA1_Channel2_IRQHandler                 0x08000167   Thumb Code     0  startup_stm32f10x_hd.o(.text)
    DMA1_Channel3_IRQHandler                 0x08000167   Thumb Code     0  startup_stm32f10x_hd.o(.text)
    DMA1_Channel4_IRQHandler                 0x08000167   Thumb Code     0  startup_stm32f10x_hd.o(.text)
    DMA1_Channel5_IRQHandler                 0x08000167   Thumb Code     0  startup_stm32f10x_hd.o(.text)
    DMA1_Channel6_IRQHandler                 0x08000167   Thumb Code     0  startup_stm32f10x_hd.o(.text)
    DMA1_Channel7_IRQHandler                 0x08000167   Thumb Code     0  startup_stm32f10x_hd.o(.text)
    DMA2_Channel1_IRQHandler                 0x08000167   Thumb Code     0  startup_stm32f10x_hd.o(.text)
    DMA2_Channel2_IRQHandler                 0x08000167   Thumb Code     0  startup_stm32f10x_hd.o(.text)
    DMA2_Channel3_IRQHandler                 0x08000167   Thumb Code     0  startup_stm32f10x_hd.o(.text)
    DMA2_Channel4_5_IRQHandler               0x08000167   Thumb Code     0  startup_stm32f10x_hd.o(.text)
    EXTI15_10_IRQHandler                     0x08000167   Thumb Code     0  startup_stm32f10x_hd.o(.text)
    EXTI1_IRQHandler                         0x08000167   Thumb Code     0  startup_stm32f10x_hd.o(.text)
    EXTI2_IRQHandler                         0x08000167   Thumb Code     0  startup_stm32f10x_hd.o(.text)
    EXTI3_IRQHandler                         0x08000167   Thumb Code     0  startup_stm32f10x_hd.o(.text)
    EXTI4_IRQHandler                         0x08000167   Thumb Code     0  startup_stm32f10x_hd.o(.text)
    EXTI9_5_IRQHandler                       0x08000167   Thumb Code     0  startup_stm32f10x_hd.o(.text)
    FLASH_IRQHandler                         0x08000167   Thumb Code     0  startup_stm32f10x_hd.o(.text)
    FSMC_IRQHandler                          0x08000167   Thumb Code     0  startup_stm32f10x_hd.o(.text)
    I2C1_ER_IRQHandler                       0x08000167   Thumb Code     0  startup_stm32f10x_hd.o(.text)
    I2C1_EV_IRQHandler                       0x08000167   Thumb Code     0  startup_stm32f10x_hd.o(.text)
    I2C2_ER_IRQHandler                       0x08000167   Thumb Code     0  startup_stm32f10x_hd.o(.text)
    I2C2_EV_IRQHandler                       0x08000167   Thumb Code     0  startup_stm32f10x_hd.o(.text)
    PVD_IRQHandler                           0x08000167   Thumb Code     0  startup_stm32f10x_hd.o(.text)
    RCC_IRQHandler                           0x08000167   Thumb Code     0  startup_stm32f10x_hd.o(.text)
    RTCAlarm_IRQHandler                      0x08000167   Thumb Code     0  startup_stm32f10x_hd.o(.text)
    RTC_IRQHandler                           0x08000167   Thumb Code     0  startup_stm32f10x_hd.o(.text)
    SDIO_IRQHandler                          0x08000167   Thumb Code     0  startup_stm32f10x_hd.o(.text)
    SPI1_IRQHandler                          0x08000167   Thumb Code     0  startup_stm32f10x_hd.o(.text)
    SPI2_IRQHandler                          0x08000167   Thumb Code     0  startup_stm32f10x_hd.o(.text)
    SPI3_IRQHandler                          0x08000167   Thumb Code     0  startup_stm32f10x_hd.o(.text)
    TAMPER_IRQHandler                        0x08000167   Thumb Code     0  startup_stm32f10x_hd.o(.text)
    TIM1_BRK_IRQHandler                      0x08000167   Thumb Code     0  startup_stm32f10x_hd.o(.text)
    TIM1_CC_IRQHandler                       0x08000167   Thumb Code     0  startup_stm32f10x_hd.o(.text)
    TIM1_TRG_COM_IRQHandler                  0x08000167   Thumb Code     0  startup_stm32f10x_hd.o(.text)
    TIM1_UP_IRQHandler                       0x08000167   Thumb Code     0  startup_stm32f10x_hd.o(.text)
    TIM3_IRQHandler                          0x08000167   Thumb Code     0  startup_stm32f10x_hd.o(.text)
    TIM4_IRQHandler                          0x08000167   Thumb Code     0  startup_stm32f10x_hd.o(.text)
    TIM5_IRQHandler                          0x08000167   Thumb Code     0  startup_stm32f10x_hd.o(.text)
    TIM6_IRQHandler                          0x08000167   Thumb Code     0  startup_stm32f10x_hd.o(.text)
    TIM7_IRQHandler                          0x08000167   Thumb Code     0  startup_stm32f10x_hd.o(.text)
    TIM8_BRK_IRQHandler                      0x08000167   Thumb Code     0  startup_stm32f10x_hd.o(.text)
    TIM8_CC_IRQHandler                       0x08000167   Thumb Code     0  startup_stm32f10x_hd.o(.text)
    TIM8_TRG_COM_IRQHandler                  0x08000167   Thumb Code     0  startup_stm32f10x_hd.o(.text)
    TIM8_UP_IRQHandler                       0x08000167   Thumb Code     0  startup_stm32f10x_hd.o(.text)
    UART4_IRQHandler                         0x08000167   Thumb Code     0  startup_stm32f10x_hd.o(.text)
    UART5_IRQHandler                         0x08000167   Thumb Code     0  startup_stm32f10x_hd.o(.text)
    USART2_IRQHandler                        0x08000167   Thumb Code     0  startup_stm32f10x_hd.o(.text)
    USART3_IRQHandler                        0x08000167   Thumb Code     0  startup_stm32f10x_hd.o(.text)
    USBWakeUp_IRQHandler                     0x08000167   Thumb Code     0  startup_stm32f10x_hd.o(.text)
    USB_HP_CAN1_TX_IRQHandler                0x08000167   Thumb Code     0  startup_stm32f10x_hd.o(.text)
    USB_LP_CAN1_RX0_IRQHandler               0x08000167   Thumb Code     0  startup_stm32f10x_hd.o(.text)
    WWDG_IRQHandler                          0x08000167   Thumb Code     0  startup_stm32f10x_hd.o(.text)
    main                                     0x08000175   Thumb Code    42  main.o(.text)
    NMI_Handler                              0x0800020d   Thumb Code     2  stm32f10x_it.o(.text)
    HardFault_Handler                        0x0800020f   Thumb Code     4  stm32f10x_it.o(.text)
    MemManage_Handler                        0x08000213   Thumb Code     4  stm32f10x_it.o(.text)
    BusFault_Handler                         0x08000217   Thumb Code     4  stm32f10x_it.o(.text)
    UsageFault_Handler                       0x0800021b   Thumb Code     4  stm32f10x_it.o(.text)
    SVC_Handler                              0x0800021f   Thumb Code     2  stm32f10x_it.o(.text)
    DebugMon_Handler                         0x08000221   Thumb Code     2  stm32f10x_it.o(.text)
    PendSV_Handler                           0x08000223   Thumb Code     2  stm32f10x_it.o(.text)
    SysTick_Handler                          0x08000225   Thumb Code    16  stm32f10x_it.o(.text)
    EXTI0_IRQHandler                         0x08000235   Thumb Code    24  stm32f10x_it.o(.text)
    GPIO_DeInit                              0x0800024d   Thumb Code   188  stm32f10x_gpio.o(.text)
    GPIO_AFIODeInit                          0x08000309   Thumb Code    20  stm32f10x_gpio.o(.text)
    GPIO_Init                                0x0800031d   Thumb Code   274  stm32f10x_gpio.o(.text)
    GPIO_StructInit                          0x0800042f   Thumb Code    16  stm32f10x_gpio.o(.text)
    GPIO_ReadInputDataBit                    0x0800043f   Thumb Code    18  stm32f10x_gpio.o(.text)
    GPIO_ReadInputData                       0x08000451   Thumb Code     8  stm32f10x_gpio.o(.text)
    GPIO_ReadOutputDataBit                   0x08000459   Thumb Code    18  stm32f10x_gpio.o(.text)
    GPIO_ReadOutputData                      0x0800046b   Thumb Code     8  stm32f10x_gpio.o(.text)
    GPIO_SetBits                             0x08000473   Thumb Code     4  stm32f10x_gpio.o(.text)
    GPIO_ResetBits                           0x08000477   Thumb Code     4  stm32f10x_gpio.o(.text)
    GPIO_WriteBit                            0x0800047b   Thumb Code    10  stm32f10x_gpio.o(.text)
    GPIO_Write                               0x08000485   Thumb Code     4  stm32f10x_gpio.o(.text)
    GPIO_PinLockConfig                       0x08000489   Thumb Code    18  stm32f10x_gpio.o(.text)
    GPIO_EventOutputConfig                   0x0800049b   Thumb Code    26  stm32f10x_gpio.o(.text)
    GPIO_EventOutputCmd                      0x080004b5   Thumb Code     6  stm32f10x_gpio.o(.text)
    GPIO_PinRemapConfig                      0x080004bb   Thumb Code   106  stm32f10x_gpio.o(.text)
    GPIO_EXTILineConfig                      0x08000525   Thumb Code    66  stm32f10x_gpio.o(.text)
    RCC_DeInit                               0x08000579   Thumb Code    62  stm32f10x_rcc.o(.text)
    RCC_HSEConfig                            0x080005b7   Thumb Code    70  stm32f10x_rcc.o(.text)
    RCC_GetFlagStatus                        0x080005fd   Thumb Code    56  stm32f10x_rcc.o(.text)
    RCC_WaitForHSEStartUp                    0x08000635   Thumb Code    46  stm32f10x_rcc.o(.text)
    RCC_AdjustHSICalibrationValue            0x08000663   Thumb Code    20  stm32f10x_rcc.o(.text)
    RCC_HSICmd                               0x08000677   Thumb Code     6  stm32f10x_rcc.o(.text)
    RCC_PLLConfig                            0x0800067d   Thumb Code    24  stm32f10x_rcc.o(.text)
    RCC_PLLCmd                               0x08000695   Thumb Code     6  stm32f10x_rcc.o(.text)
    RCC_SYSCLKConfig                         0x0800069b   Thumb Code    18  stm32f10x_rcc.o(.text)
    RCC_GetSYSCLKSource                      0x080006ad   Thumb Code    10  stm32f10x_rcc.o(.text)
    RCC_HCLKConfig                           0x080006b7   Thumb Code    18  stm32f10x_rcc.o(.text)
    RCC_PCLK1Config                          0x080006c9   Thumb Code    18  stm32f10x_rcc.o(.text)
    RCC_PCLK2Config                          0x080006db   Thumb Code    20  stm32f10x_rcc.o(.text)
    RCC_ITConfig                             0x080006ef   Thumb Code    30  stm32f10x_rcc.o(.text)
    RCC_USBCLKConfig                         0x0800070d   Thumb Code     6  stm32f10x_rcc.o(.text)
    RCC_ADCCLKConfig                         0x08000713   Thumb Code    18  stm32f10x_rcc.o(.text)
    RCC_LSEConfig                            0x08000725   Thumb Code    44  stm32f10x_rcc.o(.text)
    RCC_LSICmd                               0x08000751   Thumb Code     6  stm32f10x_rcc.o(.text)
    RCC_RTCCLKConfig                         0x08000757   Thumb Code    12  stm32f10x_rcc.o(.text)
    RCC_RTCCLKCmd                            0x08000763   Thumb Code     8  stm32f10x_rcc.o(.text)
    RCC_GetClocksFreq                        0x0800076b   Thumb Code   192  stm32f10x_rcc.o(.text)
    RCC_AHBPeriphClockCmd                    0x0800082b   Thumb Code    26  stm32f10x_rcc.o(.text)
    RCC_APB2PeriphClockCmd                   0x08000845   Thumb Code    26  stm32f10x_rcc.o(.text)
    RCC_APB1PeriphClockCmd                   0x0800085f   Thumb Code    26  stm32f10x_rcc.o(.text)
    RCC_APB2PeriphResetCmd                   0x08000879   Thumb Code    26  stm32f10x_rcc.o(.text)
    RCC_APB1PeriphResetCmd                   0x08000893   Thumb Code    26  stm32f10x_rcc.o(.text)
    RCC_BackupResetCmd                       0x080008ad   Thumb Code     8  stm32f10x_rcc.o(.text)
    RCC_ClockSecuritySystemCmd               0x080008b5   Thumb Code     6  stm32f10x_rcc.o(.text)
    RCC_MCOConfig                            0x080008bb   Thumb Code     6  stm32f10x_rcc.o(.text)
    RCC_ClearFlag                            0x080008c1   Thumb Code    14  stm32f10x_rcc.o(.text)
    RCC_GetITStatus                          0x080008cf   Thumb Code    20  stm32f10x_rcc.o(.text)
    RCC_ClearITPendingBit                    0x080008e3   Thumb Code     6  stm32f10x_rcc.o(.text)
    TIM_DeInit                               0x08000915   Thumb Code   214  stm32f10x_tim.o(.text)
    TIM_TimeBaseInit                         0x080009eb   Thumb Code    50  stm32f10x_tim.o(.text)
    TIM_OC1Init                              0x08000a1d   Thumb Code   110  stm32f10x_tim.o(.text)
    TIM_OC2Init                              0x08000a8b   Thumb Code   140  stm32f10x_tim.o(.text)
    TIM_OC3Init                              0x08000b17   Thumb Code   136  stm32f10x_tim.o(.text)
    TIM_OC4Init                              0x08000b9f   Thumb Code    98  stm32f10x_tim.o(.text)
    TIM_SetIC4Prescaler                      0x08000c01   Thumb Code    22  stm32f10x_tim.o(.text)
    TIM_SetIC3Prescaler                      0x08000c5d   Thumb Code    18  stm32f10x_tim.o(.text)
    TIM_SetIC2Prescaler                      0x08000caf   Thumb Code    22  stm32f10x_tim.o(.text)
    TIM_SetIC1Prescaler                      0x08000d19   Thumb Code    18  stm32f10x_tim.o(.text)
    TIM_ICInit                               0x08000d61   Thumb Code   110  stm32f10x_tim.o(.text)
    TIM_PWMIConfig                           0x08000dcf   Thumb Code   124  stm32f10x_tim.o(.text)
    TIM_BDTRConfig                           0x08000e4b   Thumb Code    32  stm32f10x_tim.o(.text)
    TIM_TimeBaseStructInit                   0x08000e6b   Thumb Code    18  stm32f10x_tim.o(.text)
    TIM_OCStructInit                         0x08000e7d   Thumb Code    20  stm32f10x_tim.o(.text)
    TIM_ICStructInit                         0x08000e91   Thumb Code    18  stm32f10x_tim.o(.text)
    TIM_BDTRStructInit                       0x08000ea3   Thumb Code    18  stm32f10x_tim.o(.text)
    TIM_Cmd                                  0x08000eb5   Thumb Code    24  stm32f10x_tim.o(.text)
    TIM_CtrlPWMOutputs                       0x08000ecd   Thumb Code    30  stm32f10x_tim.o(.text)
    TIM_ITConfig                             0x08000eeb   Thumb Code    24  stm32f10x_tim.o(.text)
    TIM_GenerateEvent                        0x08000f03   Thumb Code     4  stm32f10x_tim.o(.text)
    TIM_DMAConfig                            0x08000f07   Thumb Code    10  stm32f10x_tim.o(.text)
    TIM_DMACmd                               0x08000f11   Thumb Code    24  stm32f10x_tim.o(.text)
    TIM_InternalClockConfig                  0x08000f29   Thumb Code    12  stm32f10x_tim.o(.text)
    TIM_SelectInputTrigger                   0x08000f35   Thumb Code    18  stm32f10x_tim.o(.text)
    TIM_ITRxExternalClockConfig              0x08000f47   Thumb Code    24  stm32f10x_tim.o(.text)
    TIM_TIxExternalClockConfig               0x08000f5f   Thumb Code    62  stm32f10x_tim.o(.text)
    TIM_ETRConfig                            0x08000f9d   Thumb Code    26  stm32f10x_tim.o(.text)
    TIM_ETRClockMode1Config                  0x08000fb7   Thumb Code    54  stm32f10x_tim.o(.text)
    TIM_ETRClockMode2Config                  0x08000fed   Thumb Code    32  stm32f10x_tim.o(.text)
    TIM_PrescalerConfig                      0x0800100d   Thumb Code     6  stm32f10x_tim.o(.text)
    TIM_CounterModeConfig                    0x08001013   Thumb Code    18  stm32f10x_tim.o(.text)
    TIM_EncoderInterfaceConfig               0x08001025   Thumb Code    62  stm32f10x_tim.o(.text)
    TIM_ForcedOC1Config                      0x08001063   Thumb Code    18  stm32f10x_tim.o(.text)
    TIM_ForcedOC2Config                      0x08001075   Thumb Code    22  stm32f10x_tim.o(.text)
    TIM_ForcedOC3Config                      0x0800108b   Thumb Code    18  stm32f10x_tim.o(.text)
    TIM_ForcedOC4Config                      0x0800109d   Thumb Code    22  stm32f10x_tim.o(.text)
    TIM_ARRPreloadConfig                     0x080010b3   Thumb Code    24  stm32f10x_tim.o(.text)
    TIM_SelectCOM                            0x080010cb   Thumb Code    24  stm32f10x_tim.o(.text)
    TIM_SelectCCDMA                          0x080010e3   Thumb Code    24  stm32f10x_tim.o(.text)
    TIM_CCPreloadControl                     0x080010fb   Thumb Code    24  stm32f10x_tim.o(.text)
    TIM_OC1PreloadConfig                     0x08001113   Thumb Code    18  stm32f10x_tim.o(.text)
    TIM_OC2PreloadConfig                     0x08001125   Thumb Code    22  stm32f10x_tim.o(.text)
    TIM_OC3PreloadConfig                     0x0800113b   Thumb Code    18  stm32f10x_tim.o(.text)
    TIM_OC4PreloadConfig                     0x0800114d   Thumb Code    22  stm32f10x_tim.o(.text)
    TIM_OC1FastConfig                        0x08001163   Thumb Code    18  stm32f10x_tim.o(.text)
    TIM_OC2FastConfig                        0x08001175   Thumb Code    22  stm32f10x_tim.o(.text)
    TIM_OC3FastConfig                        0x0800118b   Thumb Code    18  stm32f10x_tim.o(.text)
    TIM_OC4FastConfig                        0x0800119d   Thumb Code    22  stm32f10x_tim.o(.text)
    TIM_ClearOC1Ref                          0x080011b3   Thumb Code    18  stm32f10x_tim.o(.text)
    TIM_ClearOC2Ref                          0x080011c5   Thumb Code    20  stm32f10x_tim.o(.text)
    TIM_ClearOC3Ref                          0x080011d9   Thumb Code    18  stm32f10x_tim.o(.text)
    TIM_ClearOC4Ref                          0x080011eb   Thumb Code    20  stm32f10x_tim.o(.text)
    TIM_OC1PolarityConfig                    0x080011ff   Thumb Code    18  stm32f10x_tim.o(.text)
    TIM_OC1NPolarityConfig                   0x08001211   Thumb Code    18  stm32f10x_tim.o(.text)
    TIM_OC2PolarityConfig                    0x08001223   Thumb Code    22  stm32f10x_tim.o(.text)
    TIM_OC2NPolarityConfig                   0x08001239   Thumb Code    22  stm32f10x_tim.o(.text)
    TIM_OC3PolarityConfig                    0x0800124f   Thumb Code    22  stm32f10x_tim.o(.text)
    TIM_OC3NPolarityConfig                   0x08001265   Thumb Code    22  stm32f10x_tim.o(.text)
    TIM_OC4PolarityConfig                    0x0800127b   Thumb Code    22  stm32f10x_tim.o(.text)
    TIM_CCxCmd                               0x08001291   Thumb Code    30  stm32f10x_tim.o(.text)
    TIM_CCxNCmd                              0x080012af   Thumb Code    30  stm32f10x_tim.o(.text)
    TIM_SelectOCxM                           0x080012cd   Thumb Code   142  stm32f10x_tim.o(.text)
    TIM_UpdateDisableConfig                  0x0800135b   Thumb Code    24  stm32f10x_tim.o(.text)
    TIM_UpdateRequestConfig                  0x08001373   Thumb Code    24  stm32f10x_tim.o(.text)
    TIM_SelectHallSensor                     0x0800138b   Thumb Code    24  stm32f10x_tim.o(.text)
    TIM_SelectOnePulseMode                   0x080013a3   Thumb Code    18  stm32f10x_tim.o(.text)
    TIM_SelectOutputTrigger                  0x080013b5   Thumb Code    18  stm32f10x_tim.o(.text)
    TIM_SelectSlaveMode                      0x080013c7   Thumb Code    18  stm32f10x_tim.o(.text)
    TIM_SelectMasterSlaveMode                0x080013d9   Thumb Code    18  stm32f10x_tim.o(.text)
    TIM_SetCounter                           0x080013eb   Thumb Code     4  stm32f10x_tim.o(.text)
    TIM_SetAutoreload                        0x080013ef   Thumb Code     4  stm32f10x_tim.o(.text)
    TIM_SetCompare1                          0x080013f3   Thumb Code     4  stm32f10x_tim.o(.text)
    TIM_SetCompare2                          0x080013f7   Thumb Code     4  stm32f10x_tim.o(.text)
    TIM_SetCompare3                          0x080013fb   Thumb Code     4  stm32f10x_tim.o(.text)
    TIM_SetCompare4                          0x080013ff   Thumb Code     6  stm32f10x_tim.o(.text)
    TIM_SetClockDivision                     0x08001405   Thumb Code    14  stm32f10x_tim.o(.text)
    TIM_GetCapture1                          0x08001413   Thumb Code     6  stm32f10x_tim.o(.text)
    TIM_GetCapture2                          0x08001419   Thumb Code     6  stm32f10x_tim.o(.text)
    TIM_GetCapture3                          0x0800141f   Thumb Code     6  stm32f10x_tim.o(.text)
    TIM_GetCapture4                          0x08001425   Thumb Code     8  stm32f10x_tim.o(.text)
    TIM_GetCounter                           0x0800142d   Thumb Code     6  stm32f10x_tim.o(.text)
    TIM_GetPrescaler                         0x08001433   Thumb Code     6  stm32f10x_tim.o(.text)
    TIM_GetFlagStatus                        0x08001439   Thumb Code    18  stm32f10x_tim.o(.text)
    TIM_ClearFlag                            0x0800144b   Thumb Code     6  stm32f10x_tim.o(.text)
    TIM_GetITStatus                          0x08001451   Thumb Code    34  stm32f10x_tim.o(.text)
    TIM_ClearITPendingBit                    0x08001473   Thumb Code     6  stm32f10x_tim.o(.text)
    USART_DeInit                             0x08001479   Thumb Code   146  stm32f10x_usart.o(.text)
    USART_Init                               0x0800150b   Thumb Code   150  stm32f10x_usart.o(.text)
    USART_StructInit                         0x080015a1   Thumb Code    24  stm32f10x_usart.o(.text)
    USART_ClockInit                          0x080015b9   Thumb Code    34  stm32f10x_usart.o(.text)
    USART_ClockStructInit                    0x080015db   Thumb Code    12  stm32f10x_usart.o(.text)
    USART_Cmd                                0x080015e7   Thumb Code    24  stm32f10x_usart.o(.text)
    USART_ITConfig                           0x080015ff   Thumb Code    64  stm32f10x_usart.o(.text)
    USART_DMACmd                             0x0800163f   Thumb Code    24  stm32f10x_usart.o(.text)
    USART_SetAddress                         0x08001657   Thumb Code    18  stm32f10x_usart.o(.text)
    USART_WakeUpConfig                       0x08001669   Thumb Code    18  stm32f10x_usart.o(.text)
    USART_ReceiverWakeUpCmd                  0x0800167b   Thumb Code    24  stm32f10x_usart.o(.text)
    USART_LINBreakDetectLengthConfig         0x08001693   Thumb Code    18  stm32f10x_usart.o(.text)
    USART_LINCmd                             0x080016a5   Thumb Code    24  stm32f10x_usart.o(.text)
    USART_SendData                           0x080016bd   Thumb Code     8  stm32f10x_usart.o(.text)
    USART_ReceiveData                        0x080016c5   Thumb Code    10  stm32f10x_usart.o(.text)
    USART_SendBreak                          0x080016cf   Thumb Code    10  stm32f10x_usart.o(.text)
    USART_SetGuardTime                       0x080016d9   Thumb Code    16  stm32f10x_usart.o(.text)
    USART_SetPrescaler                       0x080016e9   Thumb Code    16  stm32f10x_usart.o(.text)
    USART_SmartCardCmd                       0x080016f9   Thumb Code    24  stm32f10x_usart.o(.text)
    USART_SmartCardNACKCmd                   0x08001711   Thumb Code    24  stm32f10x_usart.o(.text)
    USART_HalfDuplexCmd                      0x08001729   Thumb Code    24  stm32f10x_usart.o(.text)
    USART_IrDAConfig                         0x08001741   Thumb Code    18  stm32f10x_usart.o(.text)
    USART_IrDACmd                            0x08001753   Thumb Code    24  stm32f10x_usart.o(.text)
    USART_GetFlagStatus                      0x0800176b   Thumb Code    18  stm32f10x_usart.o(.text)
    USART_ClearFlag                          0x0800177d   Thumb Code     6  stm32f10x_usart.o(.text)
    USART_GetITStatus                        0x08001783   Thumb Code    76  stm32f10x_usart.o(.text)
    USART_ClearITPendingBit                  0x080017cf   Thumb Code    20  stm32f10x_usart.o(.text)
    NVIC_PriorityGroupConfig                 0x080017f1   Thumb Code    10  misc.o(.text)
    NVIC_Init                                0x080017fb   Thumb Code   102  misc.o(.text)
    NVIC_SetVectorTable                      0x08001861   Thumb Code    14  misc.o(.text)
    NVIC_SystemLPConfig                      0x0800186f   Thumb Code    34  misc.o(.text)
    SysTick_CLKSourceConfig                  0x08001891   Thumb Code    40  misc.o(.text)
    EXTI_DeInit                              0x080018cd   Thumb Code    28  stm32f10x_exti.o(.text)
    EXTI_Init                                0x080018e9   Thumb Code   150  stm32f10x_exti.o(.text)
    EXTI_StructInit                          0x0800197f   Thumb Code    16  stm32f10x_exti.o(.text)
    EXTI_GenerateSWInterrupt                 0x0800198f   Thumb Code    16  stm32f10x_exti.o(.text)
    EXTI_GetFlagStatus                       0x0800199f   Thumb Code    22  stm32f10x_exti.o(.text)
    EXTI_ClearFlag                           0x080019b5   Thumb Code     8  stm32f10x_exti.o(.text)
    EXTI_GetITStatus                         0x080019bd   Thumb Code    34  stm32f10x_exti.o(.text)
    EXTI_ClearITPendingBit                   0x080019df   Thumb Code     8  stm32f10x_exti.o(.text)
    SystemInit                               0x08001abf   Thumb Code    68  system_stm32f10x.o(.text)
    BSP_Init                                 0x08001b15   Thumb Code    46  bsp.o(.text)
    SysTick_init                             0x08001b43   Thumb Code    84  bsp.o(.text)
    delay_init                               0x08001b97   Thumb Code    76  bsp.o(.text)
    delay_us                                 0x08001be3   Thumb Code    70  bsp.o(.text)
    delay_ms                                 0x08001c29   Thumb Code    56  bsp.o(.text)
    LED_GPIO_Config                          0x08001c8d   Thumb Code    88  led.o(.text)
    TIM2_NVIC_Configuration                  0x08001ced   Thumb Code    42  tim2.o(.text)
    TIM2_IRQHandler                          0x08001d17   Thumb Code    22  tim2.o(.text)
    TIM2_Configuration                       0x08001d2d   Thumb Code    64  tim2.o(.text)
    TIM2_Config                              0x08001d6d   Thumb Code    12  tim2.o(.text)
    DelayTime_us                             0x08001d79   Thumb Code    22  ultrasonicwave.o(.text)
    UltrasonicWave_Configuration             0x08001d8f   Thumb Code    76  ultrasonicwave.o(.text)
    UltrasonicWave_CalculateTime             0x08001ddb   Thumb Code   166  ultrasonicwave.o(.text)
    UltrasonicWave_StartMeasure              0x08001e81   Thumb Code   122  ultrasonicwave.o(.text)
    UltrasonicWave_Config                    0x08001efb   Thumb Code   108  ultrasonicwave.o(.text)
    UltrasonicWave_get                       0x08001f67   Thumb Code   110  ultrasonicwave.o(.text)
    USART1_Config                            0x08001ff5   Thumb Code   126  usart1.o(.text)
    NVIC_Configuration                       0x08002073   Thumb Code    42  usart1.o(.text)
    USART1_IRQHandler                        0x0800209d   Thumb Code    32  usart1.o(.text)
    USART1_CONFIG                            0x080020bd   Thumb Code    12  usart1.o(.text)
    fputc                                    0x080020c9   Thumb Code    30  usart1.o(.text)
    Usart_data_to_sbq                        0x080020e7   Thumb Code    48  usart1.o(.text)
    LCD_WrDat                                0x08002129   Thumb Code   100  oled.o(.text)
    LCD_WrCmd                                0x0800218d   Thumb Code    90  oled.o(.text)
    LCD_Set_Pos                              0x080021e7   Thumb Code    40  oled.o(.text)
    LCD_Fill                                 0x0800220f   Thumb Code    58  oled.o(.text)
    LCD_CLS                                  0x08002249   Thumb Code    56  oled.o(.text)
    LCD_CLS_LINE                             0x08002281   Thumb Code    46  oled.o(.text)
    LCD_DLY_ms                               0x080022af   Thumb Code    24  oled.o(.text)
    adjust                                   0x080022c7   Thumb Code    12  oled.o(.text)
    SetStartColumn                           0x080022d3   Thumb Code    44  oled.o(.text)
    SetAddressingMode                        0x080022ff   Thumb Code    18  oled.o(.text)
    SetColumnAddress                         0x08002311   Thumb Code    26  oled.o(.text)
    SetPageAddress                           0x0800232b   Thumb Code    26  oled.o(.text)
    SetStartLine                             0x08002345   Thumb Code    14  oled.o(.text)
    SetContrastControl                       0x08002353   Thumb Code    18  oled.o(.text)
    Set_Charge_Pump                          0x08002365   Thumb Code    20  oled.o(.text)
    Set_Segment_Remap                        0x08002379   Thumb Code    14  oled.o(.text)
    Set_Entire_Display                       0x08002387   Thumb Code    14  oled.o(.text)
    Set_Inverse_Display                      0x08002395   Thumb Code    14  oled.o(.text)
    Set_Multiplex_Ratio                      0x080023a3   Thumb Code    18  oled.o(.text)
    Set_Display_On_Off                       0x080023b5   Thumb Code    14  oled.o(.text)
    SetStartPage                             0x080023c3   Thumb Code    14  oled.o(.text)
    Set_Common_Remap                         0x080023d1   Thumb Code    14  oled.o(.text)
    Set_Display_Offset                       0x080023df   Thumb Code    18  oled.o(.text)
    Set_Display_Clock                        0x080023f1   Thumb Code    18  oled.o(.text)
    Set_Precharge_Period                     0x08002403   Thumb Code    18  oled.o(.text)
    Set_Common_Config                        0x08002415   Thumb Code    20  oled.o(.text)
    Set_VCOMH                                0x08002429   Thumb Code    18  oled.o(.text)
    Set_NOP                                  0x0800243b   Thumb Code    10  oled.o(.text)
    LCD_Init                                 0x08002445   Thumb Code   186  oled.o(.text)
    LCD_PutPixel                             0x080024ff   Thumb Code    80  oled.o(.text)
    LCD_Rectangle                            0x0800254f   Thumb Code   132  oled.o(.text)
    LCD_P6x8Str                              0x080025d3   Thumb Code    96  oled.o(.text)
    LCD_P8x16Str                             0x08002633   Thumb Code   130  oled.o(.text)
    LCD_P14x16Str                            0x080026b5   Thumb Code   182  oled.o(.text)
    LCD_Print                                0x0800276b   Thumb Code   100  oled.o(.text)
    Draw_BMP                                 0x080027cf   Thumb Code   112  oled.o(.text)
    LED_P6x8Char                             0x0800283f   Thumb Code    74  oled.o(.text)
    LED_PrintValueC                          0x08002889   Thumb Code   126  oled.o(.text)
    LED_PrintValueI                          0x08002907   Thumb Code   242  oled.o(.text)
    LED_PrintValueFP                         0x080029f9   Thumb Code   300  oled.o(.text)
    LED_PrintValueFP_my                      0x08002b25   Thumb Code   290  oled.o(.text)
    LED_PrintValueF                          0x08002c47   Thumb Code   666  oled.o(.text)
    LCD_show_temp                            0x08002ee1   Thumb Code   276  oled.o(.text)
    LCD_show_Data                            0x08002ff5   Thumb Code   202  oled.o(.text)
    LCD_signal_num                           0x080030bf   Thumb Code    98  oled.o(.text)
    OLED_Config                              0x08003121   Thumb Code    22  oled.o(.text)
    INFRARED_GPIO_Config                     0x08003149   Thumb Code    50  sensor.o(.text)
    INFRARED_Config                          0x0800317b   Thumb Code    70  sensor.o(.text)
    INFRARED_Get                             0x080031c1   Thumb Code   202  sensor.o(.text)
    INFRARED_ALL_Get                         0x0800328b   Thumb Code    64  sensor.o(.text)
    DHT11_GPIO_Config                        0x080032cb   Thumb Code    46  sensor.o(.text)
    Read_DHT11                               0x0800338d   Thumb Code   154  sensor.o(.text)
    DHT11_get                                0x08003427   Thumb Code    70  sensor.o(.text)
    Sensor_get                               0x0800346d   Thumb Code     8  sensor.o(.text)
    sensor_Config                            0x08003475   Thumb Code     8  sensor.o(.text)
    EXTI_PA0_Config                          0x080034c5   Thumb Code    72  key.o(.text)
    TIM3_Pwm_Init                            0x080036a1   Thumb Code    12  pwm.o(.text)
    Task_PWM                                 0x080036c9   Thumb Code    34  app.o(.text)
    Task_key                                 0x080036eb   Thumb Code    20  app.o(.text)
    Task_Sensor                              0x080036ff   Thumb Code    40  app.o(.text)
    Task_OLED                                0x08003727   Thumb Code    32  app.o(.text)
    Task_ultrawaves                          0x08003747   Thumb Code    38  app.o(.text)
    Task_LED1                                0x0800376d   Thumb Code    64  app.o(.text)
    Task_LED3                                0x080037ad   Thumb Code    64  app.o(.text)
    Task_LED2                                0x080037ed   Thumb Code    64  app.o(.text)
    Task_Start                               0x0800382d   Thumb Code   132  app.o(.text)
    OS_StrCopy                               0x080039c9   Thumb Code    28  os_core.o(.text)
    OSEventNameGet                           0x080039e5   Thumb Code   126  os_core.o(.text)
    OS_StrLen                                0x08003a63   Thumb Code    20  os_core.o(.text)
    OSEventNameSet                           0x08003a77   Thumb Code   140  os_core.o(.text)
    OS_TaskStatStkChk                        0x08003b03   Thumb Code    54  os_core.o(.text)
    OS_TaskStat                              0x08003b39   Thumb Code   114  os_core.o(.text)
    OS_TaskIdle                              0x08003bdf   Thumb Code    32  os_core.o(.text)
    OS_MemClr                                0x08003c33   Thumb Code    18  os_core.o(.text)
    OSInit                                   0x08003d3b   Thumb Code    36  os_core.o(.text)
    OSIntEnter                               0x08003d5f   Thumb Code    28  os_core.o(.text)
    OSIntExit                                0x08003d95   Thumb Code   256  os_core.o(.text)
    OSSchedLock                              0x08003e95   Thumb Code    50  os_core.o(.text)
    OS_Sched                                 0x08003ec7   Thumb Code    86  os_core.o(.text)
    OSSchedUnlock                            0x08003f1d   Thumb Code    84  os_core.o(.text)
    OSStart                                  0x08003f71   Thumb Code    48  os_core.o(.text)
    OSStatInit                               0x08003fa1   Thumb Code    62  os_core.o(.text)
    OSTimeTick                               0x08003fdf   Thumb Code   220  os_core.o(.text)
    OSVersion                                0x080040bb   Thumb Code     6  os_core.o(.text)
    OS_Dummy                                 0x080040c1   Thumb Code     2  os_core.o(.text)
    OS_EventTaskRemove                       0x080040c3   Thumb Code    42  os_core.o(.text)
    OS_EventTaskRdy                          0x080040ed   Thumb Code   116  os_core.o(.text)
    OS_EventTaskWait                         0x08004161   Thumb Code   112  os_core.o(.text)
    OS_EventWaitListInit                     0x080041d1   Thumb Code    28  os_core.o(.text)
    OS_MemCopy                               0x080041ed   Thumb Code    20  os_core.o(.text)
    OS_TCBInit                               0x08004201   Thumb Code   352  os_core.o(.text)
    OSTaskChangePrio                         0x08004375   Thumb Code   344  os_task.o(.text)
    OSTaskCreate                             0x080044cd   Thumb Code   158  os_task.o(.text)
    OS_TaskStkClr                            0x0800456b   Thumb Code    26  os_task.o(.text)
    OSTaskCreateExt                          0x08004585   Thumb Code   180  os_task.o(.text)
    OSTaskDel                                0x08004639   Thumb Code   304  os_task.o(.text)
    OSTaskDelReq                             0x08004769   Thumb Code   154  os_task.o(.text)
    OSTaskNameGet                            0x08004803   Thumb Code   148  os_task.o(.text)
    OSTaskNameSet                            0x08004897   Thumb Code   160  os_task.o(.text)
    OSTaskResume                             0x08004937   Thumb Code   168  os_task.o(.text)
    OSTaskStkChk                             0x080049df   Thumb Code   150  os_task.o(.text)
    OSTaskSuspend                            0x08004a75   Thumb Code   172  os_task.o(.text)
    OSTaskQuery                              0x08004b21   Thumb Code   100  os_task.o(.text)
    OSTimeDly                                0x08004b9d   Thumb Code    96  os_time.o(.text)
    OSTimeDlyHMSM                            0x08004bfd   Thumb Code   160  os_time.o(.text)
    OSTimeDlyResume                          0x08004c9d   Thumb Code   176  os_time.o(.text)
    OSTimeGet                                0x08004d4d   Thumb Code    24  os_time.o(.text)
    OSTimeSet                                0x08004d65   Thumb Code    24  os_time.o(.text)
    OS_CPU_SR_Save                           0x08004d95   Thumb Code     0  os_cpu_a.o(.text)
    OS_CPU_SR_Restore                        0x08004d9d   Thumb Code     0  os_cpu_a.o(.text)
    OSStartHighRdy                           0x08004da3   Thumb Code     0  os_cpu_a.o(.text)
    OSCtxSw                                  0x08004dc3   Thumb Code     0  os_cpu_a.o(.text)
    OSIntCtxSw                               0x08004dcd   Thumb Code     0  os_cpu_a.o(.text)
    OS_CPU_PendSVHandler                     0x08004dd7   Thumb Code     0  os_cpu_a.o(.text)
    OSInitHookBegin                          0x08004e39   Thumb Code     2  os_cpu_c.o(.text)
    OSInitHookEnd                            0x08004e3b   Thumb Code     2  os_cpu_c.o(.text)
    OSTaskCreateHook                         0x08004e3d   Thumb Code     2  os_cpu_c.o(.text)
    OSTaskDelHook                            0x08004e3f   Thumb Code     2  os_cpu_c.o(.text)
    OSTaskIdleHook                           0x08004e41   Thumb Code     2  os_cpu_c.o(.text)
    OSTaskStatHook                           0x08004e43   Thumb Code     2  os_cpu_c.o(.text)
    OSTaskStkInit                            0x08004e45   Thumb Code   154  os_cpu_c.o(.text)
    OSTaskSwHook                             0x08004edf   Thumb Code     2  os_cpu_c.o(.text)
    OSTCBInitHook                            0x08004ee1   Thumb Code     2  os_cpu_c.o(.text)
    OSTimeTickHook                           0x08004ee3   Thumb Code     2  os_cpu_c.o(.text)
    __aeabi_fadd                             0x08004ee5   Thumb Code   164  fadd.o(.text)
    __aeabi_fsub                             0x08004f89   Thumb Code     6  fadd.o(.text)
    __aeabi_frsub                            0x08004f8f   Thumb Code     6  fadd.o(.text)
    __aeabi_fmul                             0x08004f95   Thumb Code   108  fmul.o(.text)
    __aeabi_i2f                              0x08005001   Thumb Code    18  fflti.o(.text)
    __aeabi_f2iz                             0x08005013   Thumb Code    50  ffixi.o(.text)
    __aeabi_f2uiz                            0x08005045   Thumb Code    40  ffixui.o(.text)
    __aeabi_f2d                              0x0800506d   Thumb Code    44  f2d.o(.text)
    __aeabi_cdcmpeq                          0x08005099   Thumb Code     0  cdcmple.o(.text)
    __aeabi_cdcmple                          0x08005099   Thumb Code    38  cdcmple.o(.text)
    __I$use$fp                               0x080050c1   Thumb Code     0  iusefp.o(.text)
    _float_round                             0x080050c1   Thumb Code    18  fepilogue.o(.text)
    _float_epilogue                          0x080050d3   Thumb Code    90  fepilogue.o(.text)
    __scatterload                            0x0800512d   Thumb Code    28  init.o(.text)
    __scatterload_rt2                        0x0800512d   Thumb Code     0  init.o(.text)
    __0printf$2                              0x08005151   Thumb Code    22  printf2.o(i.__0printf$2)
    __1printf$2                              0x08005151   Thumb Code     0  printf2.o(i.__0printf$2)
    __2printf                                0x08005151   Thumb Code     0  printf2.o(i.__0printf$2)
    __scatterload_copy                       0x08005171   Thumb Code    14  handlers.o(i.__scatterload_copy)
    __scatterload_null                       0x0800517f   Thumb Code     2  handlers.o(i.__scatterload_null)
    __scatterload_zeroinit                   0x08005181   Thumb Code    14  handlers.o(i.__scatterload_zeroinit)
    SystemFrequency                          0x08005260   Data           4  system_stm32f10x.o(.constdata)
    SystemFrequency_SysClk                   0x08005264   Data           4  system_stm32f10x.o(.constdata)
    SystemFrequency_AHBClk                   0x08005268   Data           4  system_stm32f10x.o(.constdata)
    SystemFrequency_APB1Clk                  0x0800526c   Data           4  system_stm32f10x.o(.constdata)
    SystemFrequency_APB2Clk                  0x08005270   Data           4  system_stm32f10x.o(.constdata)
    F6x8                                     0x08005274   Data         552  oled.o(.constdata)
    F8X16                                    0x0800549c   Data        1520  oled.o(.constdata)
    OSUnMapTbl                               0x08005a8c   Data         256  os_core.o(.constdata)
    Region$$Table$$Base                      0x08005b8c   Number         0  anon$$obj.o(Region$$Table)
    Region$$Table$$Limit                     0x08005bac   Number         0  anon$$obj.o(Region$$Table)
    SystemCoreClock                          0x20000014   Data           4  system_stm32f10x.o(.data)
    buff                                     0x2000001c   Data           5  usart1.o(.data)
    DHT11_Data                               0x20000021   Data           5  sensor.o(.data)
    OSCtxSwCtr                               0x20000028   Data           4  os_core.o(.data)
    OSEventFreeList                          0x2000002c   Data           4  os_core.o(.data)
    OSCPUUsage                               0x20000030   Data           1  os_core.o(.data)
    OSIdleCtrMax                             0x20000034   Data           4  os_core.o(.data)
    OSIdleCtrRun                             0x20000038   Data           4  os_core.o(.data)
    OSStatRdy                                0x2000003c   Data           1  os_core.o(.data)
    OSIntNesting                             0x2000003d   Data           1  os_core.o(.data)
    OSLockNesting                            0x2000003e   Data           1  os_core.o(.data)
    OSPrioCur                                0x2000003f   Data           1  os_core.o(.data)
    OSPrioHighRdy                            0x20000040   Data           1  os_core.o(.data)
    OSRdyGrp                                 0x20000041   Data           1  os_core.o(.data)
    OSRdyTbl                                 0x20000042   Data           4  os_core.o(.data)
    OSRunning                                0x20000046   Data           1  os_core.o(.data)
    OSTaskCtr                                0x20000047   Data           1  os_core.o(.data)
    OSIdleCtr                                0x20000048   Data           4  os_core.o(.data)
    OSTCBCur                                 0x2000004c   Data           4  os_core.o(.data)
    OSTCBFreeList                            0x20000050   Data           4  os_core.o(.data)
    OSTCBHighRdy                             0x20000054   Data           4  os_core.o(.data)
    OSTCBList                                0x20000058   Data           4  os_core.o(.data)
    OSTickStepState                          0x2000005c   Data           1  os_core.o(.data)
    OSTime                                   0x20000060   Data           4  os_core.o(.data)
    __stdout                                 0x20000064   Data           4  stdout.o(.data)
    startup_task_stk                         0x20000068   Data         320  main.o(.bss)
    task_led2_stk                            0x200001a8   Data         320  app.o(.bss)
    task_led3_stk                            0x200002e8   Data         320  app.o(.bss)
    task_led1_stk                            0x20000428   Data         320  app.o(.bss)
    task_ultrawaves_stk                      0x20000568   Data         320  app.o(.bss)
    task_OLED_stk                            0x200006a8   Data         600  app.o(.bss)
    task_Sensor_stk                          0x20000900   Data        2000  app.o(.bss)
    task_key_stk                             0x200010d0   Data         200  app.o(.bss)
    task_PWM_stk                             0x20001198   Data        1200  app.o(.bss)
    OSEventTbl                               0x20001648   Data         320  os_core.o(.bss)
    OSTaskStatStk                            0x20001788   Data         512  os_core.o(.bss)
    OSTaskIdleStk                            0x20001988   Data         512  os_core.o(.bss)
    OSTCBPrioTbl                             0x20001b88   Data         128  os_core.o(.bss)
    OSTCBTbl                                 0x20001c08   Data        1440  os_core.o(.bss)
    __initial_sp                             0x200023a8   Data           0  startup_stm32f10x_hd.o(STACK)



==============================================================================

Memory Map of the image

  Image Entry point : 0x08000147

  Load Region LR_1 (Base: 0x08000000, Size: 0x00005c14, Max: 0xffffffff, ABSOLUTE)

    Execution Region ER_RO (Base: 0x08000000, Size: 0x00005bac, Max: 0xffffffff, ABSOLUTE)

    Base Addr    Size         Type   Attr      Idx    E Section Name        Object

    0x08000000   0x00000130   Data   RO            3    RESET               startup_stm32f10x_hd.o
    0x08000130   0x00000000   Code   RO          505  * .ARM.Collect$$$$00000000  mc_w.l(entry.o)
    0x08000130   0x00000004   Code   RO          783    .ARM.Collect$$$$00000001  mc_w.l(entry2.o)
    0x08000134   0x00000004   Code   RO          786    .ARM.Collect$$$$00000004  mc_w.l(entry5.o)
    0x08000138   0x00000000   Code   RO          788    .ARM.Collect$$$$00000008  mc_w.l(entry7b.o)
    0x08000138   0x00000008   Code   RO          789    .ARM.Collect$$$$00000009  mc_w.l(entry8.o)
    0x08000140   0x00000004   Code   RO          784    .ARM.Collect$$$$00002712  mc_w.l(entry2.o)
    0x08000144   0x00000030   Code   RO            4  * .text               startup_stm32f10x_hd.o
    0x08000174   0x00000098   Code   RO           10    .text               main.o
    0x0800020c   0x00000040   Code   RO          117    .text               stm32f10x_it.o
    0x0800024c   0x0000032c   Code   RO          129    .text               stm32f10x_gpio.o
    0x08000578   0x0000039c   Code   RO          141    .text               stm32f10x_rcc.o
    0x08000914   0x00000b64   Code   RO          155    .text               stm32f10x_tim.o
    0x08001478   0x00000378   Code   RO          167    .text               stm32f10x_usart.o
    0x080017f0   0x000000dc   Code   RO          179    .text               misc.o
    0x080018cc   0x00000124   Code   RO          191    .text               stm32f10x_exti.o
    0x080019f0   0x00000124   Code   RO          213    .text               system_stm32f10x.o
    0x08001b14   0x00000178   Code   RO          232    .text               bsp.o
    0x08001c8c   0x00000060   Code   RO          253    .text               led.o
    0x08001cec   0x0000008c   Code   RO          265    .text               tim2.o
    0x08001d78   0x0000027c   Code   RO          277    .text               ultrasonicwave.o
    0x08001ff4   0x00000134   Code   RO          289    .text               usart1.o
    0x08002128   0x00001020   Code   RO          304    .text               oled.o
    0x08003148   0x00000354   Code   RO          319    .text               sensor.o
    0x0800349c   0x00000074   Code   RO          343    .text               key.o
    0x08003510   0x000001b8   Code   RO          355    .text               pwm.o
    0x080036c8   0x00000300   Code   RO          367    .text               app.o
    0x080039c8   0x000009ac   Code   RO          382    .text               os_core.o
    0x08004374   0x00000828   Code   RO          444    .text               os_task.o
    0x08004b9c   0x000001f8   Code   RO          456    .text               os_time.o
    0x08004d94   0x000000a4   Code   RO          474    .text               os_cpu_a.o
    0x08004e38   0x000000ac   Code   RO          477    .text               os_cpu_c.o
    0x08004ee4   0x000000b0   Code   RO          769    .text               mf_w.l(fadd.o)
    0x08004f94   0x0000006c   Code   RO          771    .text               mf_w.l(fmul.o)
    0x08005000   0x00000012   Code   RO          773    .text               mf_w.l(fflti.o)
    0x08005012   0x00000032   Code   RO          775    .text               mf_w.l(ffixi.o)
    0x08005044   0x00000028   Code   RO          777    .text               mf_w.l(ffixui.o)
    0x0800506c   0x0000002c   Code   RO          779    .text               mf_w.l(f2d.o)
    0x08005098   0x00000028   Code   RO          781    .text               mf_w.l(cdcmple.o)
    0x080050c0   0x00000000   Code   RO          795    .text               mc_w.l(iusefp.o)
    0x080050c0   0x0000006c   Code   RO          796    .text               mf_w.l(fepilogue.o)
    0x0800512c   0x00000024   Code   RO          808    .text               mc_w.l(init.o)
    0x08005150   0x00000020   Code   RO          575    i.__0printf$2       mc_w.l(printf2.o)
    0x08005170   0x0000000e   Code   RO          820    i.__scatterload_copy  mc_w.l(handlers.o)
    0x0800517e   0x00000002   Code   RO          821    i.__scatterload_null  mc_w.l(handlers.o)
    0x08005180   0x0000000e   Code   RO          822    i.__scatterload_zeroinit  mc_w.l(handlers.o)
    0x0800518e   0x000000d0   Code   RO          582    i._printf_core      mc_w.l(printf2.o)
    0x0800525e   0x00000002   PAD
    0x08005260   0x00000014   Data   RO          214    .constdata          system_stm32f10x.o
    0x08005274   0x00000818   Data   RO          305    .constdata          oled.o
    0x08005a8c   0x00000100   Data   RO          384    .constdata          os_core.o
    0x08005b8c   0x00000020   Data   RO          818    Region$$Table       anon$$obj.o


    Execution Region ER_RW (Base: 0x20000000, Size: 0x00000068, Max: 0xffffffff, ABSOLUTE)

    Base Addr    Size         Type   Attr      Idx    E Section Name        Object

    0x20000000   0x00000014   Data   RW          142    .data               stm32f10x_rcc.o
    0x20000014   0x00000004   Data   RW          215    .data               system_stm32f10x.o
    0x20000018   0x00000004   Data   RW          233    .data               bsp.o
    0x2000001c   0x00000005   Data   RW          290    .data               usart1.o
    0x20000021   0x00000005   Data   RW          320    .data               sensor.o
    0x20000026   0x00000002   PAD
    0x20000028   0x0000003c   Data   RW          385    .data               os_core.o
    0x20000064   0x00000004   Data   RW          790    .data               mc_w.l(stdout.o)


    Execution Region ER_ZI (Base: 0x20000068, Size: 0x00002340, Max: 0xffffffff, ABSOLUTE)

    Base Addr    Size         Type   Attr      Idx    E Section Name        Object

    0x20000068   0x00000140   Zero   RW           11    .bss                main.o
    0x200001a8   0x000014a0   Zero   RW          368    .bss                app.o
    0x20001648   0x00000b60   Zero   RW          383    .bss                os_core.o
    0x200021a8   0x00000200   Zero   RW            1    STACK               startup_stm32f10x_hd.o


==============================================================================

Image component sizes


      Code (inc. data)   RO Data    RW Data    ZI Data      Debug   Object Name

       768        280          0          0       5280       2655   app.o
       376         44          0          4          0      16648   bsp.o
       116          4          0          0          0        678   key.o
        96          8          0          0          0        494   led.o
       152        110          0          0        320     261962   main.o
       220         20          0          0          0       1717   misc.o
      4128         64       2072          0          0      13179   oled.o
      2476        240        256         60       2912      16448   os_core.o
       164         32          0          0          0        312   os_cpu_a.o
       172          0          0          0          0      10757   os_cpu_c.o
      2088         66          0          0          0       7157   os_task.o
       504         24          0          0          0       1946   os_time.o
       440         28          0          0          0       1028   pwm.o
       852         48          0          5          0       4698   sensor.o
        48         12        304          0        512        876   startup_stm32f10x_hd.o
       292         10          0          0          0       2127   stm32f10x_exti.o
       812         18          0          0          0       5175   stm32f10x_gpio.o
        64          0          0          0          0       1403   stm32f10x_it.o
       924         44          0         20          0       8800   stm32f10x_rcc.o
      2916         16          0          0          0      24556   stm32f10x_tim.o
       888         14          0          0          0       7823   stm32f10x_usart.o
       292         18         20          4          0       1697   system_stm32f10x.o
       140          0          0          0          0        941   tim2.o
       636         40          0          0          0       3314   ultrasonicwave.o
       308         18          0          5          0       2034   usart1.o

    ----------------------------------------------------------------------
     19872       1158       2684        100       9024     398425   Object Totals
         0          0         32          0          0          0   (incl. Generated)
         0          0          0          2          0          0   (incl. Padding)

    ----------------------------------------------------------------------

      Code (inc. data)   RO Data    RW Data    ZI Data      Debug   Library Member Name

         0          0          0          0          0          0   entry.o
         8          4          0          0          0          0   entry2.o
         4          0          0          0          0          0   entry5.o
         0          0          0          0          0          0   entry7b.o
         8          4          0          0          0          0   entry8.o
        30          0          0          0          0          0   handlers.o
        36          8          0          0          0         68   init.o
         0          0          0          0          0          0   iusefp.o
       240         10          0          0          0        176   printf2.o
         0          0          0          4          0          0   stdout.o
        40          2          0          0          0         68   cdcmple.o
        44          0          0          0          0         68   f2d.o
       176          0          0          0          0        140   fadd.o
       108          0          0          0          0        168   fepilogue.o
        50          0          0          0          0         68   ffixi.o
        40          0          0          0          0         68   ffixui.o
        18          0          0          0          0         68   fflti.o
       108          0          0          0          0         76   fmul.o

    ----------------------------------------------------------------------
       912         28          0          4          0        968   Library Totals
         2          0          0          0          0          0   (incl. Padding)

    ----------------------------------------------------------------------

      Code (inc. data)   RO Data    RW Data    ZI Data      Debug   Library Name

       326         26          0          4          0        244   mc_w.l
       584          2          0          0          0        724   mf_w.l

    ----------------------------------------------------------------------
       912         28          0          4          0        968   Library Totals

    ----------------------------------------------------------------------

==============================================================================


      Code (inc. data)   RO Data    RW Data    ZI Data      Debug   

     20784       1186       2684        104       9024     396949   Grand Totals
     20784       1186       2684        104       9024     396949   ELF Image Totals
     20784       1186       2684        104          0          0   ROM Totals

==============================================================================

    Total RO  Size (Code + RO Data)                23468 (  22.92kB)
    Total RW  Size (RW Data + ZI Data)              9128 (   8.91kB)
    Total ROM Size (Code + RO Data + RW Data)      23572 (  23.02kB)

==============================================================================

